 Nuance

 Timestamp is 469d4bc1 (Tue Jul 17 18:07:45 2007)

 Preferred load address is 00400000

 Start         Length     Name                   Class
 0001:00000000 0010e24bH .text                   CODE
 0001:0010e250 000019bcH .text$x                 CODE
 0001:0010fc10 00001023H .text$yc                CODE
 0001:00110c40 0000103aH .text$yd                CODE
 0002:00000000 00000104H .CRT$XCA                DATA
 0002:00000104 00000104H .CRT$XCC                DATA
 0002:00000208 00000104H .CRT$XCZ                DATA
 0002:0000030c 00000104H .CRT$XIA                DATA
 0002:00000410 00000118H .CRT$XIC                DATA
 0002:00000528 00000104H .CRT$XIY                DATA
 0002:0000062c 00000104H .CRT$XIZ                DATA
 0002:00000730 00000104H .CRT$XPA                DATA
 0002:00000834 00000109H .CRT$XPX                DATA
 0002:00000940 00000104H .CRT$XPXA               DATA
 0002:00000a44 00000104H .CRT$XPZ                DATA
 0002:00000b48 00000104H .CRT$XTA                DATA
 0002:00000c4c 00000104H .CRT$XTZ                DATA
 0002:00000d50 00015642H .rdata                  DATA
 0002:00016394 0000014bH .rdata$debug            DATA
 0002:000164e0 000006c5H .rdata$r                DATA
 0002:00016bb0 00000229H .rdata$sxdata           DATA
 0002:00016ddc 00000104H .rtc$IAA                DATA
 0002:00016ee0 00000241H .rtc$IMZ                DATA
 0002:00017124 00000104H .rtc$IZZ                DATA
 0002:00017228 00000104H .rtc$TAA                DATA
 0002:0001732c 00000241H .rtc$TMZ                DATA
 0002:00017570 00000104H .rtc$TZZ                DATA
 0002:00017678 000022c4H .xdata$x                DATA
 0002:0001993c 00000000H .edata                  DATA
 0003:00000000 000048c0H .data                   DATA
 0003:000048c0 00005430H .bss                    DATA
 0004:00000000 000000a0H .idata$2                DATA
 0004:000000a0 00000014H .idata$3                DATA
 0004:000000b4 00000530H .idata$4                DATA
 0004:000005e4 00000530H .idata$5                DATA
 0004:00000b14 000011bfH .idata$6                DATA
 0005:00000000 000003a9H .rsrc$01                DATA
 0005:000003b0 0002cca6H .rsrc$02                DATA

  Address         Publics by Value              Rva+Base       Lib:Object

 0000:00000000       __except_list              00000000     <absolute>
 0000:0000003e       ___safe_se_handler_count   0000003e     <absolute>
 0000:00000000       ___ImageBase               00400000     <linker-defined>
 0001:00004b10       ?AudioMute@@YAXPAVMPE@@@Z  00405b10 f   audio.obj
 0001:00004b30       ?AudioReset@@YAXPAVMPE@@@Z 00405b30 f   audio.obj
 0001:00004b60       ?AudioQuerySampleRates@@YAXPAVMPE@@@Z 00405b60 f   audio.obj
 0001:00004b80       ?AudioSetSampleRate@@YAXPAVMPE@@@Z 00405b80 f   audio.obj
 0001:00004cc0       ?AudioQueryChannelMode@@YAXPAVMPE@@@Z 00405cc0 f   audio.obj
 0001:00004ce0       ?AudioSetChannelMode@@YAXPAVMPE@@@Z 00405ce0 f   audio.obj
 0001:00004d80       ?AudioSetDMABuffer@@YAXPAVMPE@@@Z 00405d80 f   audio.obj
 0001:00004e90       ?BDMA_Type12_Write_0@@YAXPAVMPE@@IIIII@Z 00405e90 f   bdma_type12.obj
 0001:00005590       ?BDMA_Type12_Write_1@@YAXPAVMPE@@IIIII@Z 00406590 f   bdma_type12.obj
 0001:000055a0       ?BDMA_Type12_Write_2@@YAXPAVMPE@@IIIII@Z 004065a0 f   bdma_type12.obj
 0001:000055b0       ?BDMA_Type12_Write_3@@YAXPAVMPE@@IIIII@Z 004065b0 f   bdma_type12.obj
 0001:000055c0       ?BDMA_Type12_Write_4@@YAXPAVMPE@@IIIII@Z 004065c0 f   bdma_type12.obj
 0001:000055d0       ?BDMA_Type12_Write_5@@YAXPAVMPE@@IIIII@Z 004065d0 f   bdma_type12.obj
 0001:000055e0       ?BDMA_Type12_Write_6@@YAXPAVMPE@@IIIII@Z 004065e0 f   bdma_type12.obj
 0001:000055f0       ?BDMA_Type12_Write_7@@YAXPAVMPE@@IIIII@Z 004065f0 f   bdma_type12.obj
 0001:00005600       ?BDMA_Type12_Read_0@@YAXPAVMPE@@IIIII@Z 00406600 f   bdma_type12.obj
 0001:00005aa0       ?BDMA_Type12_Read_1@@YAXPAVMPE@@IIIII@Z 00406aa0 f   bdma_type12.obj
 0001:00005ab0       ?BDMA_Type12_Read_2@@YAXPAVMPE@@IIIII@Z 00406ab0 f   bdma_type12.obj
 0001:00005ac0       ?BDMA_Type12_Read_3@@YAXPAVMPE@@IIIII@Z 00406ac0 f   bdma_type12.obj
 0001:00005ad0       ?BDMA_Type12_Read_4@@YAXPAVMPE@@IIIII@Z 00406ad0 f   bdma_type12.obj
 0001:00005ae0       ?BDMA_Type12_Read_5@@YAXPAVMPE@@IIIII@Z 00406ae0 f   bdma_type12.obj
 0001:00005af0       ?BDMA_Type12_Read_6@@YAXPAVMPE@@IIIII@Z 00406af0 f   bdma_type12.obj
 0001:00005b00       ?BDMA_Type12_Read_7@@YAXPAVMPE@@IIIII@Z 00406b00 f   bdma_type12.obj
 0001:00005e30       ?BDMA_Type5_Write_0@@YAXPAVMPE@@IIIII@Z 00406e30 f   bdma_type5.obj
 0001:000065f0       ?BDMA_Type5_Write_1@@YAXPAVMPE@@IIIII@Z 004075f0 f   bdma_type5.obj
 0001:00006600       ?BDMA_Type5_Write_2@@YAXPAVMPE@@IIIII@Z 00407600 f   bdma_type5.obj
 0001:00006610       ?BDMA_Type5_Write_3@@YAXPAVMPE@@IIIII@Z 00407610 f   bdma_type5.obj
 0001:00006620       ?BDMA_Type5_Write_4@@YAXPAVMPE@@IIIII@Z 00407620 f   bdma_type5.obj
 0001:00006630       ?BDMA_Type5_Write_5@@YAXPAVMPE@@IIIII@Z 00407630 f   bdma_type5.obj
 0001:00006640       ?BDMA_Type5_Write_6@@YAXPAVMPE@@IIIII@Z 00407640 f   bdma_type5.obj
 0001:00006650       ?BDMA_Type5_Write_7@@YAXPAVMPE@@IIIII@Z 00407650 f   bdma_type5.obj
 0001:00006660       ?BDMA_Type5_Read_0@@YAXPAVMPE@@IIIII@Z 00407660 f   bdma_type5.obj
 0001:00006b00       ?BDMA_Type5_Read_1@@YAXPAVMPE@@IIIII@Z 00407b00 f   bdma_type5.obj
 0001:00006b10       ?BDMA_Type5_Read_2@@YAXPAVMPE@@IIIII@Z 00407b10 f   bdma_type5.obj
 0001:00006b20       ?BDMA_Type5_Read_3@@YAXPAVMPE@@IIIII@Z 00407b20 f   bdma_type5.obj
 0001:00006b30       ?BDMA_Type5_Read_4@@YAXPAVMPE@@IIIII@Z 00407b30 f   bdma_type5.obj
 0001:00006b40       ?BDMA_Type5_Read_5@@YAXPAVMPE@@IIIII@Z 00407b40 f   bdma_type5.obj
 0001:00006b50       ?BDMA_Type5_Read_6@@YAXPAVMPE@@IIIII@Z 00407b50 f   bdma_type5.obj
 0001:00006b60       ?BDMA_Type5_Read_7@@YAXPAVMPE@@IIIII@Z 00407b60 f   bdma_type5.obj
 0001:00006ec0       ?BDMA_Type8_Write_0@@YAXPAVMPE@@IIIII@Z 00407ec0 f   bdma_type8.obj
 0001:00007380       ?BDMA_Type8_Write_1@@YAXPAVMPE@@IIIII@Z 00408380 f   bdma_type8.obj
 0001:00007390       ?BDMA_Type8_Write_2@@YAXPAVMPE@@IIIII@Z 00408390 f   bdma_type8.obj
 0001:000073a0       ?BDMA_Type8_Write_3@@YAXPAVMPE@@IIIII@Z 004083a0 f   bdma_type8.obj
 0001:000073b0       ?BDMA_Type8_Write_4@@YAXPAVMPE@@IIIII@Z 004083b0 f   bdma_type8.obj
 0001:000073c0       ?BDMA_Type8_Write_5@@YAXPAVMPE@@IIIII@Z 004083c0 f   bdma_type8.obj
 0001:000073d0       ?BDMA_Type8_Write_6@@YAXPAVMPE@@IIIII@Z 004083d0 f   bdma_type8.obj
 0001:000073e0       ?BDMA_Type8_Write_7@@YAXPAVMPE@@IIIII@Z 004083e0 f   bdma_type8.obj
 0001:000073f0       ?BDMA_Type8_Read_0@@YAXPAVMPE@@IIIII@Z 004083f0 f   bdma_type8.obj
 0001:00007400       ?BDMA_Type8_Read_1@@YAXPAVMPE@@IIIII@Z 00408400 f   bdma_type8.obj
 0001:00007410       ?BDMA_Type8_Read_2@@YAXPAVMPE@@IIIII@Z 00408410 f   bdma_type8.obj
 0001:00007420       ?BDMA_Type8_Read_3@@YAXPAVMPE@@IIIII@Z 00408420 f   bdma_type8.obj
 0001:00007430       ?BDMA_Type8_Read_4@@YAXPAVMPE@@IIIII@Z 00408430 f   bdma_type8.obj
 0001:00007440       ?BDMA_Type8_Read_5@@YAXPAVMPE@@IIIII@Z 00408440 f   bdma_type8.obj
 0001:00007450       ?BDMA_Type8_Read_6@@YAXPAVMPE@@IIIII@Z 00408450 f   bdma_type8.obj
 0001:00007460       ?BDMA_Type8_Read_7@@YAXPAVMPE@@IIIII@Z 00408460 f   bdma_type8.obj
 0001:000075d0       ?BDMA_Type9_Write_0@@YAXPAVMPE@@IIIII@Z 004085d0 f   bdma_type9.obj
 0001:00007d00       ?BDMA_Type9_Write_1@@YAXPAVMPE@@IIIII@Z 00408d00 f   bdma_type9.obj
 0001:00007d10       ?BDMA_Type9_Write_2@@YAXPAVMPE@@IIIII@Z 00408d10 f   bdma_type9.obj
 0001:00007d20       ?BDMA_Type9_Write_3@@YAXPAVMPE@@IIIII@Z 00408d20 f   bdma_type9.obj
 0001:00007d30       ?BDMA_Type9_Write_4@@YAXPAVMPE@@IIIII@Z 00408d30 f   bdma_type9.obj
 0001:00007d40       ?BDMA_Type9_Write_5@@YAXPAVMPE@@IIIII@Z 00408d40 f   bdma_type9.obj
 0001:00007d50       ?BDMA_Type9_Write_6@@YAXPAVMPE@@IIIII@Z 00408d50 f   bdma_type9.obj
 0001:00007d60       ?BDMA_Type9_Write_7@@YAXPAVMPE@@IIIII@Z 00408d60 f   bdma_type9.obj
 0001:00007d70       ?BDMA_Type9_Read_0@@YAXPAVMPE@@IIIII@Z 00408d70 f   bdma_type9.obj
 0001:00007d80       ?BDMA_Type9_Read_1@@YAXPAVMPE@@IIIII@Z 00408d80 f   bdma_type9.obj
 0001:00007d90       ?BDMA_Type9_Read_2@@YAXPAVMPE@@IIIII@Z 00408d90 f   bdma_type9.obj
 0001:00007da0       ?BDMA_Type9_Read_3@@YAXPAVMPE@@IIIII@Z 00408da0 f   bdma_type9.obj
 0001:00007db0       ?BDMA_Type9_Read_4@@YAXPAVMPE@@IIIII@Z 00408db0 f   bdma_type9.obj
 0001:00007dc0       ?BDMA_Type9_Read_5@@YAXPAVMPE@@IIIII@Z 00408dc0 f   bdma_type9.obj
 0001:00007dd0       ?BDMA_Type9_Read_6@@YAXPAVMPE@@IIIII@Z 00408dd0 f   bdma_type9.obj
 0001:00007de0       ?BDMA_Type9_Read_7@@YAXPAVMPE@@IIIII@Z 00408de0 f   bdma_type9.obj
 0001:00007ff0       ?UnimplementedFileHandler@@YAXPAVMPE@@@Z 00408ff0 f   bios.obj
 0001:00008000       ?UnimplementedMediaHandler@@YAXPAVMPE@@@Z 00409000 f   bios.obj
 0001:00008030       ?UnimplementedCacheHandler@@YAXPAVMPE@@@Z 00409030 f   bios.obj
 0001:00008040       ?UnimplementedCommHandler@@YAXPAVMPE@@@Z 00409040 f   bios.obj
 0001:00008070       ?NullBiosHandler@@YAXPAVMPE@@@Z 00409070 f   bios.obj
 0001:00008080       ?AssemblyBiosHandler@@YAXPAVMPE@@@Z 00409080 f   bios.obj
 0001:00008090       ?SetISRExitHook@@YAXPAVMPE@@@Z 00409090 f   bios.obj
 0001:00008110       ?InstallCommHandler@@YA_NPAVMPE@@IPAI1@Z 00409110 f   bios.obj
 0001:000082b0       ?IntGetVector@@YAXPAVMPE@@@Z 004092b0 f   bios.obj
 0001:00008320       ?IntSetVector@@YAXPAVMPE@@@Z 00409320 f   bios.obj
 0001:000084b0       ?BiosExit@@YAXPAVMPE@@@Z   004094b0 f   bios.obj
 0001:000084e0       ?PatchJumptable@@YAIII@Z   004094e0 f   bios.obj
 0001:00008660       ?PatchJumptable@@YAXPAVMPE@@@Z 00409660 f   bios.obj
 0001:000086b0       ?BiosGetInfo@@YAXPAVMPE@@@Z 004096b0 f   bios.obj
 0001:000086c0       ?BiosPauseMsg@@YAXPAVMPE@@@Z 004096c0 f   bios.obj
 0001:00008730       ?BiosPoll@@YAXPAVMPE@@@Z   00409730 f   bios.obj
 0001:00008740       ?InitBios@@YAXPAVMPE@@@Z   00409740 f   bios.obj
 0001:00008a80       ?KPrintf@@YAXPAVMPE@@@Z    00409a80 f   bios.obj
 0001:00008de0       ?Halt@MPE@@QAEXXZ          00409de0 f i bios.obj
 0001:00008e10       ?SwapWordBytes@@YIXPAG@Z   00409e10 f   byteswap.obj
 0001:00008e40       ?SwapScalarBytes@@YIXPAI@Z 00409e40 f   byteswap.obj
 0001:00008e70       ?SwapShortVectorBytes@@YIXPAG@Z 00409e70 f   byteswap.obj
 0001:00008ec0       ?SwapVectorBytes@@YIXPAI@Z 00409ec0 f   byteswap.obj
 0001:00008f40       ?LoadCoffFile@MPE@@QAE_NPAD_NH@Z 00409f40 f   coff.obj
 0001:00009710       ?DoCommBusController@@YAXXZ 0040a710 f   comm.obj
 0001:00009d70       ?TriggerInterrupt@MPE@@QAEXI@Z 0040ad70 f i comm.obj
 0001:00009dc0       ?DecodeInstruction_ALU16@MPE@@QAEXPAEPAVInstructionCacheEntry@@PAI@Z 0040adc0 f   DecodeALU.obj
 0001:0000a7c0       ?DecodeInstruction_ALU32@MPE@@QAEXPAEPAVInstructionCacheEntry@@PAI@Z 0040b7c0 f   DecodeALU.obj
 0001:0000e390       ?DecodeInstruction_ECU16@MPE@@QAEXPAEPAVInstructionCacheEntry@@PAI@Z 0040f390 f   DecodeECU.obj
 0001:0000e870       ?DecodeInstruction_ECU32@MPE@@QAEXPAEPAVInstructionCacheEntry@@PAI@Z 0040f870 f   DecodeECU.obj
 0001:0000f210       ?DecodeInstruction_MEM16@MPE@@QAEXPAEPAVInstructionCacheEntry@@PAI@Z 00410210 f   DecodeMEM.obj
 0001:0000f9a0       ?DecodeInstruction_MEM32@MPE@@QAEXPAEPAVInstructionCacheEntry@@PAI@Z 004109a0 f   DecodeMEM.obj
 0001:00011690       ?GetControlRegisterInputDependencies@MPE@@QAEIIAA_N@Z 00412690 f   DecodeMEM.obj
 0001:000118d0       ?GetControlRegisterOutputDependencies@MPE@@QAEIIAA_N@Z 004128d0 f   DecodeMEM.obj
 0001:00012390       ?DecodeInstruction_MUL16@MPE@@QAEXPAEPAVInstructionCacheEntry@@PAI@Z 00413390 f   DecodeMUL.obj
 0001:00012520       ?DecodeInstruction_MUL32@MPE@@QAEXPAEPAVInstructionCacheEntry@@PAI@Z 00413520 f   DecodeMUL.obj
 0001:000134a0       ?DecodeInstruction_RCU16@MPE@@QAEXPAEPAVInstructionCacheEntry@@PAI@Z 004144a0 f   DecodeRCU.obj
 0001:00013bb0       ?UnimplementedBilinearDMAHandler@@YAXPAVMPE@@IIIII@Z 00414bb0 f   dma.obj
 0001:00013bc0       ?DMALinear@@YAXPAVMPE@@III@Z 00414bc0 f   dma.obj
 0001:00014710       ?DMALinear@@YAXPAVMPE@@@Z  00415710 f   dma.obj
 0001:00014790       ?DMABiLinear@@YAXPAVMPE@@IIIII@Z 00415790 f   dma.obj
 0001:00016180       ?DMABiLinear@@YAXPAVMPE@@@Z 00417180 f   dma.obj
 0001:00016230       ?DMADo@@YAXPAVMPE@@@Z      00417230 f   dma.obj
 0001:000164a0       ?DMAWait@@YAXPAVMPE@@@Z    004174a0 f   dma.obj
 0001:00016ef0       ?Emit_ABS@@YAXPAVEmitterVariables@@AAVNuance@@@Z 00417ef0 f   EmitALU.obj
 0001:00017280       ?Emit_BITSScalar@@YAXPAVEmitterVariables@@AAVNuance@@@Z 00418280 f   EmitALU.obj
 0001:00017500       ?Emit_BITSImmediate@@YAXPAVEmitterVariables@@AAVNuance@@@Z 00418500 f   EmitALU.obj
 0001:00017730       ?Emit_BTST@@YAXPAVEmitterVariables@@AAVNuance@@@Z 00418730 f   EmitALU.obj
 0001:000178c0       ?Emit_BUTT@@YAXPAVEmitterVariables@@AAVNuance@@@Z 004188c0 f   EmitALU.obj
 0001:00017be0       ?Emit_COPY@@YAXPAVEmitterVariables@@AAVNuance@@@Z 00418be0 f   EmitALU.obj
 0001:00017e00       ?Emit_MSB@@YAXPAVEmitterVariables@@AAVNuance@@@Z 00418e00 f   EmitALU.obj
 0001:000181f0       ?Emit_SAT@@YAXPAVEmitterVariables@@AAVNuance@@@Z 004191f0 f   EmitALU.obj
 0001:00018470       ?Emit_ADD_SV@@YAXPAVEmitterVariables@@AAVNuance@@@Z 00419470 f   EmitALU.obj
 0001:00018900       ?Emit_ADD_P@@YAXPAVEmitterVariables@@AAVNuance@@@Z 00419900 f   EmitALU.obj
 0001:00018ba0       ?Emit_SUB_SV@@YAXPAVEmitterVariables@@AAVNuance@@@Z 00419ba0 f   EmitALU.obj
 0001:000190c0       ?Emit_SUB_P@@YAXPAVEmitterVariables@@AAVNuance@@@Z 0041a0c0 f   EmitALU.obj
 0001:000193d0       ?Emit_ANDScalar@@YAXPAVEmitterVariables@@AAVNuance@@@Z 0041a3d0 f   EmitALU.obj
 0001:00019620       ?Emit_ANDImmediate@@YAXPAVEmitterVariables@@AAVNuance@@@Z 0041a620 f   EmitALU.obj
 0001:00019840       ?Emit_ANDImmediateShiftScalar@@YAXPAVEmitterVariables@@AAVNuance@@@Z 0041a840 f   EmitALU.obj
 0001:00019b60       ?Emit_ANDScalarShiftScalar@@YAXPAVEmitterVariables@@AAVNuance@@@Z 0041ab60 f   EmitALU.obj
 0001:00019eb0       ?Emit_ANDScalarRotateScalar@@YAXPAVEmitterVariables@@AAVNuance@@@Z 0041aeb0 f   EmitALU.obj
 0001:0001a200       ?Emit_ANDScalarShiftLeftImmediate@@YAXPAVEmitterVariables@@AAVNuance@@@Z 0041b200 f   EmitALU.obj
 0001:0001a440       ?Emit_ANDScalarShiftRightImmediate@@YAXPAVEmitterVariables@@AAVNuance@@@Z 0041b440 f   EmitALU.obj
 0001:0001a680       ?Emit_FTSTImmediate@@YAXPAVEmitterVariables@@AAVNuance@@@Z 0041b680 f   EmitALU.obj
 0001:0001a890       ?Emit_FTSTScalar@@YAXPAVEmitterVariables@@AAVNuance@@@Z 0041b890 f   EmitALU.obj
 0001:0001aaa0       ?Emit_FTSTImmediateShiftScalar@@YAXPAVEmitterVariables@@AAVNuance@@@Z 0041baa0 f   EmitALU.obj
 0001:0001ada0       ?Emit_FTSTScalarShiftScalar@@YAXPAVEmitterVariables@@AAVNuance@@@Z 0041bda0 f   EmitALU.obj
 0001:0001b0d0       ?Emit_FTSTScalarRotateScalar@@YAXPAVEmitterVariables@@AAVNuance@@@Z 0041c0d0 f   EmitALU.obj
 0001:0001b400       ?Emit_FTSTScalarShiftLeftImmediate@@YAXPAVEmitterVariables@@AAVNuance@@@Z 0041c400 f   EmitALU.obj
 0001:0001b620       ?Emit_FTSTScalarShiftRightImmediate@@YAXPAVEmitterVariables@@AAVNuance@@@Z 0041c620 f   EmitALU.obj
 0001:0001b840       ?Emit_ORImmediate@@YAXPAVEmitterVariables@@AAVNuance@@@Z 0041c840 f   EmitALU.obj
 0001:0001ba60       ?Emit_ORScalar@@YAXPAVEmitterVariables@@AAVNuance@@@Z 0041ca60 f   EmitALU.obj
 0001:0001bcb0       ?Emit_ORImmediateShiftScalar@@YAXPAVEmitterVariables@@AAVNuance@@@Z 0041ccb0 f   EmitALU.obj
 0001:0001bfd0       ?Emit_ORScalarShiftScalar@@YAXPAVEmitterVariables@@AAVNuance@@@Z 0041cfd0 f   EmitALU.obj
 0001:0001c320       ?Emit_ORScalarRotateScalar@@YAXPAVEmitterVariables@@AAVNuance@@@Z 0041d320 f   EmitALU.obj
 0001:0001c670       ?Emit_ORScalarShiftLeftImmediate@@YAXPAVEmitterVariables@@AAVNuance@@@Z 0041d670 f   EmitALU.obj
 0001:0001c8b0       ?Emit_ORScalarShiftRightImmediate@@YAXPAVEmitterVariables@@AAVNuance@@@Z 0041d8b0 f   EmitALU.obj
 0001:0001caf0       ?Emit_EORImmediate@@YAXPAVEmitterVariables@@AAVNuance@@@Z 0041daf0 f   EmitALU.obj
 0001:0001cd10       ?Emit_EORScalar@@YAXPAVEmitterVariables@@AAVNuance@@@Z 0041dd10 f   EmitALU.obj
 0001:0001cf60       ?Emit_EORImmediateShiftScalar@@YAXPAVEmitterVariables@@AAVNuance@@@Z 0041df60 f   EmitALU.obj
 0001:0001d280       ?Emit_EORScalarShiftScalar@@YAXPAVEmitterVariables@@AAVNuance@@@Z 0041e280 f   EmitALU.obj
 0001:0001d5d0       ?Emit_EORScalarRotateScalar@@YAXPAVEmitterVariables@@AAVNuance@@@Z 0041e5d0 f   EmitALU.obj
 0001:0001d920       ?Emit_EORScalarShiftLeftImmediate@@YAXPAVEmitterVariables@@AAVNuance@@@Z 0041e920 f   EmitALU.obj
 0001:0001db60       ?Emit_EORScalarShiftRightImmediate@@YAXPAVEmitterVariables@@AAVNuance@@@Z 0041eb60 f   EmitALU.obj
 0001:0001dda0       ?Emit_ADDImmediate@@YAXPAVEmitterVariables@@AAVNuance@@@Z 0041eda0 f   EmitALU.obj
 0001:0001e030       ?Emit_ADDScalar@@YAXPAVEmitterVariables@@AAVNuance@@@Z 0041f030 f   EmitALU.obj
 0001:0001e2f0       ?Emit_ADDScalarShiftLeftImmediate@@YAXPAVEmitterVariables@@AAVNuance@@@Z 0041f2f0 f   EmitALU.obj
 0001:0001e5c0       ?Emit_ADDScalarShiftRightImmediate@@YAXPAVEmitterVariables@@AAVNuance@@@Z 0041f5c0 f   EmitALU.obj
 0001:0001e890       ?Emit_SUBImmediate@@YAXPAVEmitterVariables@@AAVNuance@@@Z 0041f890 f   EmitALU.obj
 0001:0001eb20       ?Emit_SUBScalar@@YAXPAVEmitterVariables@@AAVNuance@@@Z 0041fb20 f   EmitALU.obj
 0001:0001ede0       ?Emit_SUBImmediateReverse@@YAXPAVEmitterVariables@@AAVNuance@@@Z 0041fde0 f   EmitALU.obj
 0001:0001f070       ?Emit_SUBScalarShiftLeftImmediate@@YAXPAVEmitterVariables@@AAVNuance@@@Z 00420070 f   EmitALU.obj
 0001:0001f340       ?Emit_SUBScalarShiftRightImmediate@@YAXPAVEmitterVariables@@AAVNuance@@@Z 00420340 f   EmitALU.obj
 0001:0001f610       ?Emit_CMPImmediate@@YAXPAVEmitterVariables@@AAVNuance@@@Z 00420610 f   EmitALU.obj
 0001:0001f880       ?Emit_CMPScalar@@YAXPAVEmitterVariables@@AAVNuance@@@Z 00420880 f   EmitALU.obj
 0001:0001fb10       ?Emit_CMPImmediateReverse@@YAXPAVEmitterVariables@@AAVNuance@@@Z 00420b10 f   EmitALU.obj
 0001:0001fd80       ?Emit_CMPScalarShiftLeftImmediate@@YAXPAVEmitterVariables@@AAVNuance@@@Z 00420d80 f   EmitALU.obj
 0001:00020030       ?Emit_CMPScalarShiftRightImmediate@@YAXPAVEmitterVariables@@AAVNuance@@@Z 00421030 f   EmitALU.obj
 0001:000202e0       ?Emit_ROT@@YAXPAVEmitterVariables@@AAVNuance@@@Z 004212e0 f   EmitALU.obj
 0001:00020600       ?Emit_ROL@@YAXPAVEmitterVariables@@AAVNuance@@@Z 00421600 f   EmitALU.obj
 0001:00020810       ?Emit_ROR@@YAXPAVEmitterVariables@@AAVNuance@@@Z 00421810 f   EmitALU.obj
 0001:00020a20       ?Emit_AS@@YAXPAVEmitterVariables@@AAVNuance@@@Z 00421a20 f   EmitALU.obj
 0001:00020df0       ?Emit_ASL@@YAXPAVEmitterVariables@@AAVNuance@@@Z 00421df0 f   EmitALU.obj
 0001:00021060       ?Emit_ASR@@YAXPAVEmitterVariables@@AAVNuance@@@Z 00422060 f   EmitALU.obj
 0001:000212d0       ?Emit_LS@@YAXPAVEmitterVariables@@AAVNuance@@@Z 004222d0 f   EmitALU.obj
 0001:000216a0       ?Emit_LSR@@YAXPAVEmitterVariables@@AAVNuance@@@Z 004226a0 f   EmitALU.obj
 0001:00021910       ?Emit_ADDWCImmediate@@YAXPAVEmitterVariables@@AAVNuance@@@Z 00422910 f   EmitALU.obj
 0001:00021bd0       ?Emit_ADDWCScalar@@YAXPAVEmitterVariables@@AAVNuance@@@Z 00422bd0 f   EmitALU.obj
 0001:00021ec0       ?Emit_ADDWCScalarShiftLeftImmediate@@YAXPAVEmitterVariables@@AAVNuance@@@Z 00422ec0 f   EmitALU.obj
 0001:000221c0       ?Emit_ADDWCScalarShiftRightImmediate@@YAXPAVEmitterVariables@@AAVNuance@@@Z 004231c0 f   EmitALU.obj
 0001:000224c0       ?Emit_SUBWCImmediate@@YAXPAVEmitterVariables@@AAVNuance@@@Z 004234c0 f   EmitALU.obj
 0001:00022780       ?Emit_SUBWCImmediateReverse@@YAXPAVEmitterVariables@@AAVNuance@@@Z 00423780 f   EmitALU.obj
 0001:00022a40       ?Emit_SUBWCScalar@@YAXPAVEmitterVariables@@AAVNuance@@@Z 00423a40 f   EmitALU.obj
 0001:00022d30       ?Emit_SUBWCScalarShiftLeftImmediate@@YAXPAVEmitterVariables@@AAVNuance@@@Z 00423d30 f   EmitALU.obj
 0001:00023030       ?Emit_SUBWCScalarShiftRightImmediate@@YAXPAVEmitterVariables@@AAVNuance@@@Z 00424030 f   EmitALU.obj
 0001:00023330       ?Emit_CMPWCImmediate@@YAXPAVEmitterVariables@@AAVNuance@@@Z 00424330 f   EmitALU.obj
 0001:000235d0       ?Emit_CMPWCImmediateReverse@@YAXPAVEmitterVariables@@AAVNuance@@@Z 004245d0 f   EmitALU.obj
 0001:00023870       ?Emit_CMPWCScalar@@YAXPAVEmitterVariables@@AAVNuance@@@Z 00424870 f   EmitALU.obj
 0001:00023b40       ?Emit_CMPWCScalarShiftLeftImmediate@@YAXPAVEmitterVariables@@AAVNuance@@@Z 00424b40 f   EmitALU.obj
 0001:00023e20       ?Emit_CMPWCScalarShiftRightImmediate@@YAXPAVEmitterVariables@@AAVNuance@@@Z 00424e20 f   EmitALU.obj
 0001:00027580       ?GetScalarRegReadBaseReg@@YA?AW4x86BaseReg@@PAVEmitterVariables@@I@Z 00428580 f i EmitALU.obj
 0001:000275b0       ?GetScalarRegWriteBaseReg@@YA?AW4x86BaseReg@@PAVEmitterVariables@@I@Z 004285b0 f i EmitALU.obj
 0001:000275c0       ?GetMiscRegReadBaseReg@@YA?AW4x86BaseReg@@PAVEmitterVariables@@I@Z 004285c0 f i EmitALU.obj
 0001:00027620       ?GetMiscRegWriteBaseReg@@YA?AW4x86BaseReg@@PAVEmitterVariables@@I@Z 00428620 f i EmitALU.obj
 0001:00027630       ?GetMiscRegEmitDisp@@YAHPAVEmitterVariables@@I@Z 00428630 f i EmitALU.obj
 0001:00027640       ?GetScalarRegEmitDisp@@YAHPAVEmitterVariables@@I@Z 00428640 f i EmitALU.obj
 0001:00027660       ?Reset@PatchManager@@QAEXXZ 00428660 f i EmitALU.obj
 0001:000276a0       ?SetLabelPointer@PatchManager@@QAEXIPAE@Z 004286a0 f i EmitALU.obj
 0001:000276f0       ?GetEmitLoc@EmitterVariables@@QAEPAEXZ 004286f0 f i EmitALU.obj
 0001:00027710       ?EmitConditionCheck@@YAXPAVEmitterVariables@@III@Z 00428710 f   EmitECU.obj
 0001:00027e80       ?Emit_BRAAlways@@YAXPAVEmitterVariables@@AAVNuance@@@Z 00428e80 f   EmitECU.obj
 0001:00027fa0       ?Emit_BRAAlways_NOP@@YAXPAVEmitterVariables@@AAVNuance@@@Z 00428fa0 f   EmitECU.obj
 0001:000280d0       ?Emit_BRAConditional@@YAXPAVEmitterVariables@@AAVNuance@@@Z 004290d0 f   EmitECU.obj
 0001:00028210       ?Emit_BRAConditional_NOP@@YAXPAVEmitterVariables@@AAVNuance@@@Z 00429210 f   EmitECU.obj
 0001:00028350       ?Emit_JMPAlwaysIndirect@@YAXPAVEmitterVariables@@AAVNuance@@@Z 00429350 f   EmitECU.obj
 0001:00028490       ?Emit_JMPAlwaysIndirect_NOP@@YAXPAVEmitterVariables@@AAVNuance@@@Z 00429490 f   EmitECU.obj
 0001:000285d0       ?Emit_JMPConditionalIndirect@@YAXPAVEmitterVariables@@AAVNuance@@@Z 004295d0 f   EmitECU.obj
 0001:00028740       ?Emit_JMPConditionalIndirect_NOP@@YAXPAVEmitterVariables@@AAVNuance@@@Z 00429740 f   EmitECU.obj
 0001:000288c0       ?Emit_JSRAlways@@YAXPAVEmitterVariables@@AAVNuance@@@Z 004298c0 f   EmitECU.obj
 0001:00028a00       ?Emit_JSRAlways_NOP@@YAXPAVEmitterVariables@@AAVNuance@@@Z 00429a00 f   EmitECU.obj
 0001:00028b50       ?Emit_JSRConditional@@YAXPAVEmitterVariables@@AAVNuance@@@Z 00429b50 f   EmitECU.obj
 0001:00028cd0       ?Emit_JSRConditional_NOP@@YAXPAVEmitterVariables@@AAVNuance@@@Z 00429cd0 f   EmitECU.obj
 0001:00028e60       ?Emit_JSRAlwaysIndirect@@YAXPAVEmitterVariables@@AAVNuance@@@Z 00429e60 f   EmitECU.obj
 0001:00028fe0       ?Emit_JSRAlwaysIndirect_NOP@@YAXPAVEmitterVariables@@AAVNuance@@@Z 00429fe0 f   EmitECU.obj
 0001:00029170       ?Emit_JSRConditionalIndirect@@YAXPAVEmitterVariables@@AAVNuance@@@Z 0042a170 f   EmitECU.obj
 0001:00029330       ?Emit_JSRConditionalIndirect_NOP@@YAXPAVEmitterVariables@@AAVNuance@@@Z 0042a330 f   EmitECU.obj
 0001:00029500       ?Emit_RTSAlways@@YAXPAVEmitterVariables@@AAVNuance@@@Z 0042a500 f   EmitECU.obj
 0001:00029630       ?Emit_RTSAlways_NOP@@YAXPAVEmitterVariables@@AAVNuance@@@Z 0042a630 f   EmitECU.obj
 0001:00029770       ?Emit_RTSConditional@@YAXPAVEmitterVariables@@AAVNuance@@@Z 0042a770 f   EmitECU.obj
 0001:000298e0       ?Emit_RTSConditional_NOP@@YAXPAVEmitterVariables@@AAVNuance@@@Z 0042a8e0 f   EmitECU.obj
 0001:00029a60       ?Emit_RTI1Conditional@@YAXPAVEmitterVariables@@AAVNuance@@@Z 0042aa60 f   EmitECU.obj
 0001:00029c00       ?Emit_RTI1Conditional_NOP@@YAXPAVEmitterVariables@@AAVNuance@@@Z 0042ac00 f   EmitECU.obj
 0001:00029da0       ?Emit_RTI2Conditional@@YAXPAVEmitterVariables@@AAVNuance@@@Z 0042ada0 f   EmitECU.obj
 0001:00029f40       ?Emit_RTI2Conditional_NOP@@YAXPAVEmitterVariables@@AAVNuance@@@Z 0042af40 f   EmitECU.obj
 0001:0002ab60       ?Emit_Mirror@@YAXPAVEmitterVariables@@AAVNuance@@@Z 0042bb60 f   EmitMEM.obj
 0001:0002add0       ?Emit_MV_SImmediate@@YAXPAVEmitterVariables@@AAVNuance@@@Z 0042bdd0 f   EmitMEM.obj
 0001:0002ae60       ?Emit_MV_SScalar@@YAXPAVEmitterVariables@@AAVNuance@@@Z 0042be60 f   EmitMEM.obj
 0001:0002af30       ?Emit_MV_V@@YAXPAVEmitterVariables@@AAVNuance@@@Z 0042bf30 f   EmitMEM.obj
 0001:0002b170       ?Emit_LoadByteAbsolute@@YAXPAVEmitterVariables@@AAVNuance@@@Z 0042c170 f   EmitMEM.obj
 0001:0002b220       ?Emit_LoadByteLinear@@YAXPAVEmitterVariables@@AAVNuance@@@Z 0042c220 f   EmitMEM.obj
 0001:0002b4c0       ?Emit_LoadByteBilinearXY@@YAXPAVEmitterVariables@@AAVNuance@@@Z 0042c4c0 f   EmitMEM.obj
 0001:0002b7a0       ?Emit_LoadByteBilinearUV@@YAXPAVEmitterVariables@@AAVNuance@@@Z 0042c7a0 f   EmitMEM.obj
 0001:0002ba80       ?Emit_LoadWordAbsolute@@YAXPAVEmitterVariables@@AAVNuance@@@Z 0042ca80 f   EmitMEM.obj
 0001:0002bb30       ?Emit_LoadWordLinear@@YAXPAVEmitterVariables@@AAVNuance@@@Z 0042cb30 f   EmitMEM.obj
 0001:0002bde0       ?Emit_LoadWordBilinearXY@@YAXPAVEmitterVariables@@AAVNuance@@@Z 0042cde0 f   EmitMEM.obj
 0001:0002c0d0       ?Emit_LoadWordBilinearUV@@YAXPAVEmitterVariables@@AAVNuance@@@Z 0042d0d0 f   EmitMEM.obj
 0001:0002c3c0       ?Emit_LoadScalarAbsolute@@YAXPAVEmitterVariables@@AAVNuance@@@Z 0042d3c0 f   EmitMEM.obj
 0001:0002c470       ?Emit_LoadScalarControlRegisterAbsolute@@YAXPAVEmitterVariables@@AAVNuance@@@Z 0042d470 f   EmitMEM.obj
 0001:0002c510       ?Emit_LoadScalarLinear@@YAXPAVEmitterVariables@@AAVNuance@@@Z 0042d510 f   EmitMEM.obj
 0001:0002c720       ?Emit_LoadScalarBilinearXY@@YAXPAVEmitterVariables@@AAVNuance@@@Z 0042d720 f   EmitMEM.obj
 0001:0002c980       ?Emit_LoadScalarBilinearUV@@YAXPAVEmitterVariables@@AAVNuance@@@Z 0042d980 f   EmitMEM.obj
 0001:0002cbe0       ?Emit_LoadShortVectorAbsolute@@YAXPAVEmitterVariables@@AAVNuance@@@Z 0042dbe0 f   EmitMEM.obj
 0001:0002cda0       ?Emit_LoadShortVectorLinear@@YAXPAVEmitterVariables@@AAVNuance@@@Z 0042dda0 f   EmitMEM.obj
 0001:0002cff0       ?Emit_LoadShortVectorBilinearXY@@YAXPAVEmitterVariables@@AAVNuance@@@Z 0042dff0 f   EmitMEM.obj
 0001:0002d360       ?Emit_LoadShortVectorBilinearUV@@YAXPAVEmitterVariables@@AAVNuance@@@Z 0042e360 f   EmitMEM.obj
 0001:0002d6d0       ?Emit_LoadVectorAbsolute@@YAXPAVEmitterVariables@@AAVNuance@@@Z 0042e6d0 f   EmitMEM.obj
 0001:0002d840       ?Emit_LoadVectorLinear@@YAXPAVEmitterVariables@@AAVNuance@@@Z 0042e840 f   EmitMEM.obj
 0001:0002db20       ?Emit_LoadVectorBilinearXY@@YAXPAVEmitterVariables@@AAVNuance@@@Z 0042eb20 f   EmitMEM.obj
 0001:0002de30       ?Emit_LoadVectorBilinearUV@@YAXPAVEmitterVariables@@AAVNuance@@@Z 0042ee30 f   EmitMEM.obj
 0001:0002e140       ?Emit_LoadPixelAbsolute@@YAXPAVEmitterVariables@@AAVNuance@@@Z 0042f140 f   EmitMEM.obj
 0001:0002e260       ?Emit_LoadPixelZAbsolute@@YAXPAVEmitterVariables@@AAVNuance@@@Z 0042f260 f   EmitMEM.obj
 0001:0002e380       ?Emit_LoadPixelLinear@@YAXPAVEmitterVariables@@AAVNuance@@@Z 0042f380 f   EmitMEM.obj
 0001:0002e550       ?Emit_LoadPixelZLinear@@YAXPAVEmitterVariables@@AAVNuance@@@Z 0042f550 f   EmitMEM.obj
 0001:0002e720       ?Emit_LoadPixelBilinearUV@@YAXPAVEmitterVariables@@AAVNuance@@@Z 0042f720 f   EmitMEM.obj
 0001:0002e9d0       ?Emit_LoadPixelZBilinearUV@@YAXPAVEmitterVariables@@AAVNuance@@@Z 0042f9d0 f   EmitMEM.obj
 0001:0002ec80       ?Emit_LoadPixelBilinearXY@@YAXPAVEmitterVariables@@AAVNuance@@@Z 0042fc80 f   EmitMEM.obj
 0001:0002ef30       ?Emit_LoadPixelZBilinearXY@@YAXPAVEmitterVariables@@AAVNuance@@@Z 0042ff30 f   EmitMEM.obj
 0001:0002f1e0       ?Emit_StoreScalarImmediate@@YAXPAVEmitterVariables@@AAVNuance@@@Z 004301e0 f   EmitMEM.obj
 0001:0002f270       ?Emit_StoreScalarControlRegisterImmediate@@YAXPAVEmitterVariables@@AAVNuance@@@Z 00430270 f   EmitMEM.obj
 0001:0002f2c0       ?Emit_StoreScalarControlRegisterAbsolute@@YAXPAVEmitterVariables@@AAVNuance@@@Z 004302c0 f   EmitMEM.obj
 0001:0002f350       ?Emit_StoreScalarAbsolute@@YAXPAVEmitterVariables@@AAVNuance@@@Z 00430350 f   EmitMEM.obj
 0001:0002f3f0       ?Emit_StoreScalarLinear@@YAXPAVEmitterVariables@@AAVNuance@@@Z 004303f0 f   EmitMEM.obj
 0001:0002f600       ?Emit_StoreScalarBilinearXY@@YAXPAVEmitterVariables@@AAVNuance@@@Z 00430600 f   EmitMEM.obj
 0001:0002f860       ?Emit_StoreScalarBilinearUV@@YAXPAVEmitterVariables@@AAVNuance@@@Z 00430860 f   EmitMEM.obj
 0001:0002fac0       ?Emit_StoreShortVectorAbsolute@@YAXPAVEmitterVariables@@AAVNuance@@@Z 00430ac0 f   EmitMEM.obj
 0001:0002fc70       ?Emit_StoreShortVectorLinear@@YAXPAVEmitterVariables@@AAVNuance@@@Z 00430c70 f   EmitMEM.obj
 0001:0002fec0       ?Emit_StoreShortVectorBilinearXY@@YAXPAVEmitterVariables@@AAVNuance@@@Z 00430ec0 f   EmitMEM.obj
 0001:00030210       ?Emit_StoreShortVectorBilinearUV@@YAXPAVEmitterVariables@@AAVNuance@@@Z 00431210 f   EmitMEM.obj
 0001:00030560       ?Emit_StoreVectorAbsolute@@YAXPAVEmitterVariables@@AAVNuance@@@Z 00431560 f   EmitMEM.obj
 0001:00030710       ?Emit_StoreVectorLinear@@YAXPAVEmitterVariables@@AAVNuance@@@Z 00431710 f   EmitMEM.obj
 0001:00030a10       ?Emit_StorePixelAbsolute@@YAXPAVEmitterVariables@@AAVNuance@@@Z 00431a10 f   EmitMEM.obj
 0001:00030b30       ?Emit_StoreVectorBilinearXY@@YAXPAVEmitterVariables@@AAVNuance@@@Z 00431b30 f   EmitMEM.obj
 0001:00030e80       ?Emit_StoreVectorBilinearUV@@YAXPAVEmitterVariables@@AAVNuance@@@Z 00431e80 f   EmitMEM.obj
 0001:000311d0       ?Emit_StorePixelZAbsolute@@YAXPAVEmitterVariables@@AAVNuance@@@Z 004321d0 f   EmitMEM.obj
 0001:000312f0       ?Emit_StorePixelLinear@@YAXPAVEmitterVariables@@AAVNuance@@@Z 004322f0 f   EmitMEM.obj
 0001:00031490       ?Emit_StorePixelZLinear@@YAXPAVEmitterVariables@@AAVNuance@@@Z 00432490 f   EmitMEM.obj
 0001:000316e0       ?Emit_StorePixelBilinearUV@@YAXPAVEmitterVariables@@AAVNuance@@@Z 004326e0 f   EmitMEM.obj
 0001:00031960       ?Emit_StorePixelZBilinearUV@@YAXPAVEmitterVariables@@AAVNuance@@@Z 00432960 f   EmitMEM.obj
 0001:00031be0       ?Emit_StorePixelBilinearXY@@YAXPAVEmitterVariables@@AAVNuance@@@Z 00432be0 f   EmitMEM.obj
 0001:00031e60       ?Emit_StorePixelZBilinearXY@@YAXPAVEmitterVariables@@AAVNuance@@@Z 00432e60 f   EmitMEM.obj
 0001:000320e0       ?Emit_PushVector@@YAXPAVEmitterVariables@@AAVNuance@@@Z 004330e0 f   EmitMEM.obj
 0001:000322f0       ?Emit_PushVectorRz@@YAXPAVEmitterVariables@@AAVNuance@@@Z 004332f0 f   EmitMEM.obj
 0001:00032510       ?Emit_PushScalarRzi1@@YAXPAVEmitterVariables@@AAVNuance@@@Z 00433510 f   EmitMEM.obj
 0001:00032740       ?Emit_PushScalarRzi2@@YAXPAVEmitterVariables@@AAVNuance@@@Z 00433740 f   EmitMEM.obj
 0001:00032970       ?Emit_PopVector@@YAXPAVEmitterVariables@@AAVNuance@@@Z 00433970 f   EmitMEM.obj
 0001:00032b50       ?Emit_PopVectorRz@@YAXPAVEmitterVariables@@AAVNuance@@@Z 00433b50 f   EmitMEM.obj
 0001:00032d40       ?Emit_PopScalarRzi1@@YAXPAVEmitterVariables@@AAVNuance@@@Z 00433d40 f   EmitMEM.obj
 0001:00032f80       ?Emit_PopScalarRzi2@@YAXPAVEmitterVariables@@AAVNuance@@@Z 00433f80 f   EmitMEM.obj
 0001:000331c0       ?EmitControlRegisterLoad@@YAXPAVEmitterVariables@@IW4x86Reg@@@Z 004341c0 f   EmitMEM.obj
 0001:00033810       ?EmitControlRegisterStore@@YAXPAVEmitterVariables@@IW4x86Reg@@@Z 00434810 f   EmitMEM.obj
 0001:00034170       ?EmitControlRegisterStoreImmediate@@YAXPAVEmitterVariables@@II@Z 00435170 f   EmitMEM.obj
 0001:00036fa0       ?GetEmitPointer@NativeCodeCache@@QAEPAEXZ 00437fa0 f i EmitMEM.obj
 0001:00036fc0       ?GetBasePointer@FlashEEPROM@@QAEPAEXZ 00437fc0 f i EmitMEM.obj
 0001:00036fe0       ?Emit_NOP@@YAXPAVEmitterVariables@@AAVNuance@@@Z 00437fe0 f   EmitMisc.obj
 0001:00036ff0       ?Emit_ExitBlock@@YAXPAVEmitterVariables@@@Z 00437ff0 f   EmitMisc.obj
 0001:00037030       ?Emit_SaveRegs@@YAXPAVEmitterVariables@@AAVNuance@@@Z 00438030 f   EmitMisc.obj
 0001:000372d0       ?Emit_StoreScalarRegisterConstant@@YAXPAVEmitterVariables@@AAVNuance@@@Z 004382d0 f   EmitMisc.obj
 0001:000373e0       ?Emit_StoreMiscRegisterConstant@@YAXPAVEmitterVariables@@AAVNuance@@@Z 004383e0 f   EmitMisc.obj
 0001:00037680       ?Emit_ADDM@@YAXPAVEmitterVariables@@AAVNuance@@@Z 00438680 f   EmitMUL.obj
 0001:000377a0       ?Emit_ADDMImmediate@@YAXPAVEmitterVariables@@AAVNuance@@@Z 004387a0 f   EmitMUL.obj
 0001:00037880       ?Emit_SUBM@@YAXPAVEmitterVariables@@AAVNuance@@@Z 00438880 f   EmitMUL.obj
 0001:000379c0       ?Emit_SUBMImmediateReverse@@YAXPAVEmitterVariables@@AAVNuance@@@Z 004389c0 f   EmitMUL.obj
 0001:00037aa0       ?Emit_MULScalarShiftAcshift@@YAXPAVEmitterVariables@@AAVNuance@@@Z 00438aa0 f   EmitMUL.obj
 0001:00037fb0       ?Emit_MULScalarShiftRightImmediate@@YAXPAVEmitterVariables@@AAVNuance@@@Z 00438fb0 f   EmitMUL.obj
 0001:00038250       ?Emit_MULScalarShiftLeftImmediate@@YAXPAVEmitterVariables@@AAVNuance@@@Z 00439250 f   EmitMUL.obj
 0001:000384f0       ?Emit_MULImmediateShiftAcshift@@YAXPAVEmitterVariables@@AAVNuance@@@Z 004394f0 f   EmitMUL.obj
 0001:000389c0       ?Emit_MULScalarShiftScalar@@YAXPAVEmitterVariables@@AAVNuance@@@Z 004399c0 f   EmitMUL.obj
 0001:00038ed0       ?Emit_MULImmediateShiftScalar@@YAXPAVEmitterVariables@@AAVNuance@@@Z 00439ed0 f   EmitMUL.obj
 0001:000393e0       ?Emit_MULImmediateShiftRightImmediate@@YAXPAVEmitterVariables@@AAVNuance@@@Z 0043a3e0 f   EmitMUL.obj
 0001:00039650       ?Emit_MULImmediateShiftLeftImmediate@@YAXPAVEmitterVariables@@AAVNuance@@@Z 0043a650 f   EmitMUL.obj
 0001:000398d0       ?Emit_MUL_SVImmediateShiftImmediate@@YAXPAVEmitterVariables@@AAVNuance@@@Z 0043a8d0 f   EmitMUL.obj
 0001:00039b60       ?Emit_MUL_SVScalarShiftImmediate@@YAXPAVEmitterVariables@@AAVNuance@@@Z 0043ab60 f   EmitMUL.obj
 0001:00039e30       ?Emit_MUL_SVScalarShiftSvshift@@YAXPAVEmitterVariables@@AAVNuance@@@Z 0043ae30 f   EmitMUL.obj
 0001:0003a160       ?Emit_MUL_SVRuShiftImmediate@@YAXPAVEmitterVariables@@AAVNuance@@@Z 0043b160 f   EmitMUL.obj
 0001:0003a4a0       ?Emit_MUL_SVRuShiftSvshift@@YAXPAVEmitterVariables@@AAVNuance@@@Z 0043b4a0 f   EmitMUL.obj
 0001:0003a840       ?Emit_MUL_SVRvShiftImmediate@@YAXPAVEmitterVariables@@AAVNuance@@@Z 0043b840 f   EmitMUL.obj
 0001:0003ab80       ?Emit_MUL_SVRvShiftSvshift@@YAXPAVEmitterVariables@@AAVNuance@@@Z 0043bb80 f   EmitMUL.obj
 0001:0003af20       ?Emit_MUL_SVVectorShiftImmediate@@YAXPAVEmitterVariables@@AAVNuance@@@Z 0043bf20 f   EmitMUL.obj
 0001:0003b320       ?Emit_MUL_SVVectorShiftSvshift@@YAXPAVEmitterVariables@@AAVNuance@@@Z 0043c320 f   EmitMUL.obj
 0001:0003b740       ?Emit_MUL_PImmediateShiftImmediate@@YAXPAVEmitterVariables@@AAVNuance@@@Z 0043c740 f   EmitMUL.obj
 0001:0003b960       ?Emit_MUL_PScalarShiftImmediate@@YAXPAVEmitterVariables@@AAVNuance@@@Z 0043c960 f   EmitMUL.obj
 0001:0003bbb0       ?Emit_MUL_PScalarShiftSvshift@@YAXPAVEmitterVariables@@AAVNuance@@@Z 0043cbb0 f   EmitMUL.obj
 0001:0003be50       ?Emit_MUL_PRuShiftImmediate@@YAXPAVEmitterVariables@@AAVNuance@@@Z 0043ce50 f   EmitMUL.obj
 0001:0003c110       ?Emit_MUL_PRuShiftSvshift@@YAXPAVEmitterVariables@@AAVNuance@@@Z 0043d110 f   EmitMUL.obj
 0001:0003c420       ?Emit_MUL_PRvShiftImmediate@@YAXPAVEmitterVariables@@AAVNuance@@@Z 0043d420 f   EmitMUL.obj
 0001:0003c6e0       ?Emit_MUL_PRvShiftSvshift@@YAXPAVEmitterVariables@@AAVNuance@@@Z 0043d6e0 f   EmitMUL.obj
 0001:0003ca00       ?Emit_MUL_PVectorShiftImmediate@@YAXPAVEmitterVariables@@AAVNuance@@@Z 0043da00 f   EmitMUL.obj
 0001:0003ccf0       ?Emit_MUL_PVectorShiftSvshift@@YAXPAVEmitterVariables@@AAVNuance@@@Z 0043dcf0 f   EmitMUL.obj
 0001:0003d010       ?Emit_DOTPScalarShiftImmediate@@YAXPAVEmitterVariables@@AAVNuance@@@Z 0043e010 f   EmitMUL.obj
 0001:0003d280       ?Emit_DOTPScalarShiftSvshift@@YAXPAVEmitterVariables@@AAVNuance@@@Z 0043e280 f   EmitMUL.obj
 0001:0003d550       ?Emit_DOTPVectorShiftImmediate@@YAXPAVEmitterVariables@@AAVNuance@@@Z 0043e550 f   EmitMUL.obj
 0001:0003d890       ?Emit_DOTPVectorShiftSvshift@@YAXPAVEmitterVariables@@AAVNuance@@@Z 0043e890 f   EmitMUL.obj
 0001:0003f5a0       ?Emit_DECRc0@@YAXPAVEmitterVariables@@AAVNuance@@@Z 004405a0 f   EmitRCU.obj
 0001:0003f720       ?Emit_DECRc1@@YAXPAVEmitterVariables@@AAVNuance@@@Z 00440720 f   EmitRCU.obj
 0001:0003f8a0       ?Emit_DECBoth@@YAXPAVEmitterVariables@@AAVNuance@@@Z 004408a0 f   EmitRCU.obj
 0001:0003f990       ?Emit_DEC@@YAXPAVEmitterVariables@@AAVNuance@@@Z 00440990 f   EmitRCU.obj
 0001:0003f9e0       ?Emit_ADDRImmediateOnly@@YAXPAVEmitterVariables@@AAVNuance@@@Z 004409e0 f   EmitRCU.obj
 0001:0003faa0       ?Emit_ADDRImmediate@@YAXPAVEmitterVariables@@AAVNuance@@@Z 00440aa0 f   EmitRCU.obj
 0001:0003fad0       ?Emit_ADDRScalarOnly@@YAXPAVEmitterVariables@@AAVNuance@@@Z 00440ad0 f   EmitRCU.obj
 0001:0003fbd0       ?Emit_ADDRScalar@@YAXPAVEmitterVariables@@AAVNuance@@@Z 00440bd0 f   EmitRCU.obj
 0001:0003fc00       ?Emit_MVRImmediateOnly@@YAXPAVEmitterVariables@@AAVNuance@@@Z 00440c00 f   EmitRCU.obj
 0001:0003fc90       ?Emit_MVRImmediate@@YAXPAVEmitterVariables@@AAVNuance@@@Z 00440c90 f   EmitRCU.obj
 0001:0003fcc0       ?Emit_MVRScalarOnly@@YAXPAVEmitterVariables@@AAVNuance@@@Z 00440cc0 f   EmitRCU.obj
 0001:0003fd90       ?Emit_MVRScalar@@YAXPAVEmitterVariables@@AAVNuance@@@Z 00440d90 f   EmitRCU.obj
 0001:0003fdc0       ?Emit_RangeOnly@@YAXPAVEmitterVariables@@AAVNuance@@@Z 00440dc0 f   EmitRCU.obj
 0001:000401a0       ?Emit_Range@@YAXPAVEmitterVariables@@AAVNuance@@@Z 004411a0 f   EmitRCU.obj
 0001:000401d0       ?Emit_ModuloOnly@@YAXPAVEmitterVariables@@AAVNuance@@@Z 004411d0 f   EmitRCU.obj
 0001:00040270       ?Emit_Modulo@@YAXPAVEmitterVariables@@AAVNuance@@@Z 00441270 f   EmitRCU.obj
 0001:000405e0       ?Execute_ABS@@YAXAAVMPE@@AAVInstructionCacheEntry@@AAVNuance@@@Z 004415e0 f   ExecuteALU.obj
 0001:00040690       ?Execute_BITSScalar@@YAXAAVMPE@@AAVInstructionCacheEntry@@AAVNuance@@@Z 00441690 f   ExecuteALU.obj
 0001:00040730       ?Execute_BITSImmediate@@YAXAAVMPE@@AAVInstructionCacheEntry@@AAVNuance@@@Z 00441730 f   ExecuteALU.obj
 0001:000407c0       ?Execute_BTST@@YAXAAVMPE@@AAVInstructionCacheEntry@@AAVNuance@@@Z 004417c0 f   ExecuteALU.obj
 0001:00040810       ?Execute_BUTT@@YAXAAVMPE@@AAVInstructionCacheEntry@@AAVNuance@@@Z 00441810 f   ExecuteALU.obj
 0001:00040980       ?Execute_COPY@@YAXAAVMPE@@AAVInstructionCacheEntry@@AAVNuance@@@Z 00441980 f   ExecuteALU.obj
 0001:00040a00       ?Execute_MSB@@YAXAAVMPE@@AAVInstructionCacheEntry@@AAVNuance@@@Z 00441a00 f   ExecuteALU.obj
 0001:00040b30       ?Execute_SAT@@YAXAAVMPE@@AAVInstructionCacheEntry@@AAVNuance@@@Z 00441b30 f   ExecuteALU.obj
 0001:00040c20       ?Execute_AS@@YAXAAVMPE@@AAVInstructionCacheEntry@@AAVNuance@@@Z 00441c20 f   ExecuteALU.obj
 0001:00040d90       ?Execute_ASL@@YAXAAVMPE@@AAVInstructionCacheEntry@@AAVNuance@@@Z 00441d90 f   ExecuteALU.obj
 0001:00040e50       ?Execute_ASR@@YAXAAVMPE@@AAVInstructionCacheEntry@@AAVNuance@@@Z 00441e50 f   ExecuteALU.obj
 0001:00040f00       ?Execute_LS@@YAXAAVMPE@@AAVInstructionCacheEntry@@AAVNuance@@@Z 00441f00 f   ExecuteALU.obj
 0001:00041070       ?Execute_LSR@@YAXAAVMPE@@AAVInstructionCacheEntry@@AAVNuance@@@Z 00442070 f   ExecuteALU.obj
 0001:00041120       ?Execute_ROT@@YAXAAVMPE@@AAVInstructionCacheEntry@@AAVNuance@@@Z 00442120 f   ExecuteALU.obj
 0001:00041260       ?Execute_ROL@@YAXAAVMPE@@AAVInstructionCacheEntry@@AAVNuance@@@Z 00442260 f   ExecuteALU.obj
 0001:00041310       ?Execute_ROR@@YAXAAVMPE@@AAVInstructionCacheEntry@@AAVNuance@@@Z 00442310 f   ExecuteALU.obj
 0001:000413c0       ?Execute_ADD_P@@YAXAAVMPE@@AAVInstructionCacheEntry@@AAVNuance@@@Z 004423c0 f   ExecuteALU.obj
 0001:00041490       ?Execute_SUB_P@@YAXAAVMPE@@AAVInstructionCacheEntry@@AAVNuance@@@Z 00442490 f   ExecuteALU.obj
 0001:00041560       ?Execute_ADD_SV@@YAXAAVMPE@@AAVInstructionCacheEntry@@AAVNuance@@@Z 00442560 f   ExecuteALU.obj
 0001:00041660       ?Execute_SUB_SV@@YAXAAVMPE@@AAVInstructionCacheEntry@@AAVNuance@@@Z 00442660 f   ExecuteALU.obj
 0001:00041760       ?Execute_ADDImmediate@@YAXAAVMPE@@AAVInstructionCacheEntry@@AAVNuance@@@Z 00442760 f   ExecuteALU.obj
 0001:000418a0       ?Execute_ADDScalar@@YAXAAVMPE@@AAVInstructionCacheEntry@@AAVNuance@@@Z 004428a0 f   ExecuteALU.obj
 0001:000419f0       ?Execute_ADDScalarShiftRightImmediate@@YAXAAVMPE@@AAVInstructionCacheEntry@@AAVNuance@@@Z 004429f0 f   ExecuteALU.obj
 0001:00041b40       ?Execute_ADDScalarShiftLeftImmediate@@YAXAAVMPE@@AAVInstructionCacheEntry@@AAVNuance@@@Z 00442b40 f   ExecuteALU.obj
 0001:00041c90       ?Execute_SUBImmediate@@YAXAAVMPE@@AAVInstructionCacheEntry@@AAVNuance@@@Z 00442c90 f   ExecuteALU.obj
 0001:00041dd0       ?Execute_SUBImmediateReverse@@YAXAAVMPE@@AAVInstructionCacheEntry@@AAVNuance@@@Z 00442dd0 f   ExecuteALU.obj
 0001:00041f10       ?Execute_SUBScalar@@YAXAAVMPE@@AAVInstructionCacheEntry@@AAVNuance@@@Z 00442f10 f   ExecuteALU.obj
 0001:00042060       ?Execute_SUBScalarShiftRightImmediate@@YAXAAVMPE@@AAVInstructionCacheEntry@@AAVNuance@@@Z 00443060 f   ExecuteALU.obj
 0001:000421b0       ?Execute_SUBScalarShiftLeftImmediate@@YAXAAVMPE@@AAVInstructionCacheEntry@@AAVNuance@@@Z 004431b0 f   ExecuteALU.obj
 0001:00042300       ?Execute_CMPImmediate@@YAXAAVMPE@@AAVInstructionCacheEntry@@AAVNuance@@@Z 00443300 f   ExecuteALU.obj
 0001:00042430       ?Execute_CMPImmediateReverse@@YAXAAVMPE@@AAVInstructionCacheEntry@@AAVNuance@@@Z 00443430 f   ExecuteALU.obj
 0001:00042560       ?Execute_CMPScalar@@YAXAAVMPE@@AAVInstructionCacheEntry@@AAVNuance@@@Z 00443560 f   ExecuteALU.obj
 0001:000426a0       ?Execute_CMPScalarShiftRightImmediate@@YAXAAVMPE@@AAVInstructionCacheEntry@@AAVNuance@@@Z 004436a0 f   ExecuteALU.obj
 0001:000427e0       ?Execute_CMPScalarShiftLeftImmediate@@YAXAAVMPE@@AAVInstructionCacheEntry@@AAVNuance@@@Z 004437e0 f   ExecuteALU.obj
 0001:00042920       ?Execute_ANDImmediate@@YAXAAVMPE@@AAVInstructionCacheEntry@@AAVNuance@@@Z 00443920 f   ExecuteALU.obj
 0001:000429c0       ?Execute_ANDScalar@@YAXAAVMPE@@AAVInstructionCacheEntry@@AAVNuance@@@Z 004439c0 f   ExecuteALU.obj
 0001:00042a70       ?Execute_ANDImmediateShiftScalar@@YAXAAVMPE@@AAVInstructionCacheEntry@@AAVNuance@@@Z 00443a70 f   ExecuteALU.obj
 0001:00042b50       ?Execute_ANDScalarShiftRightImmediate@@YAXAAVMPE@@AAVInstructionCacheEntry@@AAVNuance@@@Z 00443b50 f   ExecuteALU.obj
 0001:00042c10       ?Execute_ANDScalarShiftLeftImmediate@@YAXAAVMPE@@AAVInstructionCacheEntry@@AAVNuance@@@Z 00443c10 f   ExecuteALU.obj
 0001:00042cd0       ?Execute_ANDScalarShiftScalar@@YAXAAVMPE@@AAVInstructionCacheEntry@@AAVNuance@@@Z 00443cd0 f   ExecuteALU.obj
 0001:00042dc0       ?Execute_ANDScalarRotateScalar@@YAXAAVMPE@@AAVInstructionCacheEntry@@AAVNuance@@@Z 00443dc0 f   ExecuteALU.obj
 0001:00042ec0       ?Execute_FTSTImmediate@@YAXAAVMPE@@AAVInstructionCacheEntry@@AAVNuance@@@Z 00443ec0 f   ExecuteALU.obj
 0001:00042f50       ?Execute_FTSTScalar@@YAXAAVMPE@@AAVInstructionCacheEntry@@AAVNuance@@@Z 00443f50 f   ExecuteALU.obj
 0001:00042ff0       ?Execute_FTSTImmediateShiftScalar@@YAXAAVMPE@@AAVInstructionCacheEntry@@AAVNuance@@@Z 00443ff0 f   ExecuteALU.obj
 0001:000430c0       ?Execute_FTSTScalarShiftRightImmediate@@YAXAAVMPE@@AAVInstructionCacheEntry@@AAVNuance@@@Z 004440c0 f   ExecuteALU.obj
 0001:00043170       ?Execute_FTSTScalarShiftLeftImmediate@@YAXAAVMPE@@AAVInstructionCacheEntry@@AAVNuance@@@Z 00444170 f   ExecuteALU.obj
 0001:00043220       ?Execute_FTSTScalarShiftScalar@@YAXAAVMPE@@AAVInstructionCacheEntry@@AAVNuance@@@Z 00444220 f   ExecuteALU.obj
 0001:00043300       ?Execute_FTSTScalarRotateScalar@@YAXAAVMPE@@AAVInstructionCacheEntry@@AAVNuance@@@Z 00444300 f   ExecuteALU.obj
 0001:000433f0       ?Execute_ORImmediate@@YAXAAVMPE@@AAVInstructionCacheEntry@@AAVNuance@@@Z 004443f0 f   ExecuteALU.obj
 0001:00043490       ?Execute_ORScalar@@YAXAAVMPE@@AAVInstructionCacheEntry@@AAVNuance@@@Z 00444490 f   ExecuteALU.obj
 0001:00043540       ?Execute_ORImmediateShiftScalar@@YAXAAVMPE@@AAVInstructionCacheEntry@@AAVNuance@@@Z 00444540 f   ExecuteALU.obj
 0001:00043620       ?Execute_ORScalarShiftRightImmediate@@YAXAAVMPE@@AAVInstructionCacheEntry@@AAVNuance@@@Z 00444620 f   ExecuteALU.obj
 0001:000436e0       ?Execute_ORScalarShiftLeftImmediate@@YAXAAVMPE@@AAVInstructionCacheEntry@@AAVNuance@@@Z 004446e0 f   ExecuteALU.obj
 0001:000437a0       ?Execute_ORScalarShiftScalar@@YAXAAVMPE@@AAVInstructionCacheEntry@@AAVNuance@@@Z 004447a0 f   ExecuteALU.obj
 0001:00043890       ?Execute_ORScalarRotateScalar@@YAXAAVMPE@@AAVInstructionCacheEntry@@AAVNuance@@@Z 00444890 f   ExecuteALU.obj
 0001:00043990       ?Execute_EORImmediate@@YAXAAVMPE@@AAVInstructionCacheEntry@@AAVNuance@@@Z 00444990 f   ExecuteALU.obj
 0001:00043a30       ?Execute_EORScalar@@YAXAAVMPE@@AAVInstructionCacheEntry@@AAVNuance@@@Z 00444a30 f   ExecuteALU.obj
 0001:00043ae0       ?Execute_EORImmediateShiftScalar@@YAXAAVMPE@@AAVInstructionCacheEntry@@AAVNuance@@@Z 00444ae0 f   ExecuteALU.obj
 0001:00043bc0       ?Execute_EORScalarShiftRightImmediate@@YAXAAVMPE@@AAVInstructionCacheEntry@@AAVNuance@@@Z 00444bc0 f   ExecuteALU.obj
 0001:00043c80       ?Execute_EORScalarShiftLeftImmediate@@YAXAAVMPE@@AAVInstructionCacheEntry@@AAVNuance@@@Z 00444c80 f   ExecuteALU.obj
 0001:00043d40       ?Execute_EORScalarShiftScalar@@YAXAAVMPE@@AAVInstructionCacheEntry@@AAVNuance@@@Z 00444d40 f   ExecuteALU.obj
 0001:00043e30       ?Execute_EORScalarRotateScalar@@YAXAAVMPE@@AAVInstructionCacheEntry@@AAVNuance@@@Z 00444e30 f   ExecuteALU.obj
 0001:00043f30       ?Execute_ADDWCImmediate@@YAXAAVMPE@@AAVInstructionCacheEntry@@AAVNuance@@@Z 00444f30 f   ExecuteALU.obj
 0001:00044090       ?Execute_ADDWCScalar@@YAXAAVMPE@@AAVInstructionCacheEntry@@AAVNuance@@@Z 00445090 f   ExecuteALU.obj
 0001:000441f0       ?Execute_ADDWCScalarShiftRightImmediate@@YAXAAVMPE@@AAVInstructionCacheEntry@@AAVNuance@@@Z 004451f0 f   ExecuteALU.obj
 0001:00044360       ?Execute_ADDWCScalarShiftLeftImmediate@@YAXAAVMPE@@AAVInstructionCacheEntry@@AAVNuance@@@Z 00445360 f   ExecuteALU.obj
 0001:000444d0       ?Execute_SUBWCImmediate@@YAXAAVMPE@@AAVInstructionCacheEntry@@AAVNuance@@@Z 004454d0 f   ExecuteALU.obj
 0001:00044630       ?Execute_SUBWCImmediateReverse@@YAXAAVMPE@@AAVInstructionCacheEntry@@AAVNuance@@@Z 00445630 f   ExecuteALU.obj
 0001:00044790       ?Execute_SUBWCScalar@@YAXAAVMPE@@AAVInstructionCacheEntry@@AAVNuance@@@Z 00445790 f   ExecuteALU.obj
 0001:000448f0       ?Execute_SUBWCScalarShiftRightImmediate@@YAXAAVMPE@@AAVInstructionCacheEntry@@AAVNuance@@@Z 004458f0 f   ExecuteALU.obj
 0001:00044a60       ?Execute_SUBWCScalarShiftLeftImmediate@@YAXAAVMPE@@AAVInstructionCacheEntry@@AAVNuance@@@Z 00445a60 f   ExecuteALU.obj
 0001:00044bd0       ?Execute_CMPWCImmediate@@YAXAAVMPE@@AAVInstructionCacheEntry@@AAVNuance@@@Z 00445bd0 f   ExecuteALU.obj
 0001:00044d20       ?Execute_CMPWCImmediateReverse@@YAXAAVMPE@@AAVInstructionCacheEntry@@AAVNuance@@@Z 00445d20 f   ExecuteALU.obj
 0001:00044e70       ?Execute_CMPWCScalar@@YAXAAVMPE@@AAVInstructionCacheEntry@@AAVNuance@@@Z 00445e70 f   ExecuteALU.obj
 0001:00044fc0       ?Execute_CMPWCScalarShiftRightImmediate@@YAXAAVMPE@@AAVInstructionCacheEntry@@AAVNuance@@@Z 00445fc0 f   ExecuteALU.obj
 0001:00045120       ?Execute_CMPWCScalarShiftLeftImmediate@@YAXAAVMPE@@AAVInstructionCacheEntry@@AAVNuance@@@Z 00446120 f   ExecuteALU.obj
 0001:000465a0       ?Execute_ECU_NOP@@YAXAAVMPE@@AAVInstructionCacheEntry@@AAVNuance@@@Z 004475a0 f   ExecuteECU.obj
 0001:000465b0       ?Execute_Halt@@YAXAAVMPE@@AAVInstructionCacheEntry@@AAVNuance@@@Z 004475b0 f   ExecuteECU.obj
 0001:00046630       ?Execute_BRAAlways@@YAXAAVMPE@@AAVInstructionCacheEntry@@AAVNuance@@@Z 00447630 f   ExecuteECU.obj
 0001:00046660       ?Execute_BRAAlways_NOP@@YAXAAVMPE@@AAVInstructionCacheEntry@@AAVNuance@@@Z 00447660 f   ExecuteECU.obj
 0001:00046690       ?Execute_BRAConditional@@YAXAAVMPE@@AAVInstructionCacheEntry@@AAVNuance@@@Z 00447690 f   ExecuteECU.obj
 0001:000466e0       ?Execute_BRAConditional_NOP@@YAXAAVMPE@@AAVInstructionCacheEntry@@AAVNuance@@@Z 004476e0 f   ExecuteECU.obj
 0001:00046730       ?Execute_JMPAlwaysIndirect@@YAXAAVMPE@@AAVInstructionCacheEntry@@AAVNuance@@@Z 00447730 f   ExecuteECU.obj
 0001:00046770       ?Execute_JMPAlwaysIndirect_NOP@@YAXAAVMPE@@AAVInstructionCacheEntry@@AAVNuance@@@Z 00447770 f   ExecuteECU.obj
 0001:000467b0       ?Execute_JMPConditionalIndirect@@YAXAAVMPE@@AAVInstructionCacheEntry@@AAVNuance@@@Z 004477b0 f   ExecuteECU.obj
 0001:00046810       ?Execute_JMPConditionalIndirect_NOP@@YAXAAVMPE@@AAVInstructionCacheEntry@@AAVNuance@@@Z 00447810 f   ExecuteECU.obj
 0001:00046870       ?Execute_JSRAlways@@YAXAAVMPE@@AAVInstructionCacheEntry@@AAVNuance@@@Z 00447870 f   ExecuteECU.obj
 0001:000468b0       ?Execute_JSRAlways_NOP@@YAXAAVMPE@@AAVInstructionCacheEntry@@AAVNuance@@@Z 004478b0 f   ExecuteECU.obj
 0001:000468f0       ?Execute_JSRConditional@@YAXAAVMPE@@AAVInstructionCacheEntry@@AAVNuance@@@Z 004478f0 f   ExecuteECU.obj
 0001:00046950       ?Execute_JSRConditional_NOP@@YAXAAVMPE@@AAVInstructionCacheEntry@@AAVNuance@@@Z 00447950 f   ExecuteECU.obj
 0001:000469b0       ?Execute_JSRAlwaysIndirect@@YAXAAVMPE@@AAVInstructionCacheEntry@@AAVNuance@@@Z 004479b0 f   ExecuteECU.obj
 0001:00046a00       ?Execute_JSRAlwaysIndirect_NOP@@YAXAAVMPE@@AAVInstructionCacheEntry@@AAVNuance@@@Z 00447a00 f   ExecuteECU.obj
 0001:00046a50       ?Execute_JSRConditionalIndirect@@YAXAAVMPE@@AAVInstructionCacheEntry@@AAVNuance@@@Z 00447a50 f   ExecuteECU.obj
 0001:00046ac0       ?Execute_JSRConditionalIndirect_NOP@@YAXAAVMPE@@AAVInstructionCacheEntry@@AAVNuance@@@Z 00447ac0 f   ExecuteECU.obj
 0001:00046b30       ?Execute_RTSAlways@@YAXAAVMPE@@AAVInstructionCacheEntry@@AAVNuance@@@Z 00447b30 f   ExecuteECU.obj
 0001:00046b60       ?Execute_RTSAlways_NOP@@YAXAAVMPE@@AAVInstructionCacheEntry@@AAVNuance@@@Z 00447b60 f   ExecuteECU.obj
 0001:00046b90       ?Execute_RTSConditional@@YAXAAVMPE@@AAVInstructionCacheEntry@@AAVNuance@@@Z 00447b90 f   ExecuteECU.obj
 0001:00046be0       ?Execute_RTSConditional_NOP@@YAXAAVMPE@@AAVInstructionCacheEntry@@AAVNuance@@@Z 00447be0 f   ExecuteECU.obj
 0001:00046c30       ?Execute_RTI1Conditional@@YAXAAVMPE@@AAVInstructionCacheEntry@@AAVNuance@@@Z 00447c30 f   ExecuteECU.obj
 0001:00046ca0       ?Execute_RTI1Conditional_NOP@@YAXAAVMPE@@AAVInstructionCacheEntry@@AAVNuance@@@Z 00447ca0 f   ExecuteECU.obj
 0001:00046d10       ?Execute_RTI2Conditional@@YAXAAVMPE@@AAVInstructionCacheEntry@@AAVNuance@@@Z 00447d10 f   ExecuteECU.obj
 0001:00046d80       ?Execute_RTI2Conditional_NOP@@YAXAAVMPE@@AAVInstructionCacheEntry@@AAVNuance@@@Z 00447d80 f   ExecuteECU.obj
 0001:00047050       ?GetBilinearAddress@@YAXXZ 00448050 f   ExecuteMEM.obj
 0001:000471f0       ?Execute_Mirror@@YAXAAVMPE@@AAVInstructionCacheEntry@@AAVNuance@@@Z 004481f0 f   ExecuteMEM.obj
 0001:000472a0       ?Execute_MV_SImmediate@@YAXAAVMPE@@AAVInstructionCacheEntry@@AAVNuance@@@Z 004482a0 f   ExecuteMEM.obj
 0001:000472c0       ?Execute_MV_SScalar@@YAXAAVMPE@@AAVInstructionCacheEntry@@AAVNuance@@@Z 004482c0 f   ExecuteMEM.obj
 0001:000472f0       ?Execute_MV_V@@YAXAAVMPE@@AAVInstructionCacheEntry@@AAVNuance@@@Z 004482f0 f   ExecuteMEM.obj
 0001:00047380       ?Execute_PopVector@@YAXAAVMPE@@AAVInstructionCacheEntry@@AAVNuance@@@Z 00448380 f   ExecuteMEM.obj
 0001:00047470       ?Execute_PopVectorRz@@YAXAAVMPE@@AAVInstructionCacheEntry@@AAVNuance@@@Z 00448470 f   ExecuteMEM.obj
 0001:00047570       ?Execute_PopScalarRzi1@@YAXAAVMPE@@AAVInstructionCacheEntry@@AAVNuance@@@Z 00448570 f   ExecuteMEM.obj
 0001:00047660       ?Execute_PopScalarRzi2@@YAXAAVMPE@@AAVInstructionCacheEntry@@AAVNuance@@@Z 00448660 f   ExecuteMEM.obj
 0001:00047750       ?Execute_PushVector@@YAXAAVMPE@@AAVInstructionCacheEntry@@AAVNuance@@@Z 00448750 f   ExecuteMEM.obj
 0001:00047850       ?Execute_PushVectorRz@@YAXAAVMPE@@AAVInstructionCacheEntry@@AAVNuance@@@Z 00448850 f   ExecuteMEM.obj
 0001:00047950       ?Execute_PushScalarRzi1@@YAXAAVMPE@@AAVInstructionCacheEntry@@AAVNuance@@@Z 00448950 f   ExecuteMEM.obj
 0001:00047a40       ?Execute_PushScalarRzi2@@YAXAAVMPE@@AAVInstructionCacheEntry@@AAVNuance@@@Z 00448a40 f   ExecuteMEM.obj
 0001:00047b30       ?Execute_LoadScalarControlRegisterAbsolute@@YAXAAVMPE@@AAVInstructionCacheEntry@@AAVNuance@@@Z 00448b30 f   ExecuteMEM.obj
 0001:00047b70       ?Execute_LoadByteAbsolute@@YAXAAVMPE@@AAVInstructionCacheEntry@@AAVNuance@@@Z 00448b70 f   ExecuteMEM.obj
 0001:00047bb0       ?Execute_LoadWordAbsolute@@YAXAAVMPE@@AAVInstructionCacheEntry@@AAVNuance@@@Z 00448bb0 f   ExecuteMEM.obj
 0001:00047bf0       ?Execute_LoadScalarAbsolute@@YAXAAVMPE@@AAVInstructionCacheEntry@@AAVNuance@@@Z 00448bf0 f   ExecuteMEM.obj
 0001:00047c70       ?Execute_LoadScalarLinear@@YAXAAVMPE@@AAVInstructionCacheEntry@@AAVNuance@@@Z 00448c70 f   ExecuteMEM.obj
 0001:00047d60       ?Execute_LoadVectorAbsolute@@YAXAAVMPE@@AAVInstructionCacheEntry@@AAVNuance@@@Z 00448d60 f   ExecuteMEM.obj
 0001:00047dd0       ?Execute_LoadVectorControlRegisterAbsolute@@YAXAAVMPE@@AAVInstructionCacheEntry@@AAVNuance@@@Z 00448dd0 f   ExecuteMEM.obj
 0001:00047e90       ?LoadPixelAbsolute@@YAXXZ  00448e90 f   ExecuteMEM.obj
 0001:000480e0       ?Execute_LoadPixelAbsolute@@YAXAAVMPE@@AAVInstructionCacheEntry@@AAVNuance@@@Z 004490e0 f   ExecuteMEM.obj
 0001:000483f0       ?LoadPixelZAbsolute@@YAXXZ 004493f0 f   ExecuteMEM.obj
 0001:00048700       ?Execute_LoadPixelZAbsolute@@YAXAAVMPE@@AAVInstructionCacheEntry@@AAVNuance@@@Z 00449700 f   ExecuteMEM.obj
 0001:00048af0       ?Execute_LoadByteLinear@@YAXAAVMPE@@AAVInstructionCacheEntry@@AAVNuance@@@Z 00449af0 f   ExecuteMEM.obj
 0001:00048b60       ?Execute_LoadByteBilinearUV@@YAXAAVMPE@@AAVInstructionCacheEntry@@AAVNuance@@@Z 00449b60 f   ExecuteMEM.obj
 0001:00048c70       ?Execute_LoadByteBilinearXY@@YAXAAVMPE@@AAVInstructionCacheEntry@@AAVNuance@@@Z 00449c70 f   ExecuteMEM.obj
 0001:00048d80       ?Execute_LoadWordLinear@@YAXAAVMPE@@AAVInstructionCacheEntry@@AAVNuance@@@Z 00449d80 f   ExecuteMEM.obj
 0001:00048e10       ?Execute_LoadWordBilinearUV@@YAXAAVMPE@@AAVInstructionCacheEntry@@AAVNuance@@@Z 00449e10 f   ExecuteMEM.obj
 0001:00048f20       ?Execute_LoadWordBilinearXY@@YAXAAVMPE@@AAVInstructionCacheEntry@@AAVNuance@@@Z 00449f20 f   ExecuteMEM.obj
 0001:00049030       ?Execute_LoadScalarBilinearUV@@YAXAAVMPE@@AAVInstructionCacheEntry@@AAVNuance@@@Z 0044a030 f   ExecuteMEM.obj
 0001:00049140       ?Execute_LoadScalarBilinearXY@@YAXAAVMPE@@AAVInstructionCacheEntry@@AAVNuance@@@Z 0044a140 f   ExecuteMEM.obj
 0001:00049250       ?Execute_LoadShortVectorAbsolute@@YAXAAVMPE@@AAVInstructionCacheEntry@@AAVNuance@@@Z 0044a250 f   ExecuteMEM.obj
 0001:00049360       ?Execute_LoadShortVectorLinear@@YAXAAVMPE@@AAVInstructionCacheEntry@@AAVNuance@@@Z 0044a360 f   ExecuteMEM.obj
 0001:00049480       ?Execute_LoadShortVectorBilinearUV@@YAXAAVMPE@@AAVInstructionCacheEntry@@AAVNuance@@@Z 0044a480 f   ExecuteMEM.obj
 0001:00049590       ?Execute_LoadShortVectorBilinearXY@@YAXAAVMPE@@AAVInstructionCacheEntry@@AAVNuance@@@Z 0044a590 f   ExecuteMEM.obj
 0001:00049690       ?Execute_LoadVectorLinear@@YAXAAVMPE@@AAVInstructionCacheEntry@@AAVNuance@@@Z 0044a690 f   ExecuteMEM.obj
 0001:000497b0       ?Execute_LoadVectorBilinearUV@@YAXAAVMPE@@AAVInstructionCacheEntry@@AAVNuance@@@Z 0044a7b0 f   ExecuteMEM.obj
 0001:000498c0       ?Execute_LoadVectorBilinearXY@@YAXAAVMPE@@AAVInstructionCacheEntry@@AAVNuance@@@Z 0044a8c0 f   ExecuteMEM.obj
 0001:000499d0       ?Execute_LoadPixelLinear@@YAXAAVMPE@@AAVInstructionCacheEntry@@AAVNuance@@@Z 0044a9d0 f   ExecuteMEM.obj
 0001:00049a90       ?Execute_LoadPixelBilinearUV@@YAXAAVMPE@@AAVInstructionCacheEntry@@AAVNuance@@@Z 0044aa90 f   ExecuteMEM.obj
 0001:00049bd0       ?Execute_LoadPixelBilinearXY@@YAXAAVMPE@@AAVInstructionCacheEntry@@AAVNuance@@@Z 0044abd0 f   ExecuteMEM.obj
 0001:00049d10       ?Execute_LoadPixelZLinear@@YAXAAVMPE@@AAVInstructionCacheEntry@@AAVNuance@@@Z 0044ad10 f   ExecuteMEM.obj
 0001:00049dd0       ?Execute_LoadPixelZBilinearUV@@YAXAAVMPE@@AAVInstructionCacheEntry@@AAVNuance@@@Z 0044add0 f   ExecuteMEM.obj
 0001:00049ee0       ?Execute_LoadPixelZBilinearXY@@YAXAAVMPE@@AAVInstructionCacheEntry@@AAVNuance@@@Z 0044aee0 f   ExecuteMEM.obj
 0001:00049ff0       ?Execute_StoreScalarImmediate@@YAXAAVMPE@@AAVInstructionCacheEntry@@AAVNuance@@@Z 0044aff0 f   ExecuteMEM.obj
 0001:0004a030       ?Execute_StoreScalarAbsolute@@YAXAAVMPE@@AAVInstructionCacheEntry@@AAVNuance@@@Z 0044b030 f   ExecuteMEM.obj
 0001:0004a070       ?Execute_StoreScalarControlRegisterImmediate@@YAXAAVMPE@@AAVInstructionCacheEntry@@AAVNuance@@@Z 0044b070 f   ExecuteMEM.obj
 0001:0004a0b0       ?Execute_StoreScalarLinear@@YAXAAVMPE@@AAVInstructionCacheEntry@@AAVNuance@@@Z 0044b0b0 f   ExecuteMEM.obj
 0001:0004a180       ?Execute_StoreScalarBilinearUV@@YAXAAVMPE@@AAVInstructionCacheEntry@@AAVNuance@@@Z 0044b180 f   ExecuteMEM.obj
 0001:0004a290       ?Execute_StoreScalarBilinearXY@@YAXAAVMPE@@AAVInstructionCacheEntry@@AAVNuance@@@Z 0044b290 f   ExecuteMEM.obj
 0001:0004a3a0       ?Execute_StoreScalarControlRegisterAbsolute@@YAXAAVMPE@@AAVInstructionCacheEntry@@AAVNuance@@@Z 0044b3a0 f   ExecuteMEM.obj
 0001:0004a3f0       ?Execute_StoreVectorControlRegisterAbsolute@@YAXAAVMPE@@AAVInstructionCacheEntry@@AAVNuance@@@Z 0044b3f0 f   ExecuteMEM.obj
 0001:0004a490       ?StorePixelAbsolute@@YAXXZ 0044b490 f   ExecuteMEM.obj
 0001:0004a6b0       ?Execute_StorePixelAbsolute@@YAXAAVMPE@@AAVInstructionCacheEntry@@AAVNuance@@@Z 0044b6b0 f   ExecuteMEM.obj
 0001:0004a980       ?StorePixelZAbsolute@@YAXXZ 0044b980 f   ExecuteMEM.obj
 0001:0004ace0       ?Execute_StorePixelZAbsolute@@YAXAAVMPE@@AAVInstructionCacheEntry@@AAVNuance@@@Z 0044bce0 f   ExecuteMEM.obj
 0001:0004b140       ?Execute_StoreShortVectorAbsolute@@YAXAAVMPE@@AAVInstructionCacheEntry@@AAVNuance@@@Z 0044c140 f   ExecuteMEM.obj
 0001:0004b1d0       ?Execute_StoreShortVectorLinear@@YAXAAVMPE@@AAVInstructionCacheEntry@@AAVNuance@@@Z 0044c1d0 f   ExecuteMEM.obj
 0001:0004b280       ?Execute_StoreShortVectorBilinearUV@@YAXAAVMPE@@AAVInstructionCacheEntry@@AAVNuance@@@Z 0044c280 f   ExecuteMEM.obj
 0001:0004b390       ?Execute_StoreShortVectorBilinearXY@@YAXAAVMPE@@AAVInstructionCacheEntry@@AAVNuance@@@Z 0044c390 f   ExecuteMEM.obj
 0001:0004b4a0       ?Execute_StoreVectorAbsolute@@YAXAAVMPE@@AAVInstructionCacheEntry@@AAVNuance@@@Z 0044c4a0 f   ExecuteMEM.obj
 0001:0004b530       ?Execute_StoreVectorLinear@@YAXAAVMPE@@AAVInstructionCacheEntry@@AAVNuance@@@Z 0044c530 f   ExecuteMEM.obj
 0001:0004b660       ?Execute_StoreVectorBilinearUV@@YAXAAVMPE@@AAVInstructionCacheEntry@@AAVNuance@@@Z 0044c660 f   ExecuteMEM.obj
 0001:0004b770       ?Execute_StoreVectorBilinearXY@@YAXAAVMPE@@AAVInstructionCacheEntry@@AAVNuance@@@Z 0044c770 f   ExecuteMEM.obj
 0001:0004b880       ?Execute_StorePixelLinear@@YAXAAVMPE@@AAVInstructionCacheEntry@@AAVNuance@@@Z 0044c880 f   ExecuteMEM.obj
 0001:0004b940       ?Execute_StorePixelBilinearUV@@YAXAAVMPE@@AAVInstructionCacheEntry@@AAVNuance@@@Z 0044c940 f   ExecuteMEM.obj
 0001:0004ba50       ?Execute_StorePixelBilinearXY@@YAXAAVMPE@@AAVInstructionCacheEntry@@AAVNuance@@@Z 0044ca50 f   ExecuteMEM.obj
 0001:0004bb60       ?Execute_StorePixelZLinear@@YAXAAVMPE@@AAVInstructionCacheEntry@@AAVNuance@@@Z 0044cb60 f   ExecuteMEM.obj
 0001:0004bc20       ?Execute_StorePixelZBilinearUV@@YAXAAVMPE@@AAVInstructionCacheEntry@@AAVNuance@@@Z 0044cc20 f   ExecuteMEM.obj
 0001:0004bd30       ?Execute_StorePixelZBilinearXY@@YAXAAVMPE@@AAVInstructionCacheEntry@@AAVNuance@@@Z 0044cd30 f   ExecuteMEM.obj
 0001:0004d1b0       ?CalculateBilinearAddress@@YAXAAVMPE@@PAIIII@Z 0044e1b0 f i ExecuteMEM.obj
 0001:0004d2f0       ?GetPointerToMemoryBank@MPE@@QAEPAEI@Z 0044e2f0 f i ExecuteMEM.obj
 0001:0004d330       ?SaturateColorComponents@@YAXPAI00_N@Z 0044e330 f i ExecuteMEM.obj
 0001:0004d5f0       ?Execute_CheckECUSkipCounter@@YAXAAVMPE@@AAVInstructionCacheEntry@@AAVNuance@@@Z 0044e5f0 f   ExecuteMisc.obj
 0001:0004d630       ?Execute_SaveFlags@@YAXAAVMPE@@AAVInstructionCacheEntry@@AAVNuance@@@Z 0044e630 f   ExecuteMisc.obj
 0001:0004d660       ?Execute_SaveRegs@@YAXAAVMPE@@AAVInstructionCacheEntry@@AAVNuance@@@Z 0044e660 f   ExecuteMisc.obj
 0001:0004d7e0       ?Execute_StoreScalarRegisterConstant@@YAXAAVMPE@@AAVInstructionCacheEntry@@AAVNuance@@@Z 0044e7e0 f   ExecuteMisc.obj
 0001:0004d840       ?Execute_StoreMiscRegisterConstant@@YAXAAVMPE@@AAVInstructionCacheEntry@@AAVNuance@@@Z 0044e840 f   ExecuteMisc.obj
 0001:0004daf0       ?Execute_ADDM@@YAXAAVMPE@@AAVInstructionCacheEntry@@AAVNuance@@@Z 0044eaf0 f   ExecuteMUL.obj
 0001:0004db30       ?Execute_ADDMImmediate@@YAXAAVMPE@@AAVInstructionCacheEntry@@AAVNuance@@@Z 0044eb30 f   ExecuteMUL.obj
 0001:0004db60       ?Execute_SUBM@@YAXAAVMPE@@AAVInstructionCacheEntry@@AAVNuance@@@Z 0044eb60 f   ExecuteMUL.obj
 0001:0004dba0       ?Execute_SUBMImmediateReverse@@YAXAAVMPE@@AAVInstructionCacheEntry@@AAVNuance@@@Z 0044eba0 f   ExecuteMUL.obj
 0001:0004dbd0       ?Execute_MULScalarShiftAcshift@@YAXAAVMPE@@AAVInstructionCacheEntry@@AAVNuance@@@Z 0044ebd0 f   ExecuteMUL.obj
 0001:0004dd40       ?Execute_MULScalarShiftRightImmediate@@YAXAAVMPE@@AAVInstructionCacheEntry@@AAVNuance@@@Z 0044ed40 f   ExecuteMUL.obj
 0001:0004de80       ?Execute_MULScalarShiftLeftImmediate@@YAXAAVMPE@@AAVInstructionCacheEntry@@AAVNuance@@@Z 0044ee80 f   ExecuteMUL.obj
 0001:0004dfc0       ?Execute_MULImmediateShiftAcshift@@YAXAAVMPE@@AAVInstructionCacheEntry@@AAVNuance@@@Z 0044efc0 f   ExecuteMUL.obj
 0001:0004e130       ?Execute_MULScalarShiftScalar@@YAXAAVMPE@@AAVInstructionCacheEntry@@AAVNuance@@@Z 0044f130 f   ExecuteMUL.obj
 0001:0004e2b0       ?Execute_MULImmediateShiftScalar@@YAXAAVMPE@@AAVInstructionCacheEntry@@AAVNuance@@@Z 0044f2b0 f   ExecuteMUL.obj
 0001:0004e420       ?Execute_MULImmediateShiftRightImmediate@@YAXAAVMPE@@AAVInstructionCacheEntry@@AAVNuance@@@Z 0044f420 f   ExecuteMUL.obj
 0001:0004e550       ?Execute_MULImmediateShiftLeftImmediate@@YAXAAVMPE@@AAVInstructionCacheEntry@@AAVNuance@@@Z 0044f550 f   ExecuteMUL.obj
 0001:0004e680       ?Execute_MUL_SVImmediateShiftImmediate@@YAXAAVMPE@@AAVInstructionCacheEntry@@AAVNuance@@@Z 0044f680 f   ExecuteMUL.obj
 0001:0004e760       ?Execute_MUL_SVScalarShiftImmediate@@YAXAAVMPE@@AAVInstructionCacheEntry@@AAVNuance@@@Z 0044f760 f   ExecuteMUL.obj
 0001:0004e840       ?Execute_MUL_SVScalarShiftSvshift@@YAXAAVMPE@@AAVInstructionCacheEntry@@AAVNuance@@@Z 0044f840 f   ExecuteMUL.obj
 0001:0004e920       ?Execute_MUL_SVRuShiftImmediate@@YAXAAVMPE@@AAVInstructionCacheEntry@@AAVNuance@@@Z 0044f920 f   ExecuteMUL.obj
 0001:0004ea10       ?Execute_MUL_SVRuShiftSvshift@@YAXAAVMPE@@AAVInstructionCacheEntry@@AAVNuance@@@Z 0044fa10 f   ExecuteMUL.obj
 0001:0004eb00       ?Execute_MUL_SVRvShiftImmediate@@YAXAAVMPE@@AAVInstructionCacheEntry@@AAVNuance@@@Z 0044fb00 f   ExecuteMUL.obj
 0001:0004ebf0       ?Execute_MUL_SVRvShiftSvshift@@YAXAAVMPE@@AAVInstructionCacheEntry@@AAVNuance@@@Z 0044fbf0 f   ExecuteMUL.obj
 0001:0004ece0       ?Execute_MUL_SVVectorShiftImmediate@@YAXAAVMPE@@AAVInstructionCacheEntry@@AAVNuance@@@Z 0044fce0 f   ExecuteMUL.obj
 0001:0004ee50       ?Execute_MUL_SVVectorShiftSvshift@@YAXAAVMPE@@AAVInstructionCacheEntry@@AAVNuance@@@Z 0044fe50 f   ExecuteMUL.obj
 0001:0004efb0       ?Execute_MUL_PImmediateShiftImmediate@@YAXAAVMPE@@AAVInstructionCacheEntry@@AAVNuance@@@Z 0044ffb0 f   ExecuteMUL.obj
 0001:0004f060       ?Execute_MUL_PScalarShiftImmediate@@YAXAAVMPE@@AAVInstructionCacheEntry@@AAVNuance@@@Z 00450060 f   ExecuteMUL.obj
 0001:0004f120       ?Execute_MUL_PScalarShiftSvshift@@YAXAAVMPE@@AAVInstructionCacheEntry@@AAVNuance@@@Z 00450120 f   ExecuteMUL.obj
 0001:0004f1e0       ?Execute_MUL_PRuShiftImmediate@@YAXAAVMPE@@AAVInstructionCacheEntry@@AAVNuance@@@Z 004501e0 f   ExecuteMUL.obj
 0001:0004f2b0       ?Execute_MUL_PRuShiftSvshift@@YAXAAVMPE@@AAVInstructionCacheEntry@@AAVNuance@@@Z 004502b0 f   ExecuteMUL.obj
 0001:0004f380       ?Execute_MUL_PRvShiftImmediate@@YAXAAVMPE@@AAVInstructionCacheEntry@@AAVNuance@@@Z 00450380 f   ExecuteMUL.obj
 0001:0004f450       ?Execute_MUL_PRvShiftSvshift@@YAXAAVMPE@@AAVInstructionCacheEntry@@AAVNuance@@@Z 00450450 f   ExecuteMUL.obj
 0001:0004f520       ?Execute_MUL_PVectorShiftImmediate@@YAXAAVMPE@@AAVInstructionCacheEntry@@AAVNuance@@@Z 00450520 f   ExecuteMUL.obj
 0001:0004f650       ?Execute_MUL_PVectorShiftSvshift@@YAXAAVMPE@@AAVInstructionCacheEntry@@AAVNuance@@@Z 00450650 f   ExecuteMUL.obj
 0001:0004f780       ?Execute_DOTPScalarShiftImmediate@@YAXAAVMPE@@AAVInstructionCacheEntry@@AAVNuance@@@Z 00450780 f   ExecuteMUL.obj
 0001:0004f890       ?Execute_DOTPScalarShiftSvshift@@YAXAAVMPE@@AAVInstructionCacheEntry@@AAVNuance@@@Z 00450890 f   ExecuteMUL.obj
 0001:0004f990       ?Execute_DOTPVectorShiftImmediate@@YAXAAVMPE@@AAVInstructionCacheEntry@@AAVNuance@@@Z 00450990 f   ExecuteMUL.obj
 0001:0004fae0       ?Execute_DOTPVectorShiftSvshift@@YAXAAVMPE@@AAVInstructionCacheEntry@@AAVNuance@@@Z 00450ae0 f   ExecuteMUL.obj
 0001:00050490       ?Execute_DECRc0@@YAXAAVMPE@@AAVInstructionCacheEntry@@AAVNuance@@@Z 00451490 f   ExecuteRCU.obj
 0001:000504f0       ?Execute_DECRc1@@YAXAAVMPE@@AAVInstructionCacheEntry@@AAVNuance@@@Z 004514f0 f   ExecuteRCU.obj
 0001:00050550       ?Execute_DECBoth@@YAXAAVMPE@@AAVInstructionCacheEntry@@AAVNuance@@@Z 00451550 f   ExecuteRCU.obj
 0001:000505f0       ?Execute_ADDRImmediateOnly@@YAXAAVMPE@@AAVInstructionCacheEntry@@AAVNuance@@@Z 004515f0 f   ExecuteRCU.obj
 0001:00050620       ?Execute_ADDRImmediate@@YAXAAVMPE@@AAVInstructionCacheEntry@@AAVNuance@@@Z 00451620 f   ExecuteRCU.obj
 0001:00050710       ?Execute_ADDRScalarOnly@@YAXAAVMPE@@AAVInstructionCacheEntry@@AAVNuance@@@Z 00451710 f   ExecuteRCU.obj
 0001:00050750       ?Execute_ADDRScalar@@YAXAAVMPE@@AAVInstructionCacheEntry@@AAVNuance@@@Z 00451750 f   ExecuteRCU.obj
 0001:00050850       ?Execute_MVRImmediateOnly@@YAXAAVMPE@@AAVInstructionCacheEntry@@AAVNuance@@@Z 00451850 f   ExecuteRCU.obj
 0001:00050870       ?Execute_MVRImmediate@@YAXAAVMPE@@AAVInstructionCacheEntry@@AAVNuance@@@Z 00451870 f   ExecuteRCU.obj
 0001:00050950       ?Execute_MVRScalarOnly@@YAXAAVMPE@@AAVInstructionCacheEntry@@AAVNuance@@@Z 00451950 f   ExecuteRCU.obj
 0001:00050980       ?Execute_MVRScalar@@YAXAAVMPE@@AAVInstructionCacheEntry@@AAVNuance@@@Z 00451980 f   ExecuteRCU.obj
 0001:00050a70       ?Execute_RangeOnly@@YAXAAVMPE@@AAVInstructionCacheEntry@@AAVNuance@@@Z 00451a70 f   ExecuteRCU.obj
 0001:00050bf0       ?Execute_Range@@YAXAAVMPE@@AAVInstructionCacheEntry@@AAVNuance@@@Z 00451bf0 f   ExecuteRCU.obj
 0001:00050e30       ?Execute_ModuloOnly@@YAXAAVMPE@@AAVInstructionCacheEntry@@AAVNuance@@@Z 00451e30 f   ExecuteRCU.obj
 0001:00050fe0       ?Execute_Modulo@@YAXAAVMPE@@AAVInstructionCacheEntry@@AAVNuance@@@Z 00451fe0 f   ExecuteRCU.obj
 0001:000515c0       ?ConvertFlags@@YAII@Z      004525c0 f   file.obj
 0001:00051640       ?FindFileDescriptorIndex@@YAHH@Z 00452640 f   file.obj
 0001:00051690       ?ConvertIFMT@@YAII@Z       00452690 f   file.obj
 0001:00051730       ?IsValidFileDescriptor@@YA_NH@Z 00452730 f   file.obj
 0001:00051780       ?ConvertSeparatorCharacters@@YAXPAD@Z 00452780 f   file.obj
 0001:000517c0       ?FileOpen@@YAXPAVMPE@@@Z   004527c0 f   file.obj
 0001:000519b0       ?FileClose@@YAXPAVMPE@@@Z  004529b0 f   file.obj
 0001:00051a70       ?FileRead@@YAXPAVMPE@@@Z   00452a70 f   file.obj
 0001:00051b60       ?FileWrite@@YAXPAVMPE@@@Z  00452b60 f   file.obj
 0001:00051c80       ?FileIoctl@@YAXPAVMPE@@@Z  00452c80 f   file.obj
 0001:00051cf0       ?FileFstat@@YAXPAVMPE@@@Z  00452cf0 f   file.obj
 0001:00052010       ?FileStat@@YAXPAVMPE@@@Z   00453010 f   file.obj
 0001:00052090       ?FileIsatty@@YAXPAVMPE@@@Z 00453090 f   file.obj
 0001:00052100       ?FileLseek@@YAXPAVMPE@@@Z  00453100 f   file.obj
 0001:000521d0       ?FileLink@@YAXPAVMPE@@@Z   004531d0 f   file.obj
 0001:00052240       ?FileLstat@@YAXPAVMPE@@@Z  00453240 f   file.obj
 0001:000522c0       ?FileUnlink@@YAXPAVMPE@@@Z 004532c0 f   file.obj
 0001:00052690       ?GetDVDBase@NuonEnvironment@@QAEPADXZ 00453690 f i file.obj
 0001:000526b0       ?WriteData@FlashEEPROM@@QAEXII@Z 004536b0 f   FlashEEPROM.obj
 0001:00052ae0       ?ReadData@FlashEEPROM@@QAEXIPAI@Z 00453ae0 f   FlashEEPROM.obj
 0001:00052bb0       ?ReadStatus@FlashEEPROM@@QAEIXZ 00453bb0 f   FlashEEPROM.obj
 0001:00052bd0       ?IsSectorLocked@FlashEEPROM@@QAE_NI@Z 00453bd0 f   FlashEEPROM.obj
 0001:00052c20       ?EraseChip@FlashEEPROM@@QAEXXZ 00453c20 f   FlashEEPROM.obj
 0001:00052c90       ?EraseSector@FlashEEPROM@@QAEXI@Z 00453c90 f   FlashEEPROM.obj
 0001:00052d30       ?LockSector@FlashEEPROM@@QAEXI@Z 00453d30 f   FlashEEPROM.obj
 0001:00052d80       ?LoadFromFile@FlashEEPROM@@QAEXPAD@Z 00453d80 f   FlashEEPROM.obj
 0001:00052e50       ?SaveToFile@FlashEEPROM@@QAEXPAD@Z 00453e50 f   FlashEEPROM.obj
 0001:000530f0       ??0GLWindow@@QAE@XZ        004540f0 f   GLWindow.obj
 0001:00053210       ??1GLWindow@@QAE@XZ        00454210 f   GLWindow.obj
 0001:00053230       ?MMTimerCallback@GLWindow@@KGXIIKKK@Z 00454230 f   GLWindow.obj
 0001:00053280       ?SetTimer@GLWindow@@QAE_NXZ 00454280 f   GLWindow.obj
 0001:000532f0       ?KillTimer@GLWindow@@QAE_NXZ 004542f0 f   GLWindow.obj
 0001:00053340       ?UpdateRestoreValues@GLWindow@@QAEXXZ 00454340 f   GLWindow.obj
 0001:00053440       ?OnResize@GLWindow@@IAEXHH@Z 00454440 f   GLWindow.obj
 0001:00053530       ?Close@GLWindow@@QAEXXZ    00454530 f   GLWindow.obj
 0001:00053550       ?ToggleFullscreen@GLWindow@@QAEXXZ 00454550 f   GLWindow.obj
 0001:00053590       ?ChangeScreenResolution@GLWindow@@IAE_NHHH@Z 00454590 f   GLWindow.obj
 0001:00053660       ?CreateWindowGL@GLWindow@@IAE_NXZ 00454660 f   GLWindow.obj
 0001:00054120       ?CleanUp@GLWindow@@IAEXXZ  00455120 f   GLWindow.obj
 0001:00054230       ?GLWindowProc@GLWindow@@KGJPAUHWND__@@IIJ@Z 00455230 f   GLWindow.obj
 0001:000548f0       ?RegisterWindowClass@GLWindow@@IAE_NXZ 004558f0 f   GLWindow.obj
 0001:000549e0       ?Create@GLWindow@@QAE_NXZ  004559e0 f   GLWindow.obj
 0001:00054b10       ?MessagePump@GLWindow@@QAE_NXZ 00455b10 f   GLWindow.obj
 0001:00054ba0       ?GLWindowMain@GLWindow@@KGKPAX@Z 00455ba0 f   GLWindow.obj
 0001:00055450       ??0InstructionCache@@QAE@I@Z 00456450 f   InstructionCache.obj
 0001:00055510       ??1InstructionCache@@QAE@XZ 00456510 f   InstructionCache.obj
 0001:00055580       ?Invalidate@InstructionCache@@QAEXXZ 00456580 f   InstructionCache.obj
 0001:000555d0       ?InvalidateRegion@InstructionCache@@QAEXII@Z 004565d0 f   InstructionCache.obj
 0001:00055690       ?CopyInstructionData@InstructionCacheEntry@@QAEXIPAV1@I@Z 00456690 f   InstructionCache.obj
 0001:00055860       ?ControllerInitialize@@YAXPAVMPE@@@Z 00456860 f   joystick.obj
 0001:000559c0       ?DeviceDetect@@YAXPAVMPE@@@Z 004569c0 f   joystick.obj
 0001:00055bc0       ?MediaShutdownMPE@@YAXPAVMPE@@@Z 00456bc0 f   media.obj
 0001:00055c50       ?MediaInitMPE@@YAXI@Z      00456c50 f   media.obj
 0001:00055e40       ?MediaInitMPE@@YAXPAVMPE@@@Z 00456e40 f   media.obj
 0001:00055ed0       ?FindFirstFreeHandle@@YAHXZ 00456ed0 f   media.obj
 0001:00055f20       ?MediaOpen@@YAXPAVMPE@@@Z  00456f20 f   media.obj
 0001:000560b0       ?MediaClose@@YAXPAVMPE@@@Z 004570b0 f   media.obj
 0001:00056120       ?MediaGetDevicesAvailable@@YAXPAVMPE@@@Z 00457120 f   media.obj
 0001:00056130       ?MediaGetInfo@@YAXPAVMPE@@@Z 00457130 f   media.obj
 0001:00056270       ?MediaRead@@YAXPAVMPE@@@Z  00457270 f   media.obj
 0001:000563e0       ?MediaWrite@@YAXPAVMPE@@@Z 004573e0 f   media.obj
 0001:00056570       ?MediaIoctl@@YAXPAVMPE@@@Z 00457570 f   media.obj
 0001:000566f0       ?SpinWait@@YAXPAVMPE@@@Z   004576f0 f   media.obj
 0001:00056a90       ?MemLocalScratch@@YAXPAVMPE@@@Z 00457a90 f   memory.obj
 0001:00056b00       ?MemAlloc@@YAXPAVMPE@@@Z   00457b00 f   memory.obj
 0001:00056b90       ?MemFree@@YAXPAVMPE@@@Z    00457b90 f   memory.obj
 0001:00056bd0       ?MemInit@@YAXPAVMPE@@@Z    00457bd0 f   memory.obj
 0001:00056c40       ??0MemoryManager@@QAE@II@Z 00457c40 f   MemoryManager.obj
 0001:00056cc0       ?TestForInvalidPowerOfTwo@MemoryManager@@AAE_NI@Z 00457cc0 f   MemoryManager.obj
 0001:00056cf0       ?Add@MemoryManager@@QAEXIII@Z 00457cf0 f   MemoryManager.obj
 0001:00057080       ?AddAllocatedBlock@MemoryManager@@QAEXII@Z 00458080 f   MemoryManager.obj
 0001:000571c0       ?Free@MemoryManager@@QAEXI@Z 004581c0 f   MemoryManager.obj
 0001:00057340       ?Allocate@MemoryManager@@QAEPAXII@Z 00458340 f   MemoryManager.obj
 0001:00057940       ??1?$_Vector_iterator@VFreeMemoryBlock@@V?$allocator@VFreeMemoryBlock@@@std@@@std@@QAE@XZ 00458940 f i MemoryManager.obj
 0001:00057970       ??1?$_Vector_const_iterator@VFreeMemoryBlock@@V?$allocator@VFreeMemoryBlock@@@std@@@std@@QAE@XZ 00458970 f i MemoryManager.obj
 0001:000579a0       ??1?$_Ranit@VFreeMemoryBlock@@HPBV1@ABV1@@std@@QAE@XZ 004589a0 f i MemoryManager.obj
 0001:000579d0       ??1_Iterator_base@std@@QAE@XZ 004589d0 f i MemoryManager.obj
 0001:00057a90       ?_Orphan_me@_Iterator_base@std@@QAEXXZ 00458a90 f i MemoryManager.obj
 0001:00057b50       ??1?$_Vector_iterator@VAllocatedMemoryBlock@@V?$allocator@VAllocatedMemoryBlock@@@std@@@std@@QAE@XZ 00458b50 f i MemoryManager.obj
 0001:00057b80       ??1?$_Vector_const_iterator@VAllocatedMemoryBlock@@V?$allocator@VAllocatedMemoryBlock@@@std@@@std@@QAE@XZ 00458b80 f i MemoryManager.obj
 0001:00057bb0       ??1?$_Ranit@VAllocatedMemoryBlock@@HPBV1@ABV1@@std@@QAE@XZ 00458bb0 f i MemoryManager.obj
 0001:00057be0       ?AlignAddress@MemoryManager@@AAEIII@Z 00458be0 f i MemoryManager.obj
 0001:00057c20       ??0?$vector@VFreeMemoryBlock@@V?$allocator@VFreeMemoryBlock@@@std@@@std@@QAE@XZ 00458c20 f i MemoryManager.obj
 0001:00057cb0       ??1?$vector@VFreeMemoryBlock@@V?$allocator@VFreeMemoryBlock@@@std@@@std@@QAE@XZ 00458cb0 f i MemoryManager.obj
 0001:00057d20       ?begin@?$vector@VFreeMemoryBlock@@V?$allocator@VFreeMemoryBlock@@@std@@@std@@QAE?AV?$_Vector_iterator@VFreeMemoryBlock@@V?$allocator@VFreeMemoryBlock@@@std@@@2@XZ 00458d20 f i MemoryManager.obj
 0001:00057d80       ?size@?$vector@VFreeMemoryBlock@@V?$allocator@VFreeMemoryBlock@@@std@@@std@@QBEIXZ 00458d80 f i MemoryManager.obj
 0001:00057de0       ??A?$vector@VFreeMemoryBlock@@V?$allocator@VFreeMemoryBlock@@@std@@@std@@QAEAAVFreeMemoryBlock@@I@Z 00458de0 f i MemoryManager.obj
 0001:00057f00       ?back@?$vector@VFreeMemoryBlock@@V?$allocator@VFreeMemoryBlock@@@std@@@std@@QAEAAVFreeMemoryBlock@@XZ 00458f00 f i MemoryManager.obj
 0001:00057fe0       ?push_back@?$vector@VFreeMemoryBlock@@V?$allocator@VFreeMemoryBlock@@@std@@@std@@QAEXABVFreeMemoryBlock@@@Z 00458fe0 f i MemoryManager.obj
 0001:000580c0       ?insert@?$vector@VFreeMemoryBlock@@V?$allocator@VFreeMemoryBlock@@@std@@@std@@QAE?AV?$_Vector_iterator@VFreeMemoryBlock@@V?$allocator@VFreeMemoryBlock@@@std@@@2@V32@ABVFreeMemoryBlock@@@Z 004590c0 f i MemoryManager.obj
 0001:00058240       ?erase@?$vector@VFreeMemoryBlock@@V?$allocator@VFreeMemoryBlock@@@std@@@std@@QAE?AV?$_Vector_iterator@VFreeMemoryBlock@@V?$allocator@VFreeMemoryBlock@@@std@@@2@V32@@Z 00459240 f i MemoryManager.obj
 0001:00058390       ??0?$vector@VAllocatedMemoryBlock@@V?$allocator@VAllocatedMemoryBlock@@@std@@@std@@QAE@XZ 00459390 f i MemoryManager.obj
 0001:00058420       ?begin@?$vector@VAllocatedMemoryBlock@@V?$allocator@VAllocatedMemoryBlock@@@std@@@std@@QAE?AV?$_Vector_iterator@VAllocatedMemoryBlock@@V?$allocator@VAllocatedMemoryBlock@@@std@@@2@XZ 00459420 f i MemoryManager.obj
 0001:00058480       ?size@?$vector@VAllocatedMemoryBlock@@V?$allocator@VAllocatedMemoryBlock@@@std@@@std@@QBEIXZ 00459480 f i MemoryManager.obj
 0001:000584e0       ??A?$vector@VAllocatedMemoryBlock@@V?$allocator@VAllocatedMemoryBlock@@@std@@@std@@QAEAAVAllocatedMemoryBlock@@I@Z 004594e0 f i MemoryManager.obj
 0001:00058600       ?insert@?$vector@VAllocatedMemoryBlock@@V?$allocator@VAllocatedMemoryBlock@@@std@@@std@@QAE?AV?$_Vector_iterator@VAllocatedMemoryBlock@@V?$allocator@VAllocatedMemoryBlock@@@std@@@2@V32@ABVAllocatedMemoryBlock@@@Z 00459600 f i MemoryManager.obj
 0001:00058780       ?erase@?$vector@VAllocatedMemoryBlock@@V?$allocator@VAllocatedMemoryBlock@@@std@@@std@@QAE?AV?$_Vector_iterator@VAllocatedMemoryBlock@@V?$allocator@VAllocatedMemoryBlock@@@std@@@2@V32@@Z 00459780 f i MemoryManager.obj
 0001:000588d0       ??H?$_Vector_iterator@VFreeMemoryBlock@@V?$allocator@VFreeMemoryBlock@@@std@@@std@@QBE?AV01@H@Z 004598d0 f i MemoryManager.obj
 0001:000589d0       ??H?$_Vector_iterator@VAllocatedMemoryBlock@@V?$allocator@VAllocatedMemoryBlock@@@std@@@std@@QBE?AV01@H@Z 004599d0 f i MemoryManager.obj
 0001:00058ad0       ??1?$_Vector_val@VFreeMemoryBlock@@V?$allocator@VFreeMemoryBlock@@@std@@@std@@QAE@XZ 00459ad0 f i MemoryManager.obj
 0001:00058b00       ??1_Container_base@std@@QAE@XZ 00459b00 f i MemoryManager.obj
 0001:00058b30       ?_Orphan_all@_Container_base@std@@QBEXXZ 00459b30 f i MemoryManager.obj
 0001:00058c00       ??0?$_Vector_iterator@VFreeMemoryBlock@@V?$allocator@VFreeMemoryBlock@@@std@@@std@@QAE@ABV01@@Z 00459c00 f i MemoryManager.obj
 0001:00058c40       ??1?$_Vector_val@VAllocatedMemoryBlock@@V?$allocator@VAllocatedMemoryBlock@@@std@@@std@@QAE@XZ 00459c40 f i MemoryManager.obj
 0001:00058c70       ??0?$_Vector_iterator@VAllocatedMemoryBlock@@V?$allocator@VAllocatedMemoryBlock@@@std@@@std@@QAE@ABV01@@Z 00459c70 f i MemoryManager.obj
 0001:00058cb0       ??0?$_Vector_const_iterator@VFreeMemoryBlock@@V?$allocator@VFreeMemoryBlock@@@std@@@std@@QAE@ABV01@@Z 00459cb0 f i MemoryManager.obj
 0001:00058d00       ??0?$_Vector_const_iterator@VAllocatedMemoryBlock@@V?$allocator@VAllocatedMemoryBlock@@@std@@@std@@QAE@ABV01@@Z 00459d00 f i MemoryManager.obj
 0001:00058d50       ??0?$_Ranit@VFreeMemoryBlock@@HPBV1@ABV1@@std@@QAE@ABU01@@Z 00459d50 f i MemoryManager.obj
 0001:00058d90       ??0_Iterator_base@std@@QAE@ABV01@@Z 00459d90 f i MemoryManager.obj
 0001:00058de0       ??4_Iterator_base@std@@QAEAAV01@ABV01@@Z 00459de0 f i MemoryManager.obj
 0001:00058ed0       ?_Adopt@_Iterator_base@std@@QAEXPBV_Container_base@2@@Z 00459ed0 f i MemoryManager.obj
 0001:00058fe0       ??0?$_Ranit@VAllocatedMemoryBlock@@HPBV1@ABV1@@std@@QAE@ABU01@@Z 00459fe0 f i MemoryManager.obj
 0001:00059020       ?capacity@?$vector@VFreeMemoryBlock@@V?$allocator@VFreeMemoryBlock@@@std@@@std@@QBEIXZ 0045a020 f i MemoryManager.obj
 0001:00059080       ?end@?$vector@VFreeMemoryBlock@@V?$allocator@VFreeMemoryBlock@@@std@@@std@@QAE?AV?$_Vector_iterator@VFreeMemoryBlock@@V?$allocator@VFreeMemoryBlock@@@std@@@2@XZ 0045a080 f i MemoryManager.obj
 0001:000590e0       ?_Buy@?$vector@VFreeMemoryBlock@@V?$allocator@VFreeMemoryBlock@@@std@@@std@@IAE_NI@Z 0045a0e0 f i MemoryManager.obj
 0001:000591a0       ?_Destroy@?$vector@VFreeMemoryBlock@@V?$allocator@VFreeMemoryBlock@@@std@@@std@@IAEXPAVFreeMemoryBlock@@0@Z 0045a1a0 f i MemoryManager.obj
[...]
 0003:000087e8       ___active_heap             005357e8     <common>
 0003:000087f4       ___env_initialized         005357f4     <common>
 0003:00008804       ___onexitend               00535804     <common>
 0003:00008808       ___onexitbegin             00535808     <common>
 0003:0000880c       ___mbctype_initialized     0053580c     <common>
 0003:00008810       ___dyn_tls_init_callback   00535810     <common>
 0003:00008814       __pfnReportHook            00535814     <common>
 0003:00008824       __pReportHookListW         00535824     <common>
 0003:00008828       __pReportHookList          00535828     <common>
 0003:0000882c       __debugger_hook_dummy      0053582c     <common>
 0003:00008838       ___use_sse2_mathfcns       00535838     <common>
 0003:00008848       ___sse2_available          00535848     <common>
 0003:0000884c       __nhandle                  0053584c     <common>
 0003:000088a0       ___pioinfo                 005358a0     <common>
 0003:000089a0       ___piob                    005359a0     <common>
 0003:00008ce0       __bufin                    00535ce0     <common>
 0003:00009ce0       __nstream                  00536ce0     <common>
 0003:00009ce4       __acmdln                   00536ce4     <common>
 0004:00000000       __IMPORT_DESCRIPTOR_glew32 00537000     glew32:glew32.dll
 0004:00000014       __IMPORT_DESCRIPTOR_USER32 00537014     user32:USER32.dll
 0004:00000028       __IMPORT_DESCRIPTOR_WINMM  00537028     winmm:WINMM.dll
 0004:0000003c       __IMPORT_DESCRIPTOR_fmod   0053703c     fmodvc:fmod.dll
 0004:00000050       __IMPORT_DESCRIPTOR_OPENGL32 00537050     opengl32:OPENGL32.dll
 0004:00000064       __IMPORT_DESCRIPTOR_KERNEL32 00537064     kernel32:KERNEL32.dll
 0004:00000078       __IMPORT_DESCRIPTOR_GDI32  00537078     gdi32:GDI32.dll
 0004:0000008c       __IMPORT_DESCRIPTOR_comdlg32 0053708c     comdlg32:comdlg32.dll
 0004:000000a0       __NULL_IMPORT_DESCRIPTOR   005370a0     glew32:glew32.dll
 0004:000005e4       __imp__DescribePixelFormat@16 005375e4     gdi32:GDI32.dll
 0004:000005e8       __imp__SetPixelFormat@12   005375e8     gdi32:GDI32.dll
 0004:000005ec       __imp__ChoosePixelFormat@8 005375ec     gdi32:GDI32.dll
 0004:000005f0       __imp__GetStockObject@4    005375f0     gdi32:GDI32.dll
 0004:000005f4       __imp__GetPixelFormat@4    005375f4     gdi32:GDI32.dll
 0004:000005f8       \177GDI32_NULL_THUNK_DATA  005375f8     gdi32:GDI32.dll
 0004:00000628       __imp__EnumSystemLocalesA@8 00537628     kernel32:KERNEL32.dll
 0004:0000062c       __imp__IsValidLocale@8     0053762c     kernel32:KERNEL32.dll
 0004:00000630       __imp__GetLocaleInfoA@16   00537630     kernel32:KERNEL32.dll
 0004:00000634       __imp__GetDateFormatA@24   00537634     kernel32:KERNEL32.dll
 0004:00000638       __imp__GetTimeFormatA@24   00537638     kernel32:KERNEL32.dll
 0004:0000063c       __imp__GetStringTypeW@16   0053763c     kernel32:KERNEL32.dll
 0004:00000640       __imp__GetStringTypeA@20   00537640     kernel32:KERNEL32.dll
 0004:00000644       __imp__LCMapStringW@24     00537644     kernel32:KERNEL32.dll
 0004:00000648       __imp__LCMapStringA@24     00537648     kernel32:KERNEL32.dll
 0004:0000064c       __imp__GetConsoleOutputCP@0 0053764c     kernel32:KERNEL32.dll
 0004:00000650       __imp__WriteConsoleA@20    00537650     kernel32:KERNEL32.dll
 0004:00000654       __imp__CreateFileA@28      00537654     kernel32:KERNEL32.dll
 0004:00000658       __imp__IsValidCodePage@4   00537658     kernel32:KERNEL32.dll
 0004:0000065c       __imp__GetCPInfo@8         0053765c     kernel32:KERNEL32.dll
 0004:00000660       __imp__GetOEMCP@0          00537660     kernel32:KERNEL32.dll
 0004:00000664       __imp__GetACP@0            00537664     kernel32:KERNEL32.dll
 0004:00000668       __imp__HeapReAlloc@16      00537668     kernel32:KERNEL32.dll
 0004:0000066c       __imp__HeapCreate@12       0053766c     kernel32:KERNEL32.dll
 0004:00000670       __imp__HeapDestroy@4       00537670     kernel32:KERNEL32.dll
 0004:00000674       __imp__GetEnvironmentStringsW@0 00537674     kernel32:KERNEL32.dll
 0004:00000678       __imp__FreeEnvironmentStringsW@4 00537678     kernel32:KERNEL32.dll
 0004:0000067c       __imp__GetEnvironmentStrings@0 0053767c     kernel32:KERNEL32.dll
 0004:00000680       __imp__FreeEnvironmentStringsA@4 00537680     kernel32:KERNEL32.dll
 0004:00000684       __imp__GetModuleFileNameA@12 00537684     kernel32:KERNEL32.dll
 0004:00000688       __imp__GetCurrentProcessId@0 00537688     kernel32:KERNEL32.dll
 0004:0000068c       __imp__GetTickCount@0      0053768c     kernel32:KERNEL32.dll
 0004:00000690       __imp__GetTimeZoneInformation@4 00537690     kernel32:KERNEL32.dll
 0004:00000694       __imp__FlushFileBuffers@4  00537694     kernel32:KERNEL32.dll
 0004:00000698       __imp__LoadLibraryW@4      00537698     kernel32:KERNEL32.dll
 0004:0000069c       __imp__SetConsoleCtrlHandler@8 0053769c     kernel32:KERNEL32.dll
 0004:000006a0       __imp__ExitProcess@4       005376a0     kernel32:KERNEL32.dll
 0004:000006a4       __imp__OutputDebugStringW@4 005376a4     kernel32:KERNEL32.dll
 0004:000006a8       __imp__WriteConsoleW@20    005376a8     kernel32:KERNEL32.dll
 0004:000006ac       __imp__OutputDebugStringA@4 005376ac     kernel32:KERNEL32.dll
 0004:000006b0       __imp__GetConsoleMode@8    005376b0     kernel32:KERNEL32.dll
 0004:000006b4       __imp__GetConsoleCP@0      005376b4     kernel32:KERNEL32.dll
 0004:000006b8       __imp__WriteFile@20        005376b8     kernel32:KERNEL32.dll
 0004:000006bc       __imp__ReadFile@20         005376bc     kernel32:KERNEL32.dll
 0004:000006c0       __imp__FatalAppExitA@8     005376c0     kernel32:KERNEL32.dll
 0004:000006c4       __imp__SetFilePointer@16   005376c4     kernel32:KERNEL32.dll
 0004:000006c8       __imp__CloseHandle@4       005376c8     kernel32:KERNEL32.dll
 0004:000006cc       __imp__GetStdHandle@4      005376cc     kernel32:KERNEL32.dll
 0004:000006d0       __imp__SetHandleCount@4    005376d0     kernel32:KERNEL32.dll
 0004:000006d4       __imp__GetUserDefaultLCID@0 005376d4     kernel32:KERNEL32.dll
 0004:000006d8       __imp__GetCurrentThread@0  005376d8     kernel32:KERNEL32.dll
 0004:000006dc       __imp__SetLastError@4      005376dc     kernel32:KERNEL32.dll
 0004:000006e0       __imp__TlsFree@4           005376e0     kernel32:KERNEL32.dll
 0004:000006e4       __imp__GetCurrentThreadId@0 005376e4     kernel32:KERNEL32.dll
 0004:000006e8       __imp__TlsSetValue@8       005376e8     kernel32:KERNEL32.dll
 0004:000006ec       __imp__TlsAlloc@0          005376ec     kernel32:KERNEL32.dll
 0004:000006f0       __imp__TlsGetValue@4       005376f0     kernel32:KERNEL32.dll
 0004:000006f4       __imp__GetModuleHandleA@4  005376f4     kernel32:KERNEL32.dll
 0004:000006f8       __imp__FreeLibrary@4       005376f8     kernel32:KERNEL32.dll
 0004:000006fc       __imp__VirtualQuery@12     005376fc     kernel32:KERNEL32.dll
 0004:00000700       __imp__IsBadReadPtr@8      00537700     kernel32:KERNEL32.dll
 0004:00000704       __imp__HeapValidate@12     00537704     kernel32:KERNEL32.dll
 0004:00000708       __imp__GetStartupInfoA@4   00537708     kernel32:KERNEL32.dll
 0004:0000070c       __imp__GetProcessHeap@0    0053770c     kernel32:KERNEL32.dll
 0004:00000710       __imp__HeapAlloc@12        00537710     kernel32:KERNEL32.dll
 0004:00000714       __imp__GetVersionExA@4     00537714     kernel32:KERNEL32.dll
 0004:00000718       __imp__HeapFree@12         00537718     kernel32:KERNEL32.dll
 0004:0000071c       __imp__GetCommandLineA@0   0053771c     kernel32:KERNEL32.dll
 0004:00000720       __imp__GetSystemTimeAsFileTime@4 00537720     kernel32:KERNEL32.dll
 0004:00000724       __imp__GetModuleFileNameW@12 00537724     kernel32:KERNEL32.dll
 0004:00000728       __imp__SetUnhandledExceptionFilter@4 00537728     kernel32:KERNEL32.dll
 0004:0000072c       __imp__UnhandledExceptionFilter@4 0053772c     kernel32:KERNEL32.dll
 0004:00000730       __imp__GetCurrentProcess@0 00537730     kernel32:KERNEL32.dll
 0004:00000734       __imp__TerminateProcess@8  00537734     kernel32:KERNEL32.dll
 0004:00000738       __imp__RtlUnwind@16        00537738     kernel32:KERNEL32.dll
 0004:0000073c       __imp__GetFileType@4       0053773c     kernel32:KERNEL32.dll
 0004:00000740       __imp__PeekNamedPipe@24    00537740     kernel32:KERNEL32.dll
 0004:00000744       __imp__GetFileInformationByHandle@8 00537744     kernel32:KERNEL32.dll
 0004:00000748       __imp__FileTimeToLocalFileTime@8 00537748     kernel32:KERNEL32.dll
 0004:0000074c       __imp__FileTimeToSystemTime@8 0053774c     kernel32:KERNEL32.dll
 0004:00000750       __imp__GetProcAddress@8    00537750     kernel32:KERNEL32.dll
 0004:00000754       __imp__lstrlenA@4          00537754     kernel32:KERNEL32.dll
 0004:00000758       __imp__MultiByteToWideChar@24 00537758     kernel32:KERNEL32.dll
 0004:0000075c       __imp__IsDebuggerPresent@0 0053775c     kernel32:KERNEL32.dll
 0004:00000760       __imp__WideCharToMultiByte@32 00537760     kernel32:KERNEL32.dll
 0004:00000764       __imp__DebugBreak@0        00537764     kernel32:KERNEL32.dll
 0004:00000768       __imp__RaiseException@16   00537768     kernel32:KERNEL32.dll
 0004:0000076c       __imp__LeaveCriticalSection@4 0053776c     kernel32:KERNEL32.dll
 0004:00000770       __imp__EnterCriticalSection@4 00537770     kernel32:KERNEL32.dll
 0004:00000774       __imp__DeleteCriticalSection@4 00537774     kernel32:KERNEL32.dll
 0004:00000778       __imp__InitializeCriticalSection@4 00537778     kernel32:KERNEL32.dll
 0004:0000077c       __imp__InterlockedExchange@8 0053777c     kernel32:KERNEL32.dll
 0004:00000780       __imp__InterlockedDecrement@4 00537780     kernel32:KERNEL32.dll
 0004:00000784       __imp__InterlockedIncrement@4 00537784     kernel32:KERNEL32.dll
 0004:00000788       __imp__SetEndOfFile@4      00537788     kernel32:KERNEL32.dll
 0004:0000078c       __imp__GetLocaleInfoW@16   0053778c     kernel32:KERNEL32.dll
 0004:00000790       __imp__CompareStringA@24   00537790     kernel32:KERNEL32.dll
 0004:00000794       __imp__CompareStringW@24   00537794     kernel32:KERNEL32.dll
 0004:00000798       __imp__SetStdHandle@8      00537798     kernel32:KERNEL32.dll
 0004:0000079c       __imp__VirtualFree@12      0053779c     kernel32:KERNEL32.dll
 0004:000007a0       __imp__QueryPerformanceCounter@4 005377a0     kernel32:KERNEL32.dll
 0004:000007a4       __imp__LocalFree@4         005377a4     kernel32:KERNEL32.dll
 0004:000007a8       __imp__FormatMessageA@28   005377a8     kernel32:KERNEL32.dll
 0004:000007ac       __imp__GetLastError@0      005377ac     kernel32:KERNEL32.dll
 0004:000007b0       __imp__CreateThread@24     005377b0     kernel32:KERNEL32.dll
 0004:000007b4       __imp__VirtualAlloc@16     005377b4     kernel32:KERNEL32.dll
 0004:000007b8       __imp__SetEnvironmentVariableA@8 005377b8     kernel32:KERNEL32.dll
 0004:000007bc       __imp__LoadLibraryA@4      005377bc     kernel32:KERNEL32.dll
 0004:000007c0       __imp__Sleep@4             005377c0     kernel32:KERNEL32.dll
 0004:000007c4       __imp__QueryPerformanceFrequency@4 005377c4     kernel32:KERNEL32.dll
 0004:000007c8       \177KERNEL32_NULL_THUNK_DATA 005377c8     kernel32:KERNEL32.dll
 0004:00000844       __imp__glDeleteLists@8     00537844     opengl32:OPENGL32.dll
 0004:00000848       __imp__glTexSubImage2D@36  00537848     opengl32:OPENGL32.dll
 0004:0000084c       __imp__glCallList@4        0053784c     opengl32:OPENGL32.dll
 0004:00000850       __imp__glFlush@0           00537850     opengl32:OPENGL32.dll
 0004:00000854       __imp__glGenTextures@8     00537854     opengl32:OPENGL32.dll
 0004:00000858       __imp__glIsList@4          00537858     opengl32:OPENGL32.dll
 0004:0000085c       __imp__glGenLists@4        0053785c     opengl32:OPENGL32.dll
 0004:00000860       __imp__wglMakeCurrent@8    00537860     opengl32:OPENGL32.dll
 0004:00000864       __imp__wglCreateContext@4  00537864     opengl32:OPENGL32.dll
 0004:00000868       __imp__glNewList@8         00537868     opengl32:OPENGL32.dll
 0004:0000086c       __imp__glBegin@4           0053786c     opengl32:OPENGL32.dll
 0004:00000870       __imp__glVertex2f@8        00537870     opengl32:OPENGL32.dll
 0004:00000874       __imp__glEnd@0             00537874     opengl32:OPENGL32.dll
 0004:00000878       __imp__glEndList@0         00537878     opengl32:OPENGL32.dll
 0004:0000087c       __imp__glEnable@4          0053787c     opengl32:OPENGL32.dll
 0004:00000880       __imp__glBindTexture@8     00537880     opengl32:OPENGL32.dll
 0004:00000884       __imp__glTexImage2D@36     00537884     opengl32:OPENGL32.dll
 0004:00000888       __imp__glTexParameterfv@12 00537888     opengl32:OPENGL32.dll
 0004:0000088c       __imp__glTexParameteri@12  0053788c     opengl32:OPENGL32.dll
 0004:00000890       __imp__glTexEnvi@12        00537890     opengl32:OPENGL32.dll
 0004:00000894       __imp__glLoadMatrixf@4     00537894     opengl32:OPENGL32.dll
 0004:00000898       __imp__glPixelTransferf@8  00537898     opengl32:OPENGL32.dll
 0004:0000089c       __imp__glViewport@16       0053789c     opengl32:OPENGL32.dll
 0004:000008a0       __imp__glMatrixMode@4      005378a0     opengl32:OPENGL32.dll
 0004:000008a4       __imp__glLoadIdentity@0    005378a4     opengl32:OPENGL32.dll
 0004:000008a8       __imp__glOrtho@48          005378a8     opengl32:OPENGL32.dll
 0004:000008ac       __imp__glDisable@4         005378ac     opengl32:OPENGL32.dll
 0004:000008b0       __imp__glClear@4           005378b0     opengl32:OPENGL32.dll
 0004:000008b4       __imp__wglDeleteContext@4  005378b4     opengl32:OPENGL32.dll
 0004:000008b8       \177OPENGL32_NULL_THUNK_DATA 005378b8     opengl32:OPENGL32.dll
 0004:000008f8       __imp__MessageBoxA@16      005378f8     user32:USER32.dll
 0004:000008fc       __imp__SendMessageA@16     005378fc     user32:USER32.dll
 0004:00000900       __imp__AdjustWindowRectEx@16 00537900     user32:USER32.dll
 0004:00000904       __imp__GetClientRect@8     00537904     user32:USER32.dll
 0004:00000908       __imp__GetWindowRect@8     00537908     user32:USER32.dll
 0004:0000090c       __imp__PostMessageA@16     0053790c     user32:USER32.dll
 0004:00000910       __imp__ChangeDisplaySettingsA@8 00537910     user32:USER32.dll
 0004:00000914       __imp__ShowWindow@8        00537914     user32:USER32.dll
 0004:00000918       __imp__ReleaseDC@8         00537918     user32:USER32.dll
 0004:0000091c       __imp__DestroyWindow@4     0053791c     user32:USER32.dll
 0004:00000920       __imp__GetDC@4             00537920     user32:USER32.dll
 0004:00000924       __imp__CreateWindowExA@48  00537924     user32:USER32.dll
 0004:00000928       __imp__ShowCursor@4        00537928     user32:USER32.dll
 0004:0000092c       __imp__UnregisterClassA@8  0053792c     user32:USER32.dll
 0004:00000930       __imp__DefWindowProcA@16   00537930     user32:USER32.dll
 0004:00000934       __imp__SetWindowPos@28     00537934     user32:USER32.dll
 0004:00000938       __imp__EndPaint@8          00537938     user32:USER32.dll
 0004:0000093c       __imp__BeginPaint@8        0053793c     user32:USER32.dll
 0004:00000940       __imp__SetWindowLongA@12   00537940     user32:USER32.dll
 0004:00000944       __imp__CreateDialogParamA@20 00537944     user32:USER32.dll
 0004:00000948       __imp__EndDialog@8         00537948     user32:USER32.dll
 0004:0000094c       __imp__LoadIconA@8         0053794c     user32:USER32.dll
 0004:00000950       __imp__LoadBitmapA@8       00537950     user32:USER32.dll
 0004:00000954       __imp__GetDlgItem@8        00537954     user32:USER32.dll
 0004:00000958       __imp__IsDialogMessageA@8  00537958     user32:USER32.dll
 0004:0000095c       __imp__InvalidateRect@12   0053795c     user32:USER32.dll
 0004:00000960       __imp__UpdateWindow@4      00537960     user32:USER32.dll
 0004:00000964       __imp__EnableWindow@8      00537964     user32:USER32.dll
 0004:00000968       __imp__WaitMessage@0       00537968     user32:USER32.dll
 0004:0000096c       __imp__PeekMessageA@20     0053796c     user32:USER32.dll
 0004:00000970       __imp__DispatchMessageA@4  00537970     user32:USER32.dll
 0004:00000974       __imp__LoadCursorA@8       00537974     user32:USER32.dll
 0004:00000978       __imp__RegisterClassExA@4  00537978     user32:USER32.dll
 0004:0000097c       __imp__GetWindowLongA@8    0053797c     user32:USER32.dll
 0004:00000980       \177USER32_NULL_THUNK_DATA 00537980     user32:USER32.dll
 0004:000009c4       __imp__timeBeginPeriod@4   005379c4     winmm:WINMM.dll
 0004:000009c8       __imp__timeKillEvent@4     005379c8     winmm:WINMM.dll
 0004:000009cc       __imp__timeEndPeriod@4     005379cc     winmm:WINMM.dll
 0004:000009d0       __imp__timeSetEvent@20     005379d0     winmm:WINMM.dll
 0004:000009d4       \177WINMM_NULL_THUNK_DATA  005379d4     winmm:WINMM.dll
 0004:00000a00       __imp__GetOpenFileNameA@4  00537a00     comdlg32:comdlg32.dll
 0004:00000a04       \177comdlg32_NULL_THUNK_DATA 00537a04     comdlg32:comdlg32.dll
 0004:00000a30       __imp__FSOUND_Stream_Close@4 00537a30     fmodvc:fmod.dll
 0004:00000a34       __imp__FSOUND_Init@12      00537a34     fmodvc:fmod.dll
 0004:00000a38       __imp__FSOUND_Stream_Create@20 00537a38     fmodvc:fmod.dll
 0004:00000a3c       __imp__FSOUND_Close@0      00537a3c     fmodvc:fmod.dll
 0004:00000a40       __imp__FSOUND_Stream_Stop@4 00537a40     fmodvc:fmod.dll
 0004:00000a44       __imp__FSOUND_SetMute@8    00537a44     fmodvc:fmod.dll
 0004:00000a48       __imp__FSOUND_SetFrequency@8 00537a48     fmodvc:fmod.dll
 0004:00000a4c       __imp__FSOUND_IsPlaying@4  00537a4c     fmodvc:fmod.dll
 0004:00000a50       __imp__FSOUND_SetVolume@8  00537a50     fmodvc:fmod.dll
 0004:00000a54       __imp__FSOUND_Stream_Play@8 00537a54     fmodvc:fmod.dll
 0004:00000a58       __imp__FSOUND_SetDriver@4  00537a58     fmodvc:fmod.dll
 0004:00000a5c       \177fmod_NULL_THUNK_DATA   00537a5c     fmodvc:fmod.dll
 0004:00000a90       __imp____glewActiveTexture 00537a90     glew32:glew32.dll
 0004:00000a94       __imp____glewMultiTexCoord2fvARB 00537a94     glew32:glew32.dll
 0004:00000a98       __imp____glewGetUniformLocationARB 00537a98     glew32:glew32.dll
 0004:00000a9c       __imp____glewUniform1iARB  00537a9c     glew32:glew32.dll
 0004:00000aa0       __imp____glewActiveTextureARB 00537aa0     glew32:glew32.dll
 0004:00000aa4       __imp____wglewFreeMemoryNV 00537aa4     glew32:glew32.dll
 0004:00000aa8       __imp____glewUseProgramObjectARB 00537aa8     glew32:glew32.dll
 0004:00000aac       __imp____glewDetachObjectARB 00537aac     glew32:glew32.dll
 0004:00000ab0       __imp____glewAttachObjectARB 00537ab0     glew32:glew32.dll
 0004:00000ab4       __imp____glewLinkProgramARB 00537ab4     glew32:glew32.dll
 0004:00000ab8       __imp____glewCompileShaderARB 00537ab8     glew32:glew32.dll
 0004:00000abc       __imp____glewShaderSourceARB 00537abc     glew32:glew32.dll
 0004:00000ac0       __imp____glewGetObjectParameterivARB 00537ac0     glew32:glew32.dll
 0004:00000ac4       __imp____glewGetInfoLogARB 00537ac4     glew32:glew32.dll
 0004:00000ac8       __imp____glewDeleteObjectARB 00537ac8     glew32:glew32.dll
 0004:00000acc       __imp____glewCreateProgramObjectARB 00537acc     glew32:glew32.dll
 0004:00000ad0       __imp____glewCreateShaderObjectARB 00537ad0     glew32:glew32.dll
 0004:00000ad4       __imp__glewInit            00537ad4     glew32:glew32.dll
 0004:00000ad8       __imp__glewGetErrorString  00537ad8     glew32:glew32.dll
 0004:00000adc       \177glew32_NULL_THUNK_DATA 00537adc     glew32:glew32.dll

 entry point at        0001:000ab4b0

