 Nuance

 Timestamp is 46a16bc6 (Fri Jul 20 21:13:26 2007)

 Preferred load address is 00400000

 Start         Length     Name                   Class
 0001:00000000 00057a35H .text                   CODE
 0001:00057a40 000001d3H .text$x                 CODE
 0001:00057c13 00000014H .text$yd                CODE
 0002:00000000 00000300H .idata$5                DATA
 0002:00000300 00000004H .CRT$XCA                DATA
 0002:00000304 00000004H .CRT$XCZ                DATA
 0002:00000308 00000004H .CRT$XIA                DATA
 0002:0000030c 00000014H .CRT$XIC                DATA
 0002:00000320 00000004H .CRT$XIY                DATA
 0002:00000324 00000004H .CRT$XIZ                DATA
 0002:00000328 00000004H .CRT$XPA                DATA
 0002:0000032c 00000004H .CRT$XPX                DATA
 0002:00000330 00000004H .CRT$XPXA               DATA
 0002:00000334 00000004H .CRT$XPZ                DATA
 0002:00000338 00000004H .CRT$XTA                DATA
 0002:0000033c 00000004H .CRT$XTZ                DATA
 0002:00000340 00005c80H .rdata                  DATA
 0002:00005fc0 00000041H .rdata$debug            DATA
 0002:00006004 00000214H .rdata$r                DATA
 0002:00006220 00000050H .rdata$sxdata           DATA
 0002:00006270 00000004H .rtc$IAA                DATA
 0002:00006274 00000004H .rtc$IZZ                DATA
 0002:00006278 00000004H .rtc$TAA                DATA
 0002:0000627c 00000004H .rtc$TZZ                DATA
 0002:00006280 00000c7cH .xdata$x                DATA
 0002:00006efc 000000a0H .idata$2                DATA
 0002:00006f9c 00000014H .idata$3                DATA
 0002:00006fb0 00000300H .idata$4                DATA
 0002:000072b0 00000d88H .idata$6                DATA
 0002:00008038 00000000H .edata                  DATA
 0003:00000000 00003a10H .data                   DATA
 0003:00003a20 000046a4H .bss                    DATA
 0004:00000000 000001f0H .rsrc$01                DATA
 0004:000001f0 000253c8H .rsrc$02                DATA

  Address         Publics by Value              Rva+Base       Lib:Object

 0000:00000000       __except_list              00000000     <absolute>
 0000:00000014       ___safe_se_handler_count   00000014     <absolute>
 0000:00000000       ___ImageBase               00400000     <linker-defined>
 0001:00000000       ??0OverlayManager@@QAE@XZ  00401000 f   OverlayManager.obj
 0001:000000d0       ?Hash@OverlayManager@@QAEIPAI@Z 004010d0 f   OverlayManager.obj
 0001:00000140       ?FindOverlay@OverlayManager@@QAEIPAIAA_N@Z 00401140 f   OverlayManager.obj
 0001:000001d0       ?AudioMute@@YAXPAVMPE@@@Z  004011d0 f   audio.obj
 0001:000001f0       ?AudioReset@@YAXPAVMPE@@@Z 004011f0 f   audio.obj
 0001:00000220       ?AudioQuerySampleRates@@YAXPAVMPE@@@Z 00401220 f   audio.obj
 0001:00000230       ?AudioSetSampleRate@@YAXPAVMPE@@@Z 00401230 f   audio.obj
 0001:00000350       ?AudioQueryChannelMode@@YAXPAVMPE@@@Z 00401350 f   audio.obj
 0001:00000360       ?AudioSetChannelMode@@YAXPAVMPE@@@Z 00401360 f   audio.obj
 0001:000003e0       ?AudioSetDMABuffer@@YAXPAVMPE@@@Z 004013e0 f   audio.obj
 0001:00000410       ?BDMA_Type12_Write_0@@YAXPAVMPE@@IIIII@Z 00401410 f   bdma_type12.obj
 0001:00000790       ?BDMA_Type5_Write_0@@YAXPAVMPE@@IIIII@Z 00401790 f   bdma_type5.obj
 0001:00000bb0       ?BDMA_Type5_Read_0@@YAXPAVMPE@@IIIII@Z 00401bb0 f   bdma_type5.obj
 0001:00000d30       ?BDMA_Type8_Write_0@@YAXPAVMPE@@IIIII@Z 00401d30 f   bdma_type8.obj
 0001:00000fa0       ?BDMA_Type8_Write_3@@YAXPAVMPE@@IIIII@Z 00401fa0 f   bdma_type8.obj
 0001:00000fa0       ?AssemblyBiosHandler@@YAXPAVMPE@@@Z 00401fa0 f   bios.obj
 0001:00000fa0       ?BDMA_Type8_Write_7@@YAXPAVMPE@@IIIII@Z 00401fa0 f   bdma_type8.obj
 0001:00000fa0       ?BDMA_Type8_Read_5@@YAXPAVMPE@@IIIII@Z 00401fa0 f   bdma_type8.obj
 0001:00000fa0       ?BDMA_Type8_Write_4@@YAXPAVMPE@@IIIII@Z 00401fa0 f   bdma_type8.obj
 0001:00000fa0       ?BDMA_Type8_Read_7@@YAXPAVMPE@@IIIII@Z 00401fa0 f   bdma_type8.obj
 0001:00000fa0       ?BDMA_Type5_Write_2@@YAXPAVMPE@@IIIII@Z 00401fa0 f   bdma_type5.obj
 0001:00000fa0       ?BDMA_Type8_Write_5@@YAXPAVMPE@@IIIII@Z 00401fa0 f   bdma_type8.obj
 0001:00000fa0       ?API_NDK@@YAXPAVMPE@@@Z    00401fa0 f   PresentationEngine.obj
 0001:00000fa0       ?BDMA_Type8_Write_6@@YAXPAVMPE@@IIIII@Z 00401fa0 f   bdma_type8.obj
 0001:00000fa0       ?BDMA_Type8_Read_4@@YAXPAVMPE@@IIIII@Z 00401fa0 f   bdma_type8.obj
 0001:00000fa0       ?BDMA_Type5_Read_2@@YAXPAVMPE@@IIIII@Z 00401fa0 f   bdma_type5.obj
 0001:00000fa0       ?API_DVD@@YAXPAVMPE@@@Z    00401fa0 f   PresentationEngine.obj
 0001:00000fa0       ?UnimplementedBilinearDMAHandler@@YAXPAVMPE@@IIIII@Z 00401fa0 f   dma.obj
 0001:00000fa0       ?BDMA_Type5_Write_3@@YAXPAVMPE@@IIIII@Z 00401fa0 f   bdma_type5.obj
 0001:00000fa0       ?BDMA_Type5_Read_4@@YAXPAVMPE@@IIIII@Z 00401fa0 f   bdma_type5.obj
 0001:00000fa0       ?API_StepOneFrame@@YAXPAVMPE@@@Z 00401fa0 f   PresentationEngine.obj
 0001:00000fa0       ?BDMA_Type8_Read_3@@YAXPAVMPE@@IIIII@Z 00401fa0 f   bdma_type8.obj
 0001:00000fa0       ?API_AUDIOStreamSelect@@YAXPAVMPE@@@Z 00401fa0 f   PresentationEngine.obj
 0001:00000fa0       ?BDMA_Type8_Read_0@@YAXPAVMPE@@IIIII@Z 00401fa0 f   bdma_type8.obj
 0001:00000fa0       ?NullBiosHandler@@YAXPAVMPE@@@Z 00401fa0 f   bios.obj
 0001:00000fa0       ?BDMA_Type8_Write_2@@YAXPAVMPE@@IIIII@Z 00401fa0 f   bdma_type8.obj
 0001:00000fa0       ?Execute_ECU_NOP@@YAXAAVMPE@@AAVInstructionCacheEntry@@AAVNuance@@@Z 00401fa0 f   ExecuteECU.obj
 0001:00000fa0       ?BDMA_Type5_Read_7@@YAXPAVMPE@@IIIII@Z 00401fa0 f   bdma_type5.obj
 0001:00000fa0       ?BDMA_Type5_Read_6@@YAXPAVMPE@@IIIII@Z 00401fa0 f   bdma_type5.obj
 0001:00000fa0       ?API_PresentCell@@YAXPAVMPE@@@Z 00401fa0 f   PresentationEngine.obj
 0001:00000fa0       ?Close@GLWindow@@QAEXXZ    00401fa0 f   GLWindow.obj
 0001:00000fa0       ?BDMA_Type5_Write_1@@YAXPAVMPE@@IIIII@Z 00401fa0 f   bdma_type5.obj
 0001:00000fa0       ?PropagateConstants_PacketStart@@YAXAAVSuperBlockConstants@@@Z 00401fa0 f   SuperBlockConstants.obj
 0001:00000fa0       ?BDMA_Type5_Write_4@@YAXPAVMPE@@IIIII@Z 00401fa0 f   bdma_type5.obj
 0001:00000fa0       ?BDMA_Type5_Write_6@@YAXPAVMPE@@IIIII@Z 00401fa0 f   bdma_type5.obj
 0001:00000fa0       ?BDMA_Type8_Write_1@@YAXPAVMPE@@IIIII@Z 00401fa0 f   bdma_type8.obj
 0001:00000fa0       ?API_CellStillDone@@YAXPAVMPE@@@Z 00401fa0 f   PresentationEngine.obj
 0001:00000fa0       ?API_ForwardSpeed@@YAXPAVMPE@@@Z 00401fa0 f   PresentationEngine.obj
 0001:00000fa0       ?BDMA_Type5_Write_7@@YAXPAVMPE@@IIIII@Z 00401fa0 f   bdma_type5.obj
 0001:00000fa0       ?BDMA_Type8_Read_2@@YAXPAVMPE@@IIIII@Z 00401fa0 f   bdma_type8.obj
 0001:00000fa0       ?BDMA_Type5_Write_5@@YAXPAVMPE@@IIIII@Z 00401fa0 f   bdma_type5.obj
 0001:00000fa0       ?BDMA_Type8_Read_6@@YAXPAVMPE@@IIIII@Z 00401fa0 f   bdma_type8.obj
 0001:00000fa0       ?API_EnterPE@@YAXPAVMPE@@@Z 00401fa0 f   PresentationEngine.obj
 0001:00000fa0       ??1GLWindow@@QAE@XZ        00401fa0 f   GLWindow.obj
 0001:00000fa0       ?BDMA_Type5_Read_5@@YAXPAVMPE@@IIIII@Z 00401fa0 f   bdma_type5.obj
 0001:00000fa0       ?Emit_NOP@@YAXPAVEmitterVariables@@AAVNuance@@@Z 00401fa0 f   EmitMisc.obj
 0001:00000fa0       ?BDMA_Type5_Read_1@@YAXPAVMPE@@IIIII@Z 00401fa0 f   bdma_type5.obj
 0001:00000fa0       ?API_SetAngle@@YAXPAVMPE@@@Z 00401fa0 f   PresentationEngine.obj
 0001:00000fa0       ?BDMA_Type8_Read_1@@YAXPAVMPE@@IIIII@Z 00401fa0 f   bdma_type8.obj
 0001:00000fa0       ?API_StartCellStill@@YAXPAVMPE@@@Z 00401fa0 f   PresentationEngine.obj
 0001:00000fa0       ?BDMA_Type5_Read_3@@YAXPAVMPE@@IIIII@Z 00401fa0 f   bdma_type5.obj
 0001:00000fa0       ?API_PresentVOB@@YAXPAVMPE@@@Z 00401fa0 f   PresentationEngine.obj
 0001:00000fa0       ?UnimplementedCacheHandler@@YAXPAVMPE@@@Z 00401fa0 f   bios.obj
 0001:00000fa0       ??1SuperBlockConstants@@QAE@XZ 00401fa0 f   SuperBlockConstants.obj
 0001:00000fa0       ?API_CellReadDone@@YAXPAVMPE@@@Z 00401fa0 f   PresentationEngine.obj
 0001:00000fa0       ?DMAWait@@YAXPAVMPE@@@Z    00401fa0 f   dma.obj
 0001:00000fb0       ?UnimplementedMediaHandler@@YAXPAVMPE@@@Z 00401fb0 f   bios.obj
 0001:00000fd0       ?SetISRExitHook@@YAXPAVMPE@@@Z 00401fd0 f   bios.obj
 0001:00001000       ?InstallCommHandler@@YA_NPAVMPE@@IPAI1@Z 00402000 f   bios.obj
 0001:00001120       ?IntGetVector@@YAXPAVMPE@@@Z 00402120 f   bios.obj
 0001:00001160       ?IntSetVector@@YAXPAVMPE@@@Z 00402160 f   bios.obj
 0001:00001210       ?BiosExit@@YAXPAVMPE@@@Z   00402210 f   bios.obj
 0001:00001220       ?PatchJumptable@@YAIII@Z   00402220 f   bios.obj
 0001:000012f0       ?PatchJumptable@@YAXPAVMPE@@@Z 004022f0 f   bios.obj
 0001:00001310       ?BiosPauseMsg@@YAXPAVMPE@@@Z 00402310 f   bios.obj
 0001:00001350       ?InitBios@@YAXPAVMPE@@@Z   00402350 f   bios.obj
 0001:00001580       ?KPrintf@@YAXPAVMPE@@@Z    00402580 f   bios.obj
 0001:000015c0       ?SwapWordBytes@@YIXPAG@Z   004025c0 f   byteswap.obj
 0001:000015d0       ?SwapScalarBytes@@YIXPAI@Z 004025d0 f   byteswap.obj
 0001:000015e0       ?SwapShortVectorBytes@@YIXPAG@Z 004025e0 f   byteswap.obj
 0001:00001610       ?SwapVectorBytes@@YIXPAI@Z 00402610 f   byteswap.obj
 0001:00001630       ?LoadCoffFile@MPE@@QAE_NPAD_NH@Z 00402630 f   coff.obj
 0001:00001b00       ?DoCommBusController@@YAXXZ 00402b00 f   comm.obj
 0001:00001de0       ?DecodeInstruction_ALU16@MPE@@QAEXPAEPAVInstructionCacheEntry@@PAI@Z 00402de0 f   DecodeALU.obj
 0001:00002240       ?DecodeInstruction_ALU32@MPE@@QAEXPAEPAVInstructionCacheEntry@@PAI@Z 00403240 f   DecodeALU.obj
 0001:00003670       ?DecodeInstruction_ECU16@MPE@@QAEXPAEPAVInstructionCacheEntry@@PAI@Z 00404670 f   DecodeECU.obj
 0001:00003980       ?DecodeInstruction_ECU32@MPE@@QAEXPAEPAVInstructionCacheEntry@@PAI@Z 00404980 f   DecodeECU.obj
 0001:00003de0       ?GetControlRegisterInputDependencies@MPE@@QAEIIAA_N@Z 00404de0 f   DecodeMEM.obj
 0001:00003f70       ?GetControlRegisterOutputDependencies@MPE@@QAEIIAA_N@Z 00404f70 f   DecodeMEM.obj
 0001:00004110       ?DecodeInstruction_MEM16@MPE@@QAEXPAEPAVInstructionCacheEntry@@PAI@Z 00405110 f   DecodeMEM.obj
 0001:000045e0       ?DecodeInstruction_MEM32@MPE@@QAEXPAEPAVInstructionCacheEntry@@PAI@Z 004055e0 f   DecodeMEM.obj
 0001:00005430       ?DecodeInstruction_MUL16@MPE@@QAEXPAEPAVInstructionCacheEntry@@PAI@Z 00406430 f   DecodeMUL.obj
 0001:000054e0       ?DecodeInstruction_MUL32@MPE@@QAEXPAEPAVInstructionCacheEntry@@PAI@Z 004064e0 f   DecodeMUL.obj
 0001:00005d10       ?DecodeInstruction_RCU16@MPE@@QAEXPAEPAVInstructionCacheEntry@@PAI@Z 00406d10 f   DecodeRCU.obj
 0001:00005fa0       ?DMALinear@@YAXPAVMPE@@III@Z 00406fa0 f   dma.obj
 0001:00006620       ?DMALinear@@YAXPAVMPE@@@Z  00407620 f   dma.obj
 0001:00006660       ?DMABiLinear@@YAXPAVMPE@@IIIII@Z 00407660 f   dma.obj
 0001:00006f50       ?DMABiLinear@@YAXPAVMPE@@@Z 00407f50 f   dma.obj
 0001:00006fb0       ?DMADo@@YAXPAVMPE@@@Z      00407fb0 f   dma.obj
 0001:00007140       ?Emit_ABS@@YAXPAVEmitterVariables@@AAVNuance@@@Z 00408140 f   EmitALU.obj
 0001:00007310       ?Emit_BITSScalar@@YAXPAVEmitterVariables@@AAVNuance@@@Z 00408310 f   EmitALU.obj
 0001:000074a0       ?Emit_BITSImmediate@@YAXPAVEmitterVariables@@AAVNuance@@@Z 004084a0 f   EmitALU.obj
 0001:000075e0       ?Emit_BTST@@YAXPAVEmitterVariables@@AAVNuance@@@Z 004085e0 f   EmitALU.obj
 0001:000076c0       ?Emit_BUTT@@YAXPAVEmitterVariables@@AAVNuance@@@Z 004086c0 f   EmitALU.obj
 0001:000078c0       ?Emit_COPY@@YAXPAVEmitterVariables@@AAVNuance@@@Z 004088c0 f   EmitALU.obj
 0001:000079f0       ?Emit_MSB@@YAXPAVEmitterVariables@@AAVNuance@@@Z 004089f0 f   EmitALU.obj
 0001:00007ca0       ?Emit_SAT@@YAXPAVEmitterVariables@@AAVNuance@@@Z 00408ca0 f   EmitALU.obj
 0001:00007e20       ?Emit_ADD_SV@@YAXPAVEmitterVariables@@AAVNuance@@@Z 00408e20 f   EmitALU.obj
 0001:000081f0       ?Emit_ADD_P@@YAXPAVEmitterVariables@@AAVNuance@@@Z 004091f0 f   EmitALU.obj
 0001:00008420       ?Emit_SUB_SV@@YAXPAVEmitterVariables@@AAVNuance@@@Z 00409420 f   EmitALU.obj
 0001:00008850       ?Emit_SUB_P@@YAXPAVEmitterVariables@@AAVNuance@@@Z 00409850 f   EmitALU.obj
 0001:00008ae0       ?Emit_ANDScalar@@YAXPAVEmitterVariables@@AAVNuance@@@Z 00409ae0 f   EmitALU.obj
 0001:00008c50       ?Emit_ANDImmediate@@YAXPAVEmitterVariables@@AAVNuance@@@Z 00409c50 f   EmitALU.obj
 0001:00008d90       ?Emit_ANDImmediateShiftScalar@@YAXPAVEmitterVariables@@AAVNuance@@@Z 00409d90 f   EmitALU.obj
 0001:00008f90       ?Emit_ANDScalarShiftScalar@@YAXPAVEmitterVariables@@AAVNuance@@@Z 00409f90 f   EmitALU.obj
 0001:000091c0       ?Emit_ANDScalarRotateScalar@@YAXPAVEmitterVariables@@AAVNuance@@@Z 0040a1c0 f   EmitALU.obj
 0001:000093f0       ?Emit_ANDScalarShiftLeftImmediate@@YAXPAVEmitterVariables@@AAVNuance@@@Z 0040a3f0 f   EmitALU.obj
 0001:00009530       ?Emit_ANDScalarShiftRightImmediate@@YAXPAVEmitterVariables@@AAVNuance@@@Z 0040a530 f   EmitALU.obj
 0001:00009670       ?Emit_FTSTImmediate@@YAXPAVEmitterVariables@@AAVNuance@@@Z 0040a670 f   EmitALU.obj
 0001:00009790       ?Emit_FTSTScalar@@YAXPAVEmitterVariables@@AAVNuance@@@Z 0040a790 f   EmitALU.obj
 0001:000098d0       ?Emit_FTSTImmediateShiftScalar@@YAXPAVEmitterVariables@@AAVNuance@@@Z 0040a8d0 f   EmitALU.obj
 0001:00009ac0       ?Emit_FTSTScalarShiftScalar@@YAXPAVEmitterVariables@@AAVNuance@@@Z 0040aac0 f   EmitALU.obj
 0001:00009cd0       ?Emit_FTSTScalarRotateScalar@@YAXPAVEmitterVariables@@AAVNuance@@@Z 0040acd0 f   EmitALU.obj
 0001:00009ee0       ?Emit_FTSTScalarShiftLeftImmediate@@YAXPAVEmitterVariables@@AAVNuance@@@Z 0040aee0 f   EmitALU.obj
 0001:0000a000       ?Emit_FTSTScalarShiftRightImmediate@@YAXPAVEmitterVariables@@AAVNuance@@@Z 0040b000 f   EmitALU.obj
 0001:0000a120       ?Emit_ORImmediate@@YAXPAVEmitterVariables@@AAVNuance@@@Z 0040b120 f   EmitALU.obj
 0001:0000a260       ?Emit_ORScalar@@YAXPAVEmitterVariables@@AAVNuance@@@Z 0040b260 f   EmitALU.obj
 0001:0000a3d0       ?Emit_ORImmediateShiftScalar@@YAXPAVEmitterVariables@@AAVNuance@@@Z 0040b3d0 f   EmitALU.obj
 0001:0000a5d0       ?Emit_ORScalarShiftScalar@@YAXPAVEmitterVariables@@AAVNuance@@@Z 0040b5d0 f   EmitALU.obj
 0001:0000a800       ?Emit_ORScalarRotateScalar@@YAXPAVEmitterVariables@@AAVNuance@@@Z 0040b800 f   EmitALU.obj
 0001:0000aa30       ?Emit_ORScalarShiftLeftImmediate@@YAXPAVEmitterVariables@@AAVNuance@@@Z 0040ba30 f   EmitALU.obj
 0001:0000ab70       ?Emit_ORScalarShiftRightImmediate@@YAXPAVEmitterVariables@@AAVNuance@@@Z 0040bb70 f   EmitALU.obj
 0001:0000acb0       ?Emit_EORImmediate@@YAXPAVEmitterVariables@@AAVNuance@@@Z 0040bcb0 f   EmitALU.obj
 0001:0000adf0       ?Emit_EORScalar@@YAXPAVEmitterVariables@@AAVNuance@@@Z 0040bdf0 f   EmitALU.obj
 0001:0000af60       ?Emit_EORImmediateShiftScalar@@YAXPAVEmitterVariables@@AAVNuance@@@Z 0040bf60 f   EmitALU.obj
 0001:0000b160       ?Emit_EORScalarShiftScalar@@YAXPAVEmitterVariables@@AAVNuance@@@Z 0040c160 f   EmitALU.obj
 0001:0000b390       ?Emit_EORScalarRotateScalar@@YAXPAVEmitterVariables@@AAVNuance@@@Z 0040c390 f   EmitALU.obj
 0001:0000b5c0       ?Emit_EORScalarShiftLeftImmediate@@YAXPAVEmitterVariables@@AAVNuance@@@Z 0040c5c0 f   EmitALU.obj
 0001:0000b700       ?Emit_EORScalarShiftRightImmediate@@YAXPAVEmitterVariables@@AAVNuance@@@Z 0040c700 f   EmitALU.obj
 0001:0000b840       ?Emit_ADDImmediate@@YAXPAVEmitterVariables@@AAVNuance@@@Z 0040c840 f   EmitALU.obj
 0001:0000b9c0       ?Emit_ADDScalar@@YAXPAVEmitterVariables@@AAVNuance@@@Z 0040c9c0 f   EmitALU.obj
 0001:0000bb70       ?Emit_ADDScalarShiftLeftImmediate@@YAXPAVEmitterVariables@@AAVNuance@@@Z 0040cb70 f   EmitALU.obj
 0001:0000bd10       ?Emit_ADDScalarShiftRightImmediate@@YAXPAVEmitterVariables@@AAVNuance@@@Z 0040cd10 f   EmitALU.obj
 0001:0000beb0       ?Emit_SUBImmediate@@YAXPAVEmitterVariables@@AAVNuance@@@Z 0040ceb0 f   EmitALU.obj
 0001:0000c030       ?Emit_SUBScalar@@YAXPAVEmitterVariables@@AAVNuance@@@Z 0040d030 f   EmitALU.obj
 0001:0000c1e0       ?Emit_SUBImmediateReverse@@YAXPAVEmitterVariables@@AAVNuance@@@Z 0040d1e0 f   EmitALU.obj
 0001:0000c360       ?Emit_SUBScalarShiftLeftImmediate@@YAXPAVEmitterVariables@@AAVNuance@@@Z 0040d360 f   EmitALU.obj
 0001:0000c500       ?Emit_SUBScalarShiftRightImmediate@@YAXPAVEmitterVariables@@AAVNuance@@@Z 0040d500 f   EmitALU.obj
 0001:0000c6a0       ?Emit_CMPImmediate@@YAXPAVEmitterVariables@@AAVNuance@@@Z 0040d6a0 f   EmitALU.obj
 0001:0000c800       ?Emit_CMPScalar@@YAXPAVEmitterVariables@@AAVNuance@@@Z 0040d800 f   EmitALU.obj
 0001:0000c980       ?Emit_CMPImmediateReverse@@YAXPAVEmitterVariables@@AAVNuance@@@Z 0040d980 f   EmitALU.obj
 0001:0000cae0       ?Emit_CMPScalarShiftLeftImmediate@@YAXPAVEmitterVariables@@AAVNuance@@@Z 0040dae0 f   EmitALU.obj
 0001:0000cc60       ?Emit_CMPScalarShiftRightImmediate@@YAXPAVEmitterVariables@@AAVNuance@@@Z 0040dc60 f   EmitALU.obj
 0001:0000cde0       ?Emit_ROT@@YAXPAVEmitterVariables@@AAVNuance@@@Z 0040dde0 f   EmitALU.obj
 0001:0000cfd0       ?Emit_ROL@@YAXPAVEmitterVariables@@AAVNuance@@@Z 0040dfd0 f   EmitALU.obj
 0001:0000d0f0       ?Emit_ROR@@YAXPAVEmitterVariables@@AAVNuance@@@Z 0040e0f0 f   EmitALU.obj
 0001:0000d210       ?Emit_AS@@YAXPAVEmitterVariables@@AAVNuance@@@Z 0040e210 f   EmitALU.obj
 0001:0000d4a0       ?Emit_ASL@@YAXPAVEmitterVariables@@AAVNuance@@@Z 0040e4a0 f   EmitALU.obj
 0001:0000d600       ?Emit_ASR@@YAXPAVEmitterVariables@@AAVNuance@@@Z 0040e600 f   EmitALU.obj
 0001:0000d760       ?Emit_LS@@YAXPAVEmitterVariables@@AAVNuance@@@Z 0040e760 f   EmitALU.obj
 0001:0000d9f0       ?Emit_LSR@@YAXPAVEmitterVariables@@AAVNuance@@@Z 0040e9f0 f   EmitALU.obj
 0001:0000db50       ?Emit_ADDWCImmediate@@YAXPAVEmitterVariables@@AAVNuance@@@Z 0040eb50 f   EmitALU.obj
 0001:0000dd10       ?Emit_ADDWCScalar@@YAXPAVEmitterVariables@@AAVNuance@@@Z 0040ed10 f   EmitALU.obj
 0001:0000df00       ?Emit_ADDWCScalarShiftLeftImmediate@@YAXPAVEmitterVariables@@AAVNuance@@@Z 0040ef00 f   EmitALU.obj
 0001:0000e100       ?Emit_ADDWCScalarShiftRightImmediate@@YAXPAVEmitterVariables@@AAVNuance@@@Z 0040f100 f   EmitALU.obj
 0001:0000e300       ?Emit_SUBWCImmediate@@YAXPAVEmitterVariables@@AAVNuance@@@Z 0040f300 f   EmitALU.obj
 0001:0000e4c0       ?Emit_SUBWCImmediateReverse@@YAXPAVEmitterVariables@@AAVNuance@@@Z 0040f4c0 f   EmitALU.obj
 0001:0000e680       ?Emit_SUBWCScalar@@YAXPAVEmitterVariables@@AAVNuance@@@Z 0040f680 f   EmitALU.obj
 0001:0000e870       ?Emit_SUBWCScalarShiftLeftImmediate@@YAXPAVEmitterVariables@@AAVNuance@@@Z 0040f870 f   EmitALU.obj
 0001:0000ea70       ?Emit_SUBWCScalarShiftRightImmediate@@YAXPAVEmitterVariables@@AAVNuance@@@Z 0040fa70 f   EmitALU.obj
 0001:0000ec70       ?Emit_CMPWCImmediate@@YAXPAVEmitterVariables@@AAVNuance@@@Z 0040fc70 f   EmitALU.obj
 0001:0000ee00       ?Emit_CMPWCImmediateReverse@@YAXPAVEmitterVariables@@AAVNuance@@@Z 0040fe00 f   EmitALU.obj
 0001:0000ef90       ?Emit_CMPWCScalar@@YAXPAVEmitterVariables@@AAVNuance@@@Z 0040ff90 f   EmitALU.obj
 0001:0000f150       ?Emit_CMPWCScalarShiftLeftImmediate@@YAXPAVEmitterVariables@@AAVNuance@@@Z 00410150 f   EmitALU.obj
 0001:0000f330       ?Emit_CMPWCScalarShiftRightImmediate@@YAXPAVEmitterVariables@@AAVNuance@@@Z 00410330 f   EmitALU.obj
 0001:0000f510       ?EmitConditionCheck@@YAXPAVEmitterVariables@@III@Z 00410510 f   EmitECU.obj
 0001:0000f930       ?Emit_BRAAlways@@YAXPAVEmitterVariables@@AAVNuance@@@Z 00410930 f   EmitECU.obj
 0001:0000fa00       ?Emit_BRAAlways_NOP@@YAXPAVEmitterVariables@@AAVNuance@@@Z 00410a00 f   EmitECU.obj
 0001:0000fad0       ?Emit_BRAConditional@@YAXPAVEmitterVariables@@AAVNuance@@@Z 00410ad0 f   EmitECU.obj
 0001:0000fbb0       ?Emit_BRAConditional_NOP@@YAXPAVEmitterVariables@@AAVNuance@@@Z 00410bb0 f   EmitECU.obj
 0001:0000fca0       ?Emit_JMPAlwaysIndirect@@YAXPAVEmitterVariables@@AAVNuance@@@Z 00410ca0 f   EmitECU.obj
 0001:0000fd80       ?Emit_JMPAlwaysIndirect_NOP@@YAXPAVEmitterVariables@@AAVNuance@@@Z 00410d80 f   EmitECU.obj
 0001:0000fe70       ?Emit_JMPConditionalIndirect@@YAXPAVEmitterVariables@@AAVNuance@@@Z 00410e70 f   EmitECU.obj
 0001:0000ff70       ?Emit_JMPConditionalIndirect_NOP@@YAXPAVEmitterVariables@@AAVNuance@@@Z 00410f70 f   EmitECU.obj
 0001:00010080       ?Emit_JSRAlways@@YAXPAVEmitterVariables@@AAVNuance@@@Z 00411080 f   EmitECU.obj
 0001:00010150       ?Emit_JSRAlways_NOP@@YAXPAVEmitterVariables@@AAVNuance@@@Z 00411150 f   EmitECU.obj
 0001:00010230       ?Emit_JSRConditional@@YAXPAVEmitterVariables@@AAVNuance@@@Z 00411230 f   EmitECU.obj
 0001:00010320       ?Emit_JSRConditional_NOP@@YAXPAVEmitterVariables@@AAVNuance@@@Z 00411320 f   EmitECU.obj
 0001:00010420       ?Emit_JSRAlwaysIndirect@@YAXPAVEmitterVariables@@AAVNuance@@@Z 00411420 f   EmitECU.obj
 0001:00010510       ?Emit_JSRAlwaysIndirect_NOP@@YAXPAVEmitterVariables@@AAVNuance@@@Z 00411510 f   EmitECU.obj
 0001:00010610       ?Emit_JSRConditionalIndirect@@YAXPAVEmitterVariables@@AAVNuance@@@Z 00411610 f   EmitECU.obj
 0001:00010730       ?Emit_JSRConditionalIndirect_NOP@@YAXPAVEmitterVariables@@AAVNuance@@@Z 00411730 f   EmitECU.obj
 0001:00010850       ?Emit_RTSAlways@@YAXPAVEmitterVariables@@AAVNuance@@@Z 00411850 f   EmitECU.obj
 0001:00010920       ?Emit_RTSAlways_NOP@@YAXPAVEmitterVariables@@AAVNuance@@@Z 00411920 f   EmitECU.obj
 0001:000109f0       ?Emit_RTSConditional@@YAXPAVEmitterVariables@@AAVNuance@@@Z 004119f0 f   EmitECU.obj
 0001:00010ae0       ?Emit_RTSConditional_NOP@@YAXPAVEmitterVariables@@AAVNuance@@@Z 00411ae0 f   EmitECU.obj
 0001:00010be0       ?Emit_RTI1Conditional@@YAXPAVEmitterVariables@@AAVNuance@@@Z 00411be0 f   EmitECU.obj
 0001:00010cf0       ?Emit_RTI1Conditional_NOP@@YAXPAVEmitterVariables@@AAVNuance@@@Z 00411cf0 f   EmitECU.obj
 0001:00010e10       ?Emit_RTI2Conditional@@YAXPAVEmitterVariables@@AAVNuance@@@Z 00411e10 f   EmitECU.obj
 0001:00010f30       ?Emit_RTI2Conditional_NOP@@YAXPAVEmitterVariables@@AAVNuance@@@Z 00411f30 f   EmitECU.obj
 0001:00011050       ?Emit_Mirror@@YAXPAVEmitterVariables@@AAVNuance@@@Z 00412050 f   EmitMEM.obj
 0001:00011200       ?Emit_MV_SImmediate@@YAXPAVEmitterVariables@@AAVNuance@@@Z 00412200 f   EmitMEM.obj
 0001:00011230       ?Emit_MV_SScalar@@YAXPAVEmitterVariables@@AAVNuance@@@Z 00412230 f   EmitMEM.obj
 0001:00011290       ?Emit_MV_V@@YAXPAVEmitterVariables@@AAVNuance@@@Z 00412290 f   EmitMEM.obj
 0001:00011430       ?Emit_LoadByteAbsolute@@YAXPAVEmitterVariables@@AAVNuance@@@Z 00412430 f   EmitMEM.obj
 0001:00011480       ?Emit_LoadByteLinear@@YAXPAVEmitterVariables@@AAVNuance@@@Z 00412480 f   EmitMEM.obj
 0001:00011660       ?Emit_LoadByteBilinearXY@@YAXPAVEmitterVariables@@AAVNuance@@@Z 00412660 f   EmitMEM.obj
 0001:00011850       ?Emit_LoadByteBilinearUV@@YAXPAVEmitterVariables@@AAVNuance@@@Z 00412850 f   EmitMEM.obj
 0001:00011a40       ?Emit_LoadWordAbsolute@@YAXPAVEmitterVariables@@AAVNuance@@@Z 00412a40 f   EmitMEM.obj
 0001:00011a90       ?Emit_LoadWordLinear@@YAXPAVEmitterVariables@@AAVNuance@@@Z 00412a90 f   EmitMEM.obj
 0001:00011c80       ?Emit_LoadWordBilinearXY@@YAXPAVEmitterVariables@@AAVNuance@@@Z 00412c80 f   EmitMEM.obj
 0001:00011e80       ?Emit_LoadWordBilinearUV@@YAXPAVEmitterVariables@@AAVNuance@@@Z 00412e80 f   EmitMEM.obj
 0001:00012080       ?Emit_LoadScalarAbsolute@@YAXPAVEmitterVariables@@AAVNuance@@@Z 00413080 f   EmitMEM.obj
 0001:000120d0       ?Emit_LoadScalarLinear@@YAXPAVEmitterVariables@@AAVNuance@@@Z 004130d0 f   EmitMEM.obj
 0001:00012240       ?Emit_LoadScalarBilinearXY@@YAXPAVEmitterVariables@@AAVNuance@@@Z 00413240 f   EmitMEM.obj
 0001:000123d0       ?Emit_LoadScalarBilinearUV@@YAXPAVEmitterVariables@@AAVNuance@@@Z 004133d0 f   EmitMEM.obj
 0001:00012560       ?Emit_LoadShortVectorAbsolute@@YAXPAVEmitterVariables@@AAVNuance@@@Z 00413560 f   EmitMEM.obj
 0001:00012680       ?Emit_LoadShortVectorLinear@@YAXPAVEmitterVariables@@AAVNuance@@@Z 00413680 f   EmitMEM.obj
 0001:00012820       ?Emit_LoadShortVectorBilinearXY@@YAXPAVEmitterVariables@@AAVNuance@@@Z 00413820 f   EmitMEM.obj
 0001:00012a80       ?Emit_LoadShortVectorBilinearUV@@YAXPAVEmitterVariables@@AAVNuance@@@Z 00413a80 f   EmitMEM.obj
 0001:00012ce0       ?Emit_LoadVectorAbsolute@@YAXPAVEmitterVariables@@AAVNuance@@@Z 00413ce0 f   EmitMEM.obj
 0001:00012dc0       ?Emit_LoadVectorLinear@@YAXPAVEmitterVariables@@AAVNuance@@@Z 00413dc0 f   EmitMEM.obj
 0001:00012fc0       ?Emit_LoadVectorBilinearXY@@YAXPAVEmitterVariables@@AAVNuance@@@Z 00413fc0 f   EmitMEM.obj
 0001:000131e0       ?Emit_LoadVectorBilinearUV@@YAXPAVEmitterVariables@@AAVNuance@@@Z 004141e0 f   EmitMEM.obj
 0001:00013400       ?Emit_LoadPixelAbsolute@@YAXPAVEmitterVariables@@AAVNuance@@@Z 00414400 f   EmitMEM.obj
 0001:000134b0       ?Emit_LoadPixelZAbsolute@@YAXPAVEmitterVariables@@AAVNuance@@@Z 004144b0 f   EmitMEM.obj
 0001:00013560       ?Emit_LoadPixelLinear@@YAXPAVEmitterVariables@@AAVNuance@@@Z 00414560 f   EmitMEM.obj
 0001:00013690       ?Emit_LoadPixelZLinear@@YAXPAVEmitterVariables@@AAVNuance@@@Z 00414690 f   EmitMEM.obj
 0001:000137c0       ?Emit_LoadPixelBilinearUV@@YAXPAVEmitterVariables@@AAVNuance@@@Z 004147c0 f   EmitMEM.obj
 0001:00013990       ?Emit_LoadPixelZBilinearUV@@YAXPAVEmitterVariables@@AAVNuance@@@Z 00414990 f   EmitMEM.obj
 0001:00013b60       ?Emit_LoadPixelBilinearXY@@YAXPAVEmitterVariables@@AAVNuance@@@Z 00414b60 f   EmitMEM.obj
 0001:00013d30       ?Emit_LoadPixelZBilinearXY@@YAXPAVEmitterVariables@@AAVNuance@@@Z 00414d30 f   EmitMEM.obj
 0001:00013f00       ?Emit_StoreScalarImmediate@@YAXPAVEmitterVariables@@AAVNuance@@@Z 00414f00 f   EmitMEM.obj
 0001:00013f40       ?Emit_StoreScalarAbsolute@@YAXPAVEmitterVariables@@AAVNuance@@@Z 00414f40 f   EmitMEM.obj
 0001:00013fa0       ?Emit_StoreScalarLinear@@YAXPAVEmitterVariables@@AAVNuance@@@Z 00414fa0 f   EmitMEM.obj
 0001:00014110       ?Emit_StoreScalarBilinearXY@@YAXPAVEmitterVariables@@AAVNuance@@@Z 00415110 f   EmitMEM.obj
 0001:000142b0       ?Emit_StoreScalarBilinearUV@@YAXPAVEmitterVariables@@AAVNuance@@@Z 004152b0 f   EmitMEM.obj
 0001:00014450       ?Emit_StoreShortVectorAbsolute@@YAXPAVEmitterVariables@@AAVNuance@@@Z 00415450 f   EmitMEM.obj
 0001:000145a0       ?Emit_StoreShortVectorLinear@@YAXPAVEmitterVariables@@AAVNuance@@@Z 004155a0 f   EmitMEM.obj
 0001:00014770       ?Emit_StoreShortVectorBilinearXY@@YAXPAVEmitterVariables@@AAVNuance@@@Z 00415770 f   EmitMEM.obj
 0001:00014a10       ?Emit_StoreShortVectorBilinearUV@@YAXPAVEmitterVariables@@AAVNuance@@@Z 00415a10 f   EmitMEM.obj
 0001:00014cb0       ?Emit_StoreVectorAbsolute@@YAXPAVEmitterVariables@@AAVNuance@@@Z 00415cb0 f   EmitMEM.obj
 0001:00014e00       ?Emit_StoreVectorLinear@@YAXPAVEmitterVariables@@AAVNuance@@@Z 00415e00 f   EmitMEM.obj
 0001:00015070       ?Emit_StorePixelAbsolute@@YAXPAVEmitterVariables@@AAVNuance@@@Z 00416070 f   EmitMEM.obj
 0001:00015100       ?Emit_StoreVectorBilinearXY@@YAXPAVEmitterVariables@@AAVNuance@@@Z 00416100 f   EmitMEM.obj
 0001:000153a0       ?Emit_StoreVectorBilinearUV@@YAXPAVEmitterVariables@@AAVNuance@@@Z 004163a0 f   EmitMEM.obj
 0001:00015640       ?Emit_StorePixelZAbsolute@@YAXPAVEmitterVariables@@AAVNuance@@@Z 00416640 f   EmitMEM.obj
 0001:000156d0       ?Emit_StorePixelLinear@@YAXPAVEmitterVariables@@AAVNuance@@@Z 004166d0 f   EmitMEM.obj
 0001:000157e0       ?Emit_StorePixelZLinear@@YAXPAVEmitterVariables@@AAVNuance@@@Z 004167e0 f   EmitMEM.obj
 0001:00015980       ?Emit_StorePixelBilinearUV@@YAXPAVEmitterVariables@@AAVNuance@@@Z 00416980 f   EmitMEM.obj
 0001:00015b20       ?Emit_StorePixelZBilinearUV@@YAXPAVEmitterVariables@@AAVNuance@@@Z 00416b20 f   EmitMEM.obj
 0001:00015cc0       ?Emit_StorePixelBilinearXY@@YAXPAVEmitterVariables@@AAVNuance@@@Z 00416cc0 f   EmitMEM.obj
 0001:00015e60       ?Emit_StorePixelZBilinearXY@@YAXPAVEmitterVariables@@AAVNuance@@@Z 00416e60 f   EmitMEM.obj
 0001:00016000       ?Emit_PushVector@@YAXPAVEmitterVariables@@AAVNuance@@@Z 00417000 f   EmitMEM.obj
 0001:000161a0       ?Emit_PushVectorRz@@YAXPAVEmitterVariables@@AAVNuance@@@Z 004171a0 f   EmitMEM.obj
 0001:00016340       ?Emit_PushScalarRzi1@@YAXPAVEmitterVariables@@AAVNuance@@@Z 00417340 f   EmitMEM.obj
 0001:000164c0       ?Emit_PushScalarRzi2@@YAXPAVEmitterVariables@@AAVNuance@@@Z 004174c0 f   EmitMEM.obj
 0001:00016640       ?Emit_PopVector@@YAXPAVEmitterVariables@@AAVNuance@@@Z 00417640 f   EmitMEM.obj
 0001:00016780       ?Emit_PopVectorRz@@YAXPAVEmitterVariables@@AAVNuance@@@Z 00417780 f   EmitMEM.obj
 0001:000168c0       ?Emit_PopScalarRzi1@@YAXPAVEmitterVariables@@AAVNuance@@@Z 004178c0 f   EmitMEM.obj
 0001:00016a00       ?Emit_PopScalarRzi2@@YAXPAVEmitterVariables@@AAVNuance@@@Z 00417a00 f   EmitMEM.obj
 0001:00016b40       ?EmitControlRegisterLoad@@YAXPAVEmitterVariables@@IW4x86Reg@@@Z 00417b40 f   EmitMEM.obj
 0001:00016f00       ?EmitControlRegisterStore@@YAXPAVEmitterVariables@@IW4x86Reg@@@Z 00417f00 f   EmitMEM.obj
 0001:00017420       ?EmitControlRegisterStoreImmediate@@YAXPAVEmitterVariables@@II@Z 00418420 f   EmitMEM.obj
 0001:000177e0       ?Emit_LoadScalarControlRegisterAbsolute@@YAXPAVEmitterVariables@@AAVNuance@@@Z 004187e0 f   EmitMEM.obj
 0001:00017820       ?Emit_StoreScalarControlRegisterImmediate@@YAXPAVEmitterVariables@@AAVNuance@@@Z 00418820 f   EmitMEM.obj
 0001:00017840       ?Emit_StoreScalarControlRegisterAbsolute@@YAXPAVEmitterVariables@@AAVNuance@@@Z 00418840 f   EmitMEM.obj
 0001:00017890       ?Emit_ExitBlock@@YAXPAVEmitterVariables@@@Z 00418890 f   EmitMisc.obj
 0001:000178c0       ?Emit_SaveRegs@@YAXPAVEmitterVariables@@AAVNuance@@@Z 004188c0 f   EmitMisc.obj
 0001:00017ac0       ?Emit_StoreScalarRegisterConstant@@YAXPAVEmitterVariables@@AAVNuance@@@Z 00418ac0 f   EmitMisc.obj
 0001:00017b30       ?Emit_StoreMiscRegisterConstant@@YAXPAVEmitterVariables@@AAVNuance@@@Z 00418b30 f   EmitMisc.obj
 0001:00017bd0       ?Emit_ADDM@@YAXPAVEmitterVariables@@AAVNuance@@@Z 00418bd0 f   EmitMUL.obj
 0001:00017c70       ?Emit_ADDMImmediate@@YAXPAVEmitterVariables@@AAVNuance@@@Z 00418c70 f   EmitMUL.obj
 0001:00017ce0       ?Emit_SUBM@@YAXPAVEmitterVariables@@AAVNuance@@@Z 00418ce0 f   EmitMUL.obj
 0001:00017da0       ?Emit_SUBMImmediateReverse@@YAXPAVEmitterVariables@@AAVNuance@@@Z 00418da0 f   EmitMUL.obj
 0001:00017e10       ?Emit_MULScalarShiftAcshift@@YAXPAVEmitterVariables@@AAVNuance@@@Z 00418e10 f   EmitMUL.obj
 0001:00018190       ?Emit_MULScalarShiftRightImmediate@@YAXPAVEmitterVariables@@AAVNuance@@@Z 00419190 f   EmitMUL.obj
 0001:00018320       ?Emit_MULScalarShiftLeftImmediate@@YAXPAVEmitterVariables@@AAVNuance@@@Z 00419320 f   EmitMUL.obj
 0001:000184d0       ?Emit_MULImmediateShiftAcshift@@YAXPAVEmitterVariables@@AAVNuance@@@Z 004194d0 f   EmitMUL.obj
 0001:00018820       ?Emit_MULScalarShiftScalar@@YAXPAVEmitterVariables@@AAVNuance@@@Z 00419820 f   EmitMUL.obj
 0001:00018bc0       ?Emit_MULImmediateShiftScalar@@YAXPAVEmitterVariables@@AAVNuance@@@Z 00419bc0 f   EmitMUL.obj
 0001:00018f20       ?Emit_MULImmediateShiftRightImmediate@@YAXPAVEmitterVariables@@AAVNuance@@@Z 00419f20 f   EmitMUL.obj
 0001:00019090       ?Emit_MULImmediateShiftLeftImmediate@@YAXPAVEmitterVariables@@AAVNuance@@@Z 0041a090 f   EmitMUL.obj
 0001:00019220       ?Emit_MUL_SVImmediateShiftImmediate@@YAXPAVEmitterVariables@@AAVNuance@@@Z 0041a220 f   EmitMUL.obj
 0001:00019410       ?Emit_MUL_SVScalarShiftImmediate@@YAXPAVEmitterVariables@@AAVNuance@@@Z 0041a410 f   EmitMUL.obj
 0001:00019630       ?Emit_MUL_SVScalarShiftSvshift@@YAXPAVEmitterVariables@@AAVNuance@@@Z 0041a630 f   EmitMUL.obj
 0001:000198b0       ?Emit_MUL_SVRuShiftImmediate@@YAXPAVEmitterVariables@@AAVNuance@@@Z 0041a8b0 f   EmitMUL.obj
 0001:00019b20       ?Emit_MUL_SVRuShiftSvshift@@YAXPAVEmitterVariables@@AAVNuance@@@Z 0041ab20 f   EmitMUL.obj
 0001:00019de0       ?Emit_MUL_SVRvShiftImmediate@@YAXPAVEmitterVariables@@AAVNuance@@@Z 0041ade0 f   EmitMUL.obj
 0001:0001a050       ?Emit_MUL_SVRvShiftSvshift@@YAXPAVEmitterVariables@@AAVNuance@@@Z 0041b050 f   EmitMUL.obj
 0001:0001a310       ?Emit_MUL_SVVectorShiftImmediate@@YAXPAVEmitterVariables@@AAVNuance@@@Z 0041b310 f   EmitMUL.obj
 0001:0001a660       ?Emit_MUL_SVVectorShiftSvshift@@YAXPAVEmitterVariables@@AAVNuance@@@Z 0041b660 f   EmitMUL.obj
 0001:0001a9d0       ?Emit_MUL_PImmediateShiftImmediate@@YAXPAVEmitterVariables@@AAVNuance@@@Z 0041b9d0 f   EmitMUL.obj
 0001:0001ab60       ?Emit_MUL_PScalarShiftImmediate@@YAXPAVEmitterVariables@@AAVNuance@@@Z 0041bb60 f   EmitMUL.obj
 0001:0001ad20       ?Emit_MUL_PScalarShiftSvshift@@YAXPAVEmitterVariables@@AAVNuance@@@Z 0041bd20 f   EmitMUL.obj
 0001:0001af20       ?Emit_MUL_PRuShiftImmediate@@YAXPAVEmitterVariables@@AAVNuance@@@Z 0041bf20 f   EmitMUL.obj
 0001:0001b120       ?Emit_MUL_PRuShiftSvshift@@YAXPAVEmitterVariables@@AAVNuance@@@Z 0041c120 f   EmitMUL.obj
 0001:0001b360       ?Emit_MUL_PRvShiftImmediate@@YAXPAVEmitterVariables@@AAVNuance@@@Z 0041c360 f   EmitMUL.obj
 0001:0001b560       ?Emit_MUL_PRvShiftSvshift@@YAXPAVEmitterVariables@@AAVNuance@@@Z 0041c560 f   EmitMUL.obj
 0001:0001b7a0       ?Emit_MUL_PVectorShiftImmediate@@YAXPAVEmitterVariables@@AAVNuance@@@Z 0041c7a0 f   EmitMUL.obj
 0001:0001ba00       ?Emit_MUL_PVectorShiftSvshift@@YAXPAVEmitterVariables@@AAVNuance@@@Z 0041ca00 f   EmitMUL.obj
 0001:0001bc90       ?Emit_DOTPScalarShiftImmediate@@YAXPAVEmitterVariables@@AAVNuance@@@Z 0041cc90 f   EmitMUL.obj
 0001:0001be80       ?Emit_DOTPScalarShiftSvshift@@YAXPAVEmitterVariables@@AAVNuance@@@Z 0041ce80 f   EmitMUL.obj
 0001:0001c0b0       ?Emit_DOTPVectorShiftImmediate@@YAXPAVEmitterVariables@@AAVNuance@@@Z 0041d0b0 f   EmitMUL.obj
 0001:0001c380       ?Emit_DOTPVectorShiftSvshift@@YAXPAVEmitterVariables@@AAVNuance@@@Z 0041d380 f   EmitMUL.obj
 0001:0001c690       ?Emit_DECRc0@@YAXPAVEmitterVariables@@AAVNuance@@@Z 0041d690 f   EmitRCU.obj
 0001:0001c750       ?Emit_DECRc1@@YAXPAVEmitterVariables@@AAVNuance@@@Z 0041d750 f   EmitRCU.obj
 0001:0001c810       ?Emit_DECBoth@@YAXPAVEmitterVariables@@AAVNuance@@@Z 0041d810 f   EmitRCU.obj
 0001:0001c830       ?Emit_ADDRImmediateOnly@@YAXPAVEmitterVariables@@AAVNuance@@@Z 0041d830 f   EmitRCU.obj
 0001:0001c8b0       ?Emit_ADDRImmediate@@YAXPAVEmitterVariables@@AAVNuance@@@Z 0041d8b0 f   EmitRCU.obj
 0001:0001c8f0       ?Emit_ADDRScalarOnly@@YAXPAVEmitterVariables@@AAVNuance@@@Z 0041d8f0 f   EmitRCU.obj
 0001:0001c990       ?Emit_ADDRScalar@@YAXPAVEmitterVariables@@AAVNuance@@@Z 0041d990 f   EmitRCU.obj
 0001:0001c9d0       ?Emit_MVRImmediateOnly@@YAXPAVEmitterVariables@@AAVNuance@@@Z 0041d9d0 f   EmitRCU.obj
 0001:0001ca00       ?Emit_MVRImmediate@@YAXPAVEmitterVariables@@AAVNuance@@@Z 0041da00 f   EmitRCU.obj
 0001:0001ca60       ?Emit_MVRScalarOnly@@YAXPAVEmitterVariables@@AAVNuance@@@Z 0041da60 f   EmitRCU.obj
 0001:0001cac0       ?Emit_MVRScalar@@YAXPAVEmitterVariables@@AAVNuance@@@Z 0041dac0 f   EmitRCU.obj
 0001:0001cb00       ?Emit_RangeOnly@@YAXPAVEmitterVariables@@AAVNuance@@@Z 0041db00 f   EmitRCU.obj
 0001:0001cd20       ?Emit_Range@@YAXPAVEmitterVariables@@AAVNuance@@@Z 0041dd20 f   EmitRCU.obj
 0001:0001cd60       ?Emit_ModuloOnly@@YAXPAVEmitterVariables@@AAVNuance@@@Z 0041dd60 f   EmitRCU.obj
 0001:0001cda0       ?Emit_Modulo@@YAXPAVEmitterVariables@@AAVNuance@@@Z 0041dda0 f   EmitRCU.obj
 0001:0001ce00       ?Execute_ABS@@YAXAAVMPE@@AAVInstructionCacheEntry@@AAVNuance@@@Z 0041de00 f   ExecuteALU.obj
 0001:0001ce60       ?Execute_BITSScalar@@YAXAAVMPE@@AAVInstructionCacheEntry@@AAVNuance@@@Z 0041de60 f   ExecuteALU.obj
 0001:0001ceb0       ?Execute_BITSImmediate@@YAXAAVMPE@@AAVInstructionCacheEntry@@AAVNuance@@@Z 0041deb0 f   ExecuteALU.obj
 0001:0001cf00       ?Execute_BTST@@YAXAAVMPE@@AAVInstructionCacheEntry@@AAVNuance@@@Z 0041df00 f   ExecuteALU.obj
 0001:0001cf40       ?Execute_BUTT@@YAXAAVMPE@@AAVInstructionCacheEntry@@AAVNuance@@@Z 0041df40 f   ExecuteALU.obj
 0001:0001cfd0       ?Execute_COPY@@YAXAAVMPE@@AAVInstructionCacheEntry@@AAVNuance@@@Z 0041dfd0 f   ExecuteALU.obj
 0001:0001d010       ?Execute_MSB@@YAXAAVMPE@@AAVInstructionCacheEntry@@AAVNuance@@@Z 0041e010 f   ExecuteALU.obj
 0001:0001d0b0       ?Execute_SAT@@YAXAAVMPE@@AAVInstructionCacheEntry@@AAVNuance@@@Z 0041e0b0 f   ExecuteALU.obj
 0001:0001d120       ?Execute_AS@@YAXAAVMPE@@AAVInstructionCacheEntry@@AAVNuance@@@Z 0041e120 f   ExecuteALU.obj
 0001:0001d1e0       ?Execute_ASL@@YAXAAVMPE@@AAVInstructionCacheEntry@@AAVNuance@@@Z 0041e1e0 f   ExecuteALU.obj
 0001:0001d240       ?Execute_ASR@@YAXAAVMPE@@AAVInstructionCacheEntry@@AAVNuance@@@Z 0041e240 f   ExecuteALU.obj
 0001:0001d2a0       ?Execute_LS@@YAXAAVMPE@@AAVInstructionCacheEntry@@AAVNuance@@@Z 0041e2a0 f   ExecuteALU.obj
 0001:0001d360       ?Execute_LSR@@YAXAAVMPE@@AAVInstructionCacheEntry@@AAVNuance@@@Z 0041e360 f   ExecuteALU.obj
 0001:0001d3c0       ?Execute_ROT@@YAXAAVMPE@@AAVInstructionCacheEntry@@AAVNuance@@@Z 0041e3c0 f   ExecuteALU.obj
 0001:0001d430       ?Execute_ROL@@YAXAAVMPE@@AAVInstructionCacheEntry@@AAVNuance@@@Z 0041e430 f   ExecuteALU.obj
 0001:0001d480       ?Execute_ROR@@YAXAAVMPE@@AAVInstructionCacheEntry@@AAVNuance@@@Z 0041e480 f   ExecuteALU.obj
 0001:0001d4d0       ?Execute_ADD_P@@YAXAAVMPE@@AAVInstructionCacheEntry@@AAVNuance@@@Z 0041e4d0 f   ExecuteALU.obj
 0001:0001d550       ?Execute_SUB_P@@YAXAAVMPE@@AAVInstructionCacheEntry@@AAVNuance@@@Z 0041e550 f   ExecuteALU.obj
 0001:0001d5d0       ?Execute_ADD_SV@@YAXAAVMPE@@AAVInstructionCacheEntry@@AAVNuance@@@Z 0041e5d0 f   ExecuteALU.obj
 0001:0001d660       ?Execute_SUB_SV@@YAXAAVMPE@@AAVInstructionCacheEntry@@AAVNuance@@@Z 0041e660 f   ExecuteALU.obj
 0001:0001d6f0       ?Execute_ADDImmediate@@YAXAAVMPE@@AAVInstructionCacheEntry@@AAVNuance@@@Z 0041e6f0 f   ExecuteALU.obj
 0001:0001d780       ?Execute_ADDScalar@@YAXAAVMPE@@AAVInstructionCacheEntry@@AAVNuance@@@Z 0041e780 f   ExecuteALU.obj
 0001:0001d820       ?Execute_ADDScalarShiftRightImmediate@@YAXAAVMPE@@AAVInstructionCacheEntry@@AAVNuance@@@Z 0041e820 f   ExecuteALU.obj
 0001:0001d8c0       ?Execute_ADDScalarShiftLeftImmediate@@YAXAAVMPE@@AAVInstructionCacheEntry@@AAVNuance@@@Z 0041e8c0 f   ExecuteALU.obj
 0001:0001d960       ?Execute_SUBImmediate@@YAXAAVMPE@@AAVInstructionCacheEntry@@AAVNuance@@@Z 0041e960 f   ExecuteALU.obj
 0001:0001d9f0       ?Execute_SUBImmediateReverse@@YAXAAVMPE@@AAVInstructionCacheEntry@@AAVNuance@@@Z 0041e9f0 f   ExecuteALU.obj
 0001:0001da80       ?Execute_SUBScalar@@YAXAAVMPE@@AAVInstructionCacheEntry@@AAVNuance@@@Z 0041ea80 f   ExecuteALU.obj
 0001:0001db20       ?Execute_SUBScalarShiftRightImmediate@@YAXAAVMPE@@AAVInstructionCacheEntry@@AAVNuance@@@Z 0041eb20 f   ExecuteALU.obj
 0001:0001dbc0       ?Execute_SUBScalarShiftLeftImmediate@@YAXAAVMPE@@AAVInstructionCacheEntry@@AAVNuance@@@Z 0041ebc0 f   ExecuteALU.obj
 0001:0001dc60       ?Execute_CMPImmediate@@YAXAAVMPE@@AAVInstructionCacheEntry@@AAVNuance@@@Z 0041ec60 f   ExecuteALU.obj
 0001:0001dce0       ?Execute_CMPImmediateReverse@@YAXAAVMPE@@AAVInstructionCacheEntry@@AAVNuance@@@Z 0041ece0 f   ExecuteALU.obj
 0001:0001dd60       ?Execute_CMPScalar@@YAXAAVMPE@@AAVInstructionCacheEntry@@AAVNuance@@@Z 0041ed60 f   ExecuteALU.obj
 0001:0001ddf0       ?Execute_CMPScalarShiftRightImmediate@@YAXAAVMPE@@AAVInstructionCacheEntry@@AAVNuance@@@Z 0041edf0 f   ExecuteALU.obj
 0001:0001de80       ?Execute_CMPScalarShiftLeftImmediate@@YAXAAVMPE@@AAVInstructionCacheEntry@@AAVNuance@@@Z 0041ee80 f   ExecuteALU.obj
 0001:0001df10       ?Execute_ANDImmediate@@YAXAAVMPE@@AAVInstructionCacheEntry@@AAVNuance@@@Z 0041ef10 f   ExecuteALU.obj
 0001:0001df50       ?Execute_ANDScalar@@YAXAAVMPE@@AAVInstructionCacheEntry@@AAVNuance@@@Z 0041ef50 f   ExecuteALU.obj
 0001:0001dfa0       ?Execute_ANDImmediateShiftScalar@@YAXAAVMPE@@AAVInstructionCacheEntry@@AAVNuance@@@Z 0041efa0 f   ExecuteALU.obj
 0001:0001e010       ?Execute_ANDScalarShiftRightImmediate@@YAXAAVMPE@@AAVInstructionCacheEntry@@AAVNuance@@@Z 0041f010 f   ExecuteALU.obj
 0001:0001e060       ?Execute_ANDScalarShiftLeftImmediate@@YAXAAVMPE@@AAVInstructionCacheEntry@@AAVNuance@@@Z 0041f060 f   ExecuteALU.obj
 0001:0001e0b0       ?Execute_ANDScalarShiftScalar@@YAXAAVMPE@@AAVInstructionCacheEntry@@AAVNuance@@@Z 0041f0b0 f   ExecuteALU.obj
 0001:0001e120       ?Execute_ANDScalarRotateScalar@@YAXAAVMPE@@AAVInstructionCacheEntry@@AAVNuance@@@Z 0041f120 f   ExecuteALU.obj
 0001:0001e190       ?Execute_FTSTImmediate@@YAXAAVMPE@@AAVInstructionCacheEntry@@AAVNuance@@@Z 0041f190 f   ExecuteALU.obj
 0001:0001e1e0       ?Execute_FTSTScalar@@YAXAAVMPE@@AAVInstructionCacheEntry@@AAVNuance@@@Z 0041f1e0 f   ExecuteALU.obj
 0001:0001e230       ?Execute_FTSTImmediateShiftScalar@@YAXAAVMPE@@AAVInstructionCacheEntry@@AAVNuance@@@Z 0041f230 f   ExecuteALU.obj
 0001:0001e2a0       ?Execute_FTSTScalarShiftRightImmediate@@YAXAAVMPE@@AAVInstructionCacheEntry@@AAVNuance@@@Z 0041f2a0 f   ExecuteALU.obj
 0001:0001e300       ?Execute_FTSTScalarShiftLeftImmediate@@YAXAAVMPE@@AAVInstructionCacheEntry@@AAVNuance@@@Z 0041f300 f   ExecuteALU.obj
 0001:0001e360       ?Execute_FTSTScalarShiftScalar@@YAXAAVMPE@@AAVInstructionCacheEntry@@AAVNuance@@@Z 0041f360 f   ExecuteALU.obj
 0001:0001e3e0       ?Execute_FTSTScalarRotateScalar@@YAXAAVMPE@@AAVInstructionCacheEntry@@AAVNuance@@@Z 0041f3e0 f   ExecuteALU.obj
 0001:0001e450       ?Execute_ORImmediate@@YAXAAVMPE@@AAVInstructionCacheEntry@@AAVNuance@@@Z 0041f450 f   ExecuteALU.obj
 0001:0001e490       ?Execute_ORScalar@@YAXAAVMPE@@AAVInstructionCacheEntry@@AAVNuance@@@Z 0041f490 f   ExecuteALU.obj
 0001:0001e4e0       ?Execute_ORImmediateShiftScalar@@YAXAAVMPE@@AAVInstructionCacheEntry@@AAVNuance@@@Z 0041f4e0 f   ExecuteALU.obj
 0001:0001e550       ?Execute_ORScalarShiftRightImmediate@@YAXAAVMPE@@AAVInstructionCacheEntry@@AAVNuance@@@Z 0041f550 f   ExecuteALU.obj
 0001:0001e5a0       ?Execute_ORScalarShiftLeftImmediate@@YAXAAVMPE@@AAVInstructionCacheEntry@@AAVNuance@@@Z 0041f5a0 f   ExecuteALU.obj
 0001:0001e5f0       ?Execute_ORScalarShiftScalar@@YAXAAVMPE@@AAVInstructionCacheEntry@@AAVNuance@@@Z 0041f5f0 f   ExecuteALU.obj
 0001:0001e660       ?Execute_ORScalarRotateScalar@@YAXAAVMPE@@AAVInstructionCacheEntry@@AAVNuance@@@Z 0041f660 f   ExecuteALU.obj
 0001:0001e6d0       ?Execute_EORImmediate@@YAXAAVMPE@@AAVInstructionCacheEntry@@AAVNuance@@@Z 0041f6d0 f   ExecuteALU.obj
 0001:0001e710       ?Execute_EORScalar@@YAXAAVMPE@@AAVInstructionCacheEntry@@AAVNuance@@@Z 0041f710 f   ExecuteALU.obj
 0001:0001e760       ?Execute_EORImmediateShiftScalar@@YAXAAVMPE@@AAVInstructionCacheEntry@@AAVNuance@@@Z 0041f760 f   ExecuteALU.obj
 0001:0001e7d0       ?Execute_EORScalarShiftRightImmediate@@YAXAAVMPE@@AAVInstructionCacheEntry@@AAVNuance@@@Z 0041f7d0 f   ExecuteALU.obj
 0001:0001e820       ?Execute_EORScalarShiftLeftImmediate@@YAXAAVMPE@@AAVInstructionCacheEntry@@AAVNuance@@@Z 0041f820 f   ExecuteALU.obj
 0001:0001e870       ?Execute_EORScalarShiftScalar@@YAXAAVMPE@@AAVInstructionCacheEntry@@AAVNuance@@@Z 0041f870 f   ExecuteALU.obj
 0001:0001e8e0       ?Execute_EORScalarRotateScalar@@YAXAAVMPE@@AAVInstructionCacheEntry@@AAVNuance@@@Z 0041f8e0 f   ExecuteALU.obj
 0001:0001e950       ?Execute_ADDWCImmediate@@YAXAAVMPE@@AAVInstructionCacheEntry@@AAVNuance@@@Z 0041f950 f   ExecuteALU.obj
 0001:0001ea00       ?Execute_ADDWCScalar@@YAXAAVMPE@@AAVInstructionCacheEntry@@AAVNuance@@@Z 0041fa00 f   ExecuteALU.obj
 0001:0001eab0       ?Execute_ADDWCScalarShiftRightImmediate@@YAXAAVMPE@@AAVInstructionCacheEntry@@AAVNuance@@@Z 0041fab0 f   ExecuteALU.obj
 0001:0001eb80       ?Execute_ADDWCScalarShiftLeftImmediate@@YAXAAVMPE@@AAVInstructionCacheEntry@@AAVNuance@@@Z 0041fb80 f   ExecuteALU.obj
 0001:0001ec30       ?Execute_SUBWCImmediate@@YAXAAVMPE@@AAVInstructionCacheEntry@@AAVNuance@@@Z 0041fc30 f   ExecuteALU.obj
 0001:0001ece0       ?Execute_SUBWCImmediateReverse@@YAXAAVMPE@@AAVInstructionCacheEntry@@AAVNuance@@@Z 0041fce0 f   ExecuteALU.obj
 0001:0001ed90       ?Execute_SUBWCScalar@@YAXAAVMPE@@AAVInstructionCacheEntry@@AAVNuance@@@Z 0041fd90 f   ExecuteALU.obj
 0001:0001ee40       ?Execute_SUBWCScalarShiftRightImmediate@@YAXAAVMPE@@AAVInstructionCacheEntry@@AAVNuance@@@Z 0041fe40 f   ExecuteALU.obj
 0001:0001ef00       ?Execute_SUBWCScalarShiftLeftImmediate@@YAXAAVMPE@@AAVInstructionCacheEntry@@AAVNuance@@@Z 0041ff00 f   ExecuteALU.obj
 0001:0001efc0       ?Execute_CMPWCImmediate@@YAXAAVMPE@@AAVInstructionCacheEntry@@AAVNuance@@@Z 0041ffc0 f   ExecuteALU.obj
 0001:0001f050       ?Execute_CMPWCImmediateReverse@@YAXAAVMPE@@AAVInstructionCacheEntry@@AAVNuance@@@Z 00420050 f   ExecuteALU.obj
 0001:0001f0e0       ?Execute_CMPWCScalar@@YAXAAVMPE@@AAVInstructionCacheEntry@@AAVNuance@@@Z 004200e0 f   ExecuteALU.obj
 0001:0001f180       ?Execute_CMPWCScalarShiftRightImmediate@@YAXAAVMPE@@AAVInstructionCacheEntry@@AAVNuance@@@Z 00420180 f   ExecuteALU.obj
 0001:0001f230       ?Execute_CMPWCScalarShiftLeftImmediate@@YAXAAVMPE@@AAVInstructionCacheEntry@@AAVNuance@@@Z 00420230 f   ExecuteALU.obj
 0001:0001f2d0       ?Execute_Halt@@YAXAAVMPE@@AAVInstructionCacheEntry@@AAVNuance@@@Z 004202d0 f   ExecuteECU.obj
 0001:0001f320       ?Execute_BRAAlways@@YAXAAVMPE@@AAVInstructionCacheEntry@@AAVNuance@@@Z 00420320 f   ExecuteECU.obj
 0001:0001f350       ?Execute_BRAAlways_NOP@@YAXAAVMPE@@AAVInstructionCacheEntry@@AAVNuance@@@Z 00420350 f   ExecuteECU.obj
 0001:0001f380       ?Execute_BRAConditional@@YAXAAVMPE@@AAVInstructionCacheEntry@@AAVNuance@@@Z 00420380 f   ExecuteECU.obj
 0001:0001f3c0       ?Execute_BRAConditional_NOP@@YAXAAVMPE@@AAVInstructionCacheEntry@@AAVNuance@@@Z 004203c0 f   ExecuteECU.obj
 0001:0001f400       ?Execute_JMPAlwaysIndirect@@YAXAAVMPE@@AAVInstructionCacheEntry@@AAVNuance@@@Z 00420400 f   ExecuteECU.obj
 0001:0001f430       ?Execute_JMPAlwaysIndirect_NOP@@YAXAAVMPE@@AAVInstructionCacheEntry@@AAVNuance@@@Z 00420430 f   ExecuteECU.obj
 0001:0001f460       ?Execute_JMPConditionalIndirect@@YAXAAVMPE@@AAVInstructionCacheEntry@@AAVNuance@@@Z 00420460 f   ExecuteECU.obj
 0001:0001f4b0       ?Execute_JMPConditionalIndirect_NOP@@YAXAAVMPE@@AAVInstructionCacheEntry@@AAVNuance@@@Z 004204b0 f   ExecuteECU.obj
 0001:0001f500       ?Execute_JSRAlways@@YAXAAVMPE@@AAVInstructionCacheEntry@@AAVNuance@@@Z 00420500 f   ExecuteECU.obj
 0001:0001f530       ?Execute_JSRAlways_NOP@@YAXAAVMPE@@AAVInstructionCacheEntry@@AAVNuance@@@Z 00420530 f   ExecuteECU.obj
 0001:0001f560       ?Execute_JSRConditional@@YAXAAVMPE@@AAVInstructionCacheEntry@@AAVNuance@@@Z 00420560 f   ExecuteECU.obj
 0001:0001f5b0       ?Execute_JSRConditional_NOP@@YAXAAVMPE@@AAVInstructionCacheEntry@@AAVNuance@@@Z 004205b0 f   ExecuteECU.obj
 0001:0001f600       ?Execute_JSRAlwaysIndirect@@YAXAAVMPE@@AAVInstructionCacheEntry@@AAVNuance@@@Z 00420600 f   ExecuteECU.obj
 0001:0001f640       ?Execute_JSRAlwaysIndirect_NOP@@YAXAAVMPE@@AAVInstructionCacheEntry@@AAVNuance@@@Z 00420640 f   ExecuteECU.obj
 0001:0001f680       ?Execute_JSRConditionalIndirect@@YAXAAVMPE@@AAVInstructionCacheEntry@@AAVNuance@@@Z 00420680 f   ExecuteECU.obj
 0001:0001f6d0       ?Execute_JSRConditionalIndirect_NOP@@YAXAAVMPE@@AAVInstructionCacheEntry@@AAVNuance@@@Z 004206d0 f   ExecuteECU.obj
 0001:0001f720       ?Execute_RTSAlways@@YAXAAVMPE@@AAVInstructionCacheEntry@@AAVNuance@@@Z 00420720 f   ExecuteECU.obj
 0001:0001f750       ?Execute_RTSAlways_NOP@@YAXAAVMPE@@AAVInstructionCacheEntry@@AAVNuance@@@Z 00420750 f   ExecuteECU.obj
 0001:0001f780       ?Execute_RTSConditional@@YAXAAVMPE@@AAVInstructionCacheEntry@@AAVNuance@@@Z 00420780 f   ExecuteECU.obj
 0001:0001f7c0       ?Execute_RTSConditional_NOP@@YAXAAVMPE@@AAVInstructionCacheEntry@@AAVNuance@@@Z 004207c0 f   ExecuteECU.obj
 0001:0001f800       ?Execute_RTI1Conditional@@YAXAAVMPE@@AAVInstructionCacheEntry@@AAVNuance@@@Z 00420800 f   ExecuteECU.obj
 0001:0001f850       ?Execute_RTI1Conditional_NOP@@YAXAAVMPE@@AAVInstructionCacheEntry@@AAVNuance@@@Z 00420850 f   ExecuteECU.obj
 0001:0001f8a0       ?Execute_RTI2Conditional@@YAXAAVMPE@@AAVInstructionCacheEntry@@AAVNuance@@@Z 004208a0 f   ExecuteECU.obj
 0001:0001f8f0       ?Execute_RTI2Conditional_NOP@@YAXAAVMPE@@AAVInstructionCacheEntry@@AAVNuance@@@Z 004208f0 f   ExecuteECU.obj
 0001:0001f940       ?SaturateColorComponents@@YAXPAI00_N@Z 00420940 f i ExecuteMEM.obj
 0001:0001fab0       ?CalculateBilinearAddress@@YAXAAVMPE@@PAIIII@Z 00420ab0 f i ExecuteMEM.obj
 0001:0001fb90       ?GetBilinearAddress@@YAXXZ 00420b90 f   ExecuteMEM.obj
 0001:0001fcd0       ?Execute_Mirror@@YAXAAVMPE@@AAVInstructionCacheEntry@@AAVNuance@@@Z 00420cd0 f   ExecuteMEM.obj
 0001:0001fd50       ?Execute_MV_SImmediate@@YAXAAVMPE@@AAVInstructionCacheEntry@@AAVNuance@@@Z 00420d50 f   ExecuteMEM.obj
 0001:0001fd70       ?Execute_MV_SScalar@@YAXAAVMPE@@AAVInstructionCacheEntry@@AAVNuance@@@Z 00420d70 f   ExecuteMEM.obj
 0001:0001fd90       ?Execute_MV_V@@YAXAAVMPE@@AAVInstructionCacheEntry@@AAVNuance@@@Z 00420d90 f   ExecuteMEM.obj
 0001:0001fde0       ?Execute_PopVector@@YAXAAVMPE@@AAVInstructionCacheEntry@@AAVNuance@@@Z 00420de0 f   ExecuteMEM.obj
 0001:0001fe50       ?Execute_PopVectorRz@@YAXAAVMPE@@AAVInstructionCacheEntry@@AAVNuance@@@Z 00420e50 f   ExecuteMEM.obj
 0001:0001fed0       ?Execute_PopScalarRzi1@@YAXAAVMPE@@AAVInstructionCacheEntry@@AAVNuance@@@Z 00420ed0 f   ExecuteMEM.obj
 0001:0001ff50       ?Execute_PopScalarRzi2@@YAXAAVMPE@@AAVInstructionCacheEntry@@AAVNuance@@@Z 00420f50 f   ExecuteMEM.obj
 0001:0001ffd0       ?Execute_PushVector@@YAXAAVMPE@@AAVInstructionCacheEntry@@AAVNuance@@@Z 00420fd0 f   ExecuteMEM.obj
 0001:00020050       ?Execute_PushVectorRz@@YAXAAVMPE@@AAVInstructionCacheEntry@@AAVNuance@@@Z 00421050 f   ExecuteMEM.obj
 0001:000200d0       ?Execute_PushScalarRzi1@@YAXAAVMPE@@AAVInstructionCacheEntry@@AAVNuance@@@Z 004210d0 f   ExecuteMEM.obj
 0001:00020150       ?Execute_PushScalarRzi2@@YAXAAVMPE@@AAVInstructionCacheEntry@@AAVNuance@@@Z 00421150 f   ExecuteMEM.obj
 0001:000201d0       ?Execute_LoadScalarControlRegisterAbsolute@@YAXAAVMPE@@AAVInstructionCacheEntry@@AAVNuance@@@Z 004211d0 f   ExecuteMEM.obj
 0001:00020200       ?Execute_LoadByteAbsolute@@YAXAAVMPE@@AAVInstructionCacheEntry@@AAVNuance@@@Z 00421200 f   ExecuteMEM.obj
 0001:00020220       ?Execute_LoadWordAbsolute@@YAXAAVMPE@@AAVInstructionCacheEntry@@AAVNuance@@@Z 00421220 f   ExecuteMEM.obj
 0001:00020240       ?Execute_LoadScalarAbsolute@@YAXAAVMPE@@AAVInstructionCacheEntry@@AAVNuance@@@Z 00421240 f   ExecuteMEM.obj
 0001:00020270       ?Execute_LoadScalarLinear@@YAXAAVMPE@@AAVInstructionCacheEntry@@AAVNuance@@@Z 00421270 f   ExecuteMEM.obj
 0001:000202f0       ?Execute_LoadVectorAbsolute@@YAXAAVMPE@@AAVInstructionCacheEntry@@AAVNuance@@@Z 004212f0 f   ExecuteMEM.obj
 0001:00020320       ?Execute_LoadVectorControlRegisterAbsolute@@YAXAAVMPE@@AAVInstructionCacheEntry@@AAVNuance@@@Z 00421320 f   ExecuteMEM.obj
 0001:00020390       ?LoadPixelAbsolute@@YAXXZ  00421390 f   ExecuteMEM.obj
 0001:00020500       ?Execute_LoadPixelAbsolute@@YAXAAVMPE@@AAVInstructionCacheEntry@@AAVNuance@@@Z 00421500 f   ExecuteMEM.obj
 0001:00020690       ?LoadPixelZAbsolute@@YAXXZ 00421690 f   ExecuteMEM.obj
 0001:000208b0       ?Execute_LoadPixelZAbsolute@@YAXAAVMPE@@AAVInstructionCacheEntry@@AAVNuance@@@Z 004218b0 f   ExecuteMEM.obj
 0001:00020af0       ?Execute_LoadByteLinear@@YAXAAVMPE@@AAVInstructionCacheEntry@@AAVNuance@@@Z 00421af0 f   ExecuteMEM.obj
 0001:00020b30       ?Execute_LoadByteBilinearUV@@YAXAAVMPE@@AAVInstructionCacheEntry@@AAVNuance@@@Z 00421b30 f   ExecuteMEM.obj
 0001:00020ba0       ?Execute_LoadByteBilinearXY@@YAXAAVMPE@@AAVInstructionCacheEntry@@AAVNuance@@@Z 00421ba0 f   ExecuteMEM.obj
 0001:00020c10       ?Execute_LoadWordLinear@@YAXAAVMPE@@AAVInstructionCacheEntry@@AAVNuance@@@Z 00421c10 f   ExecuteMEM.obj
 0001:00020c50       ?Execute_LoadWordBilinearUV@@YAXAAVMPE@@AAVInstructionCacheEntry@@AAVNuance@@@Z 00421c50 f   ExecuteMEM.obj
 0001:00020cd0       ?Execute_LoadWordBilinearXY@@YAXAAVMPE@@AAVInstructionCacheEntry@@AAVNuance@@@Z 00421cd0 f   ExecuteMEM.obj
 0001:00020d50       ?Execute_LoadScalarBilinearUV@@YAXAAVMPE@@AAVInstructionCacheEntry@@AAVNuance@@@Z 00421d50 f   ExecuteMEM.obj
 0001:00020dd0       ?Execute_LoadScalarBilinearXY@@YAXAAVMPE@@AAVInstructionCacheEntry@@AAVNuance@@@Z 00421dd0 f   ExecuteMEM.obj
 0001:00020e50       ?Execute_LoadShortVectorAbsolute@@YAXAAVMPE@@AAVInstructionCacheEntry@@AAVNuance@@@Z 00421e50 f   ExecuteMEM.obj
 0001:00020ed0       ?Execute_LoadShortVectorLinear@@YAXAAVMPE@@AAVInstructionCacheEntry@@AAVNuance@@@Z 00421ed0 f   ExecuteMEM.obj
 0001:00020f70       ?Execute_LoadShortVectorBilinearUV@@YAXAAVMPE@@AAVInstructionCacheEntry@@AAVNuance@@@Z 00421f70 f   ExecuteMEM.obj
 0001:00021000       ?Execute_LoadShortVectorBilinearXY@@YAXAAVMPE@@AAVInstructionCacheEntry@@AAVNuance@@@Z 00422000 f   ExecuteMEM.obj
 0001:00021090       ?Execute_LoadVectorLinear@@YAXAAVMPE@@AAVInstructionCacheEntry@@AAVNuance@@@Z 00422090 f   ExecuteMEM.obj
 0001:00021140       ?Execute_LoadVectorBilinearUV@@YAXAAVMPE@@AAVInstructionCacheEntry@@AAVNuance@@@Z 00422140 f   ExecuteMEM.obj
 0001:000211d0       ?Execute_LoadVectorBilinearXY@@YAXAAVMPE@@AAVInstructionCacheEntry@@AAVNuance@@@Z 004221d0 f   ExecuteMEM.obj
 0001:00021260       ?Execute_LoadPixelLinear@@YAXAAVMPE@@AAVInstructionCacheEntry@@AAVNuance@@@Z 00422260 f   ExecuteMEM.obj
 0001:000212c0       ?Execute_LoadPixelBilinearUV@@YAXAAVMPE@@AAVInstructionCacheEntry@@AAVNuance@@@Z 004222c0 f   ExecuteMEM.obj
 0001:00021360       ?Execute_LoadPixelBilinearXY@@YAXAAVMPE@@AAVInstructionCacheEntry@@AAVNuance@@@Z 00422360 f   ExecuteMEM.obj
 0001:00021400       ?Execute_LoadPixelZLinear@@YAXAAVMPE@@AAVInstructionCacheEntry@@AAVNuance@@@Z 00422400 f   ExecuteMEM.obj
 0001:00021460       ?Execute_LoadPixelZBilinearUV@@YAXAAVMPE@@AAVInstructionCacheEntry@@AAVNuance@@@Z 00422460 f   ExecuteMEM.obj
 0001:000214f0       ?Execute_LoadPixelZBilinearXY@@YAXAAVMPE@@AAVInstructionCacheEntry@@AAVNuance@@@Z 004224f0 f   ExecuteMEM.obj
 0001:00021580       ?Execute_StoreScalarImmediate@@YAXAAVMPE@@AAVInstructionCacheEntry@@AAVNuance@@@Z 00422580 f   ExecuteMEM.obj
 0001:000215a0       ?Execute_StoreScalarAbsolute@@YAXAAVMPE@@AAVInstructionCacheEntry@@AAVNuance@@@Z 004225a0 f   ExecuteMEM.obj
 0001:000215c0       ?Execute_StoreScalarControlRegisterImmediate@@YAXAAVMPE@@AAVInstructionCacheEntry@@AAVNuance@@@Z 004225c0 f   ExecuteMEM.obj
 0001:000215e0       ?Execute_StoreScalarLinear@@YAXAAVMPE@@AAVInstructionCacheEntry@@AAVNuance@@@Z 004225e0 f   ExecuteMEM.obj
 0001:00021670       ?Execute_StoreScalarBilinearUV@@YAXAAVMPE@@AAVInstructionCacheEntry@@AAVNuance@@@Z 00422670 f   ExecuteMEM.obj
 0001:000216f0       ?Execute_StoreScalarBilinearXY@@YAXAAVMPE@@AAVInstructionCacheEntry@@AAVNuance@@@Z 004226f0 f   ExecuteMEM.obj
 0001:00021770       ?Execute_StoreScalarControlRegisterAbsolute@@YAXAAVMPE@@AAVInstructionCacheEntry@@AAVNuance@@@Z 00422770 f   ExecuteMEM.obj
 0001:000217a0       ?Execute_StoreVectorControlRegisterAbsolute@@YAXAAVMPE@@AAVInstructionCacheEntry@@AAVNuance@@@Z 004227a0 f   ExecuteMEM.obj
 0001:00021810       ?StorePixelAbsolute@@YAXXZ 00422810 f   ExecuteMEM.obj
 0001:00021960       ?Execute_StorePixelAbsolute@@YAXAAVMPE@@AAVInstructionCacheEntry@@AAVNuance@@@Z 00422960 f   ExecuteMEM.obj
 0001:00021b00       ?StorePixelZAbsolute@@YAXXZ 00422b00 f   ExecuteMEM.obj
 0001:00021d60       ?Execute_StorePixelZAbsolute@@YAXAAVMPE@@AAVInstructionCacheEntry@@AAVNuance@@@Z 00422d60 f   ExecuteMEM.obj
 0001:00022030       ?Execute_StoreShortVectorAbsolute@@YAXAAVMPE@@AAVInstructionCacheEntry@@AAVNuance@@@Z 00423030 f   ExecuteMEM.obj
 0001:00022070       ?Execute_StoreShortVectorLinear@@YAXAAVMPE@@AAVInstructionCacheEntry@@AAVNuance@@@Z 00423070 f   ExecuteMEM.obj
 0001:000220d0       ?Execute_StoreShortVectorBilinearUV@@YAXAAVMPE@@AAVInstructionCacheEntry@@AAVNuance@@@Z 004230d0 f   ExecuteMEM.obj
 0001:00022170       ?Execute_StoreShortVectorBilinearXY@@YAXAAVMPE@@AAVInstructionCacheEntry@@AAVNuance@@@Z 00423170 f   ExecuteMEM.obj
 0001:00022210       ?Execute_StoreVectorAbsolute@@YAXAAVMPE@@AAVInstructionCacheEntry@@AAVNuance@@@Z 00423210 f   ExecuteMEM.obj
 0001:00022250       ?Execute_StoreVectorLinear@@YAXAAVMPE@@AAVInstructionCacheEntry@@AAVNuance@@@Z 00423250 f   ExecuteMEM.obj
 0001:00022320       ?Execute_StoreVectorBilinearUV@@YAXAAVMPE@@AAVInstructionCacheEntry@@AAVNuance@@@Z 00423320 f   ExecuteMEM.obj
 0001:000223c0       ?Execute_StoreVectorBilinearXY@@YAXAAVMPE@@AAVInstructionCacheEntry@@AAVNuance@@@Z 004233c0 f   ExecuteMEM.obj
 0001:00022460       ?Execute_StorePixelLinear@@YAXAAVMPE@@AAVInstructionCacheEntry@@AAVNuance@@@Z 00423460 f   ExecuteMEM.obj
 0001:000224c0       ?Execute_StorePixelBilinearUV@@YAXAAVMPE@@AAVInstructionCacheEntry@@AAVNuance@@@Z 004234c0 f   ExecuteMEM.obj
 0001:00022550       ?Execute_StorePixelBilinearXY@@YAXAAVMPE@@AAVInstructionCacheEntry@@AAVNuance@@@Z 00423550 f   ExecuteMEM.obj
 0001:000225e0       ?Execute_StorePixelZLinear@@YAXAAVMPE@@AAVInstructionCacheEntry@@AAVNuance@@@Z 004235e0 f   ExecuteMEM.obj
 0001:00022640       ?Execute_StorePixelZBilinearUV@@YAXAAVMPE@@AAVInstructionCacheEntry@@AAVNuance@@@Z 00423640 f   ExecuteMEM.obj
 0001:000226d0       ?Execute_StorePixelZBilinearXY@@YAXAAVMPE@@AAVInstructionCacheEntry@@AAVNuance@@@Z 004236d0 f   ExecuteMEM.obj
 0001:00022760       ?Execute_CheckECUSkipCounter@@YAXAAVMPE@@AAVInstructionCacheEntry@@AAVNuance@@@Z 00423760 f   ExecuteMisc.obj
 0001:00022790       ?Execute_SaveFlags@@YAXAAVMPE@@AAVInstructionCacheEntry@@AAVNuance@@@Z 00423790 f   ExecuteMisc.obj
 0001:000227b0       ?Execute_SaveRegs@@YAXAAVMPE@@AAVInstructionCacheEntry@@AAVNuance@@@Z 004237b0 f   ExecuteMisc.obj
 0001:000228a0       ?Execute_StoreScalarRegisterConstant@@YAXAAVMPE@@AAVInstructionCacheEntry@@AAVNuance@@@Z 004238a0 f   ExecuteMisc.obj
 0001:000228e0       ?Execute_StoreMiscRegisterConstant@@YAXAAVMPE@@AAVInstructionCacheEntry@@AAVNuance@@@Z 004238e0 f   ExecuteMisc.obj
 0001:00022a00       ?Execute_ADDM@@YAXAAVMPE@@AAVInstructionCacheEntry@@AAVNuance@@@Z 00423a00 f   ExecuteMUL.obj
 0001:00022a30       ?Execute_ADDMImmediate@@YAXAAVMPE@@AAVInstructionCacheEntry@@AAVNuance@@@Z 00423a30 f   ExecuteMUL.obj
 0001:00022a50       ?Execute_SUBM@@YAXAAVMPE@@AAVInstructionCacheEntry@@AAVNuance@@@Z 00423a50 f   ExecuteMUL.obj
 0001:00022a80       ?Execute_SUBMImmediateReverse@@YAXAAVMPE@@AAVInstructionCacheEntry@@AAVNuance@@@Z 00423a80 f   ExecuteMUL.obj
 0001:00022ab0       ?Execute_MULScalarShiftAcshift@@YAXAAVMPE@@AAVInstructionCacheEntry@@AAVNuance@@@Z 00423ab0 f   ExecuteMUL.obj
 0001:00022b50       ?Execute_MULScalarShiftRightImmediate@@YAXAAVMPE@@AAVInstructionCacheEntry@@AAVNuance@@@Z 00423b50 f   ExecuteMUL.obj
 0001:00022bd0       ?Execute_MULScalarShiftLeftImmediate@@YAXAAVMPE@@AAVInstructionCacheEntry@@AAVNuance@@@Z 00423bd0 f   ExecuteMUL.obj
 0001:00022c50       ?Execute_MULImmediateShiftAcshift@@YAXAAVMPE@@AAVInstructionCacheEntry@@AAVNuance@@@Z 00423c50 f   ExecuteMUL.obj
 0001:00022ce0       ?Execute_MULScalarShiftScalar@@YAXAAVMPE@@AAVInstructionCacheEntry@@AAVNuance@@@Z 00423ce0 f   ExecuteMUL.obj
 0001:00022d80       ?Execute_MULImmediateShiftScalar@@YAXAAVMPE@@AAVInstructionCacheEntry@@AAVNuance@@@Z 00423d80 f   ExecuteMUL.obj
 0001:00022e10       ?Execute_MULImmediateShiftRightImmediate@@YAXAAVMPE@@AAVInstructionCacheEntry@@AAVNuance@@@Z 00423e10 f   ExecuteMUL.obj
 0001:00022e90       ?Execute_MULImmediateShiftLeftImmediate@@YAXAAVMPE@@AAVInstructionCacheEntry@@AAVNuance@@@Z 00423e90 f   ExecuteMUL.obj
 0001:00022f10       ?Execute_MUL_SVImmediateShiftImmediate@@YAXAAVMPE@@AAVInstructionCacheEntry@@AAVNuance@@@Z 00423f10 f   ExecuteMUL.obj
 0001:00022f80       ?Execute_MUL_SVScalarShiftImmediate@@YAXAAVMPE@@AAVInstructionCacheEntry@@AAVNuance@@@Z 00423f80 f   ExecuteMUL.obj
 0001:00022ff0       ?Execute_MUL_SVScalarShiftSvshift@@YAXAAVMPE@@AAVInstructionCacheEntry@@AAVNuance@@@Z 00423ff0 f   ExecuteMUL.obj
 0001:00023070       ?Execute_MUL_SVRuShiftImmediate@@YAXAAVMPE@@AAVInstructionCacheEntry@@AAVNuance@@@Z 00424070 f   ExecuteMUL.obj
 0001:00023100       ?Execute_MUL_SVRuShiftSvshift@@YAXAAVMPE@@AAVInstructionCacheEntry@@AAVNuance@@@Z 00424100 f   ExecuteMUL.obj
 0001:00023190       ?Execute_MUL_SVRvShiftImmediate@@YAXAAVMPE@@AAVInstructionCacheEntry@@AAVNuance@@@Z 00424190 f   ExecuteMUL.obj
 0001:00023220       ?Execute_MUL_SVRvShiftSvshift@@YAXAAVMPE@@AAVInstructionCacheEntry@@AAVNuance@@@Z 00424220 f   ExecuteMUL.obj
 0001:000232b0       ?Execute_MUL_SVVectorShiftImmediate@@YAXAAVMPE@@AAVInstructionCacheEntry@@AAVNuance@@@Z 004242b0 f   ExecuteMUL.obj
 0001:00023360       ?Execute_MUL_SVVectorShiftSvshift@@YAXAAVMPE@@AAVInstructionCacheEntry@@AAVNuance@@@Z 00424360 f   ExecuteMUL.obj
 0001:00023400       ?Execute_MUL_PImmediateShiftImmediate@@YAXAAVMPE@@AAVInstructionCacheEntry@@AAVNuance@@@Z 00424400 f   ExecuteMUL.obj
 0001:00023460       ?Execute_MUL_PScalarShiftImmediate@@YAXAAVMPE@@AAVInstructionCacheEntry@@AAVNuance@@@Z 00424460 f   ExecuteMUL.obj
 0001:000234c0       ?Execute_MUL_PScalarShiftSvshift@@YAXAAVMPE@@AAVInstructionCacheEntry@@AAVNuance@@@Z 004244c0 f   ExecuteMUL.obj
 0001:00023530       ?Execute_MUL_PRuShiftImmediate@@YAXAAVMPE@@AAVInstructionCacheEntry@@AAVNuance@@@Z 00424530 f   ExecuteMUL.obj
 0001:000235b0       ?Execute_MUL_PRuShiftSvshift@@YAXAAVMPE@@AAVInstructionCacheEntry@@AAVNuance@@@Z 004245b0 f   ExecuteMUL.obj
 0001:00023630       ?Execute_MUL_PRvShiftImmediate@@YAXAAVMPE@@AAVInstructionCacheEntry@@AAVNuance@@@Z 00424630 f   ExecuteMUL.obj
 0001:000236b0       ?Execute_MUL_PRvShiftSvshift@@YAXAAVMPE@@AAVInstructionCacheEntry@@AAVNuance@@@Z 004246b0 f   ExecuteMUL.obj
 0001:00023730       ?Execute_MUL_PVectorShiftImmediate@@YAXAAVMPE@@AAVInstructionCacheEntry@@AAVNuance@@@Z 00424730 f   ExecuteMUL.obj
 0001:000237b0       ?Execute_MUL_PVectorShiftSvshift@@YAXAAVMPE@@AAVInstructionCacheEntry@@AAVNuance@@@Z 004247b0 f   ExecuteMUL.obj
 0001:00023830       ?Execute_DOTPScalarShiftImmediate@@YAXAAVMPE@@AAVInstructionCacheEntry@@AAVNuance@@@Z 00424830 f   ExecuteMUL.obj
 0001:00023890       ?Execute_DOTPScalarShiftSvshift@@YAXAAVMPE@@AAVInstructionCacheEntry@@AAVNuance@@@Z 00424890 f   ExecuteMUL.obj
 0001:00023900       ?Execute_DOTPVectorShiftImmediate@@YAXAAVMPE@@AAVInstructionCacheEntry@@AAVNuance@@@Z 00424900 f   ExecuteMUL.obj
 0001:00023980       ?Execute_DOTPVectorShiftSvshift@@YAXAAVMPE@@AAVInstructionCacheEntry@@AAVNuance@@@Z 00424980 f   ExecuteMUL.obj
 0001:00023a10       ?Execute_DECRc0@@YAXAAVMPE@@AAVInstructionCacheEntry@@AAVNuance@@@Z 00424a10 f   ExecuteRCU.obj
 0001:00023a40       ?Execute_DECRc1@@YAXAAVMPE@@AAVInstructionCacheEntry@@AAVNuance@@@Z 00424a40 f   ExecuteRCU.obj
 0001:00023a70       ?Execute_DECBoth@@YAXAAVMPE@@AAVInstructionCacheEntry@@AAVNuance@@@Z 00424a70 f   ExecuteRCU.obj
 0001:00023ac0       ?Execute_ADDRImmediateOnly@@YAXAAVMPE@@AAVInstructionCacheEntry@@AAVNuance@@@Z 00424ac0 f   ExecuteRCU.obj
 0001:00023ae0       ?Execute_ADDRImmediate@@YAXAAVMPE@@AAVInstructionCacheEntry@@AAVNuance@@@Z 00424ae0 f   ExecuteRCU.obj
 0001:00023b70       ?Execute_ADDRScalarOnly@@YAXAAVMPE@@AAVInstructionCacheEntry@@AAVNuance@@@Z 00424b70 f   ExecuteRCU.obj
 0001:00023ba0       ?Execute_ADDRScalar@@YAXAAVMPE@@AAVInstructionCacheEntry@@AAVNuance@@@Z 00424ba0 f   ExecuteRCU.obj
 0001:00023c30       ?Execute_MVRImmediateOnly@@YAXAAVMPE@@AAVInstructionCacheEntry@@AAVNuance@@@Z 00424c30 f   ExecuteRCU.obj
 0001:00023c50       ?Execute_MVRImmediate@@YAXAAVMPE@@AAVInstructionCacheEntry@@AAVNuance@@@Z 00424c50 f   ExecuteRCU.obj
 0001:00023cd0       ?Execute_MVRScalarOnly@@YAXAAVMPE@@AAVInstructionCacheEntry@@AAVNuance@@@Z 00424cd0 f   ExecuteRCU.obj
 0001:00023cf0       ?Execute_MVRScalar@@YAXAAVMPE@@AAVInstructionCacheEntry@@AAVNuance@@@Z 00424cf0 f   ExecuteRCU.obj
 0001:00023d80       ?Execute_RangeOnly@@YAXAAVMPE@@AAVInstructionCacheEntry@@AAVNuance@@@Z 00424d80 f   ExecuteRCU.obj
 0001:00023e30       ?Execute_Range@@YAXAAVMPE@@AAVInstructionCacheEntry@@AAVNuance@@@Z 00424e30 f   ExecuteRCU.obj
 0001:00023f40       ?Execute_ModuloOnly@@YAXAAVMPE@@AAVInstructionCacheEntry@@AAVNuance@@@Z 00424f40 f   ExecuteRCU.obj
 0001:00024010       ?Execute_Modulo@@YAXAAVMPE@@AAVInstructionCacheEntry@@AAVNuance@@@Z 00425010 f   ExecuteRCU.obj
 0001:00024140       ?ConvertFlags@@YAII@Z      00425140 f   file.obj
 0001:00024190       ?ConvertIFMT@@YAII@Z       00425190 f   file.obj
 0001:000241e0       ?FileOpen@@YAXPAVMPE@@@Z   004251e0 f   file.obj
 0001:00024350       ?FileClose@@YAXPAVMPE@@@Z  00425350 f   file.obj
 0001:000243d0       ?FileRead@@YAXPAVMPE@@@Z   004253d0 f   file.obj
 0001:00024450       ?FileWrite@@YAXPAVMPE@@@Z  00425450 f   file.obj
 0001:00024500       ?FileIoctl@@YAXPAVMPE@@@Z  00425500 f   file.obj
 0001:00024520       ?FileFstat@@YAXPAVMPE@@@Z  00425520 f   file.obj
 0001:00024760       ?FileStat@@YAXPAVMPE@@@Z   00425760 f   file.obj
 0001:00024790       ?FileIsatty@@YAXPAVMPE@@@Z 00425790 f   file.obj
 0001:000247c0       ?FileLseek@@YAXPAVMPE@@@Z  004257c0 f   file.obj
 0001:00024830       ?FileLink@@YAXPAVMPE@@@Z   00425830 f   file.obj
 0001:00024850       ?FileLstat@@YAXPAVMPE@@@Z  00425850 f   file.obj
 0001:00024880       ?FileUnlink@@YAXPAVMPE@@@Z 00425880 f   file.obj
 0001:000248b0       ?ReadData@FlashEEPROM@@QAEXIPAI@Z 004258b0 f   FlashEEPROM.obj
 0001:00024930       ?EraseSector@FlashEEPROM@@QAEXI@Z 00425930 f   FlashEEPROM.obj
 0001:00024990       ?LockSector@FlashEEPROM@@QAEXI@Z 00425990 f   FlashEEPROM.obj
 0001:000249c0       ?LoadFromFile@FlashEEPROM@@QAEXPAD@Z 004259c0 f   FlashEEPROM.obj
 0001:00024a40       ?SaveToFile@FlashEEPROM@@QAEXPAD@Z 00425a40 f   FlashEEPROM.obj
 0001:00024a90       ?EraseChip@FlashEEPROM@@QAEXXZ 00425a90 f   FlashEEPROM.obj
 0001:00024b00       ?WriteData@FlashEEPROM@@QAEXII@Z 00425b00 f   FlashEEPROM.obj
 0001:00024d60       ?MMTimerCallback@GLWindow@@KGXIIKKK@Z 00425d60 f   GLWindow.obj
 0001:00024d80       ?SetTimer@GLWindow@@QAE_NXZ 00425d80 f   GLWindow.obj
 0001:00024db0       ?UpdateRestoreValues@GLWindow@@QAEXXZ 00425db0 f   GLWindow.obj
 0001:00024e20       ?OnResize@GLWindow@@IAEXHH@Z 00425e20 f   GLWindow.obj
 0001:00024e80       ?ToggleFullscreen@GLWindow@@QAEXXZ 00425e80 f   GLWindow.obj
 0001:00024ea0       ?ChangeScreenResolution@GLWindow@@IAE_NHHH@Z 00425ea0 f   GLWindow.obj
 0001:00024f10       ?CreateWindowGL@GLWindow@@IAE_NXZ 00425f10 f   GLWindow.obj
 0001:00025420       ?CleanUp@GLWindow@@IAEXXZ  00426420 f   GLWindow.obj
 0001:000254a0       ?GLWindowProc@GLWindow@@KGJPAUHWND__@@IIJ@Z 004264a0 f   GLWindow.obj
 0001:000258c0       ?RegisterWindowClass@GLWindow@@IAE_NXZ 004268c0 f   GLWindow.obj
 0001:00025950       ?MessagePump@GLWindow@@QAE_NXZ 00426950 f   GLWindow.obj
 0001:00025980       ?GLWindowMain@GLWindow@@KGKPAX@Z 00426980 f   GLWindow.obj
 0001:00025a70       ??0GLWindow@@QAE@XZ        00426a70 f   GLWindow.obj
 0001:00025af0       ?Create@GLWindow@@QAE_NXZ  00426af0 f   GLWindow.obj
 0001:00025b80       ??1InstructionCache@@QAE@XZ 00426b80 f   InstructionCache.obj
 0001:00025bb0       ?Invalidate@InstructionCache@@QAEXXZ 00426bb0 f   InstructionCache.obj
 0001:00025be0       ?InvalidateRegion@InstructionCache@@QAEXII@Z 00426be0 f   InstructionCache.obj
 0001:00025c40       ?CopyInstructionData@InstructionCacheEntry@@QAEXIPAV1@I@Z 00426c40 f   InstructionCache.obj
 0001:00025cd0       ??0InstructionCache@@QAE@I@Z 00426cd0 f   InstructionCache.obj
 0001:00025d60       ?ControllerInitialize@@YAXPAVMPE@@@Z 00426d60 f   joystick.obj
 0001:00025e10       ?DeviceDetect@@YAXPAVMPE@@@Z 00426e10 f   joystick.obj
 0001:00025ed0       ?MediaShutdownMPE@@YAXPAVMPE@@@Z 00426ed0 f   media.obj
 0001:00025f30       ?MediaInitMPE@@YAXI@Z      00426f30 f   media.obj
 0001:00026090       ?MediaInitMPE@@YAXPAVMPE@@@Z 00427090 f   media.obj
 0001:000260e0       ?MediaOpen@@YAXPAVMPE@@@Z  004270e0 f   media.obj
 0001:00026260       ?MediaClose@@YAXPAVMPE@@@Z 00427260 f   media.obj
 0001:00026290       ?MediaGetDevicesAvailable@@YAXPAVMPE@@@Z 00427290 f   media.obj
 0001:000262a0       ?MediaGetInfo@@YAXPAVMPE@@@Z 004272a0 f   media.obj
 0001:00026320       ?MediaRead@@YAXPAVMPE@@@Z  00427320 f   media.obj
 0001:00026400       ?MediaWrite@@YAXPAVMPE@@@Z 00427400 f   media.obj
 0001:00026500       ?MediaIoctl@@YAXPAVMPE@@@Z 00427500 f   media.obj
 0001:000265a0       ?SpinWait@@YAXPAVMPE@@@Z   004275a0 f   media.obj
 0001:000265f0       ?MemLocalScratch@@YAXPAVMPE@@@Z 004275f0 f   memory.obj
 0001:00026620       ?MemAlloc@@YAXPAVMPE@@@Z   00427620 f   memory.obj
 0001:00026660       ?MemFree@@YAXPAVMPE@@@Z    00427660 f   memory.obj
 0001:00026680       ?MemInit@@YAXPAVMPE@@@Z    00427680 f   memory.obj
 0001:00026690       ??1bad_alloc@std@@UAE@XZ   00427690 f i MemoryManager.obj
 0001:000266a0       ??_Ebad_alloc@std@@UAEPAXI@Z 004276a0 f i MemoryManager.obj
 0001:000266a0       ??_Gbad_alloc@std@@UAEPAXI@Z 004276a0 f i MemoryManager.obj
 0001:000266d0       ?size@?$vector@VFreeMemoryBlock@@V?$allocator@VFreeMemoryBlock@@@std@@@std@@QBEIXZ 004276d0 f i MemoryManager.obj
 0001:000266f0       ??A?$vector@VFreeMemoryBlock@@V?$allocator@VFreeMemoryBlock@@@std@@@std@@QAEAAVFreeMemoryBlock@@I@Z 004276f0 f i MemoryManager.obj
 0001:00026730       ??$_Allocate@VFreeMemoryBlock@@@std@@YAPAVFreeMemoryBlock@@IPAV1@@Z 00427730 f i MemoryManager.obj
 0001:00026790       ??$_Allocate@VAllocatedMemoryBlock@@@std@@YAPAVAllocatedMemoryBlock@@IPAV1@@Z 00427790 f i MemoryManager.obj
 0001:000267f0       ??$_Allocate@D@std@@YAPADIPAD@Z 004277f0 f i MemoryManager.obj
 0001:00026850       ??0bad_alloc@std@@QAE@ABV01@@Z 00427850 f i MemoryManager.obj
 0001:00026870       ??$_Copy_opt@PAVFreeMemoryBlock@@PAV1@@std@@YAPAVFreeMemoryBlock@@PAV1@00Urandom_access_iterator_tag@0@U_Nonscalar_ptr_iterator_tag@0@U_Range_checked_iterator_tag@0@@Z 00427870 f i MemoryManager.obj
 0001:000268c0       ??$_Copy_backward_opt@PAVFreeMemoryBlock@@PAV1@@std@@YAPAVFreeMemoryBlock@@PAV1@00Urandom_access_iterator_tag@0@U_Nonscalar_ptr_iterator_tag@0@U_Range_checked_iterator_tag@0@@Z 004278c0 f i MemoryManager.obj
 0001:00026920       ??$_Uninit_copy@PAVFreeMemoryBlock@@PAV1@V?$allocator@VFreeMemoryBlock@@@std@@@std@@YAPAVFreeMemoryBlock@@PAV1@00AAV?$allocator@VFreeMemoryBlock@@@0@U_Nonscalar_ptr_iterator_tag@0@U_Range_checked_iterator_tag@0@@Z 00427920 f i MemoryManager.obj
 0001:00026960       ??$_Uninit_copy@PAVAllocatedMemoryBlock@@PAV1@V?$allocator@VAllocatedMemoryBlock@@@std@@@std@@YAPAVAllocatedMemoryBlock@@PAV1@00AAV?$allocator@VAllocatedMemoryBlock@@@0@U_Nonscalar_ptr_iterator_tag@0@U_Range_checked_iterator_tag@0@@Z 00427960 f i MemoryManager.obj
 0001:00026990       ??H?$_Vector_iterator@VFreeMemoryBlock@@V?$allocator@VFreeMemoryBlock@@@std@@@std@@QBE?AV01@H@Z 00427990 f i MemoryManager.obj
 0001:000269d0       ?erase@?$basic_string@DU?$char_traits@D@std@@V?$allocator@D@2@@std@@QAEAAV12@II@Z 004279d0 f i MemoryManager.obj
 0001:00026a60       ?_Copy@?$basic_string@DU?$char_traits@D@std@@V?$allocator@D@2@@std@@IAEXII@Z 00427a60 f i MemoryManager.obj
 0001:00026ba0       ??$fill@PAVFreeMemoryBlock@@V1@@std@@YAXPAVFreeMemoryBlock@@0ABV1@@Z 00427ba0 f i MemoryManager.obj
 0001:00026bd0       ??$fill@PAVAllocatedMemoryBlock@@V1@@std@@YAXPAVAllocatedMemoryBlock@@0ABV1@@Z 00427bd0 f i MemoryManager.obj
 0001:00026c00       ??$_Uninit_fill_n@PAVFreeMemoryBlock@@IV1@V?$allocator@VFreeMemoryBlock@@@std@@@std@@YAXPAVFreeMemoryBlock@@IABV1@AAV?$allocator@VFreeMemoryBlock@@@0@U_Nonscalar_ptr_iterator_tag@0@U_Range_checked_iterator_tag@0@@Z 00427c00 f i MemoryManager.obj
 0001:00026c40       ??$_Uninit_fill_n@PAVAllocatedMemoryBlock@@IV1@V?$allocator@VAllocatedMemoryBlock@@@std@@@std@@YAXPAVAllocatedMemoryBlock@@IABV1@AAV?$allocator@VAllocatedMemoryBlock@@@0@U_Nonscalar_ptr_iterator_tag@0@U_Range_checked_iterator_tag@0@@Z 00427c40 f i MemoryManager.obj
 0001:00026c70       ??1?$basic_string@DU?$char_traits@D@std@@V?$allocator@D@2@@std@@QAE@XZ 00427c70 f i MemoryManager.obj
 0001:00026ca0       ?begin@?$vector@VFreeMemoryBlock@@V?$allocator@VFreeMemoryBlock@@@std@@@std@@QAE?AV?$_Vector_iterator@VFreeMemoryBlock@@V?$allocator@VFreeMemoryBlock@@@std@@@2@XZ 00427ca0 f i MemoryManager.obj
 0001:00026cd0       ??$_Unchecked_move_backward@PAVFreeMemoryBlock@@PAV1@@stdext@@YAPAVFreeMemoryBlock@@PAV1@00@Z 00427cd0 f i MemoryManager.obj
 0001:00026d00       ??$_Unchecked_move_backward@PAVAllocatedMemoryBlock@@PAV1@@stdext@@YAPAVAllocatedMemoryBlock@@PAV1@00@Z 00427d00 f i MemoryManager.obj
 0001:00026d40       ??1logic_error@std@@UAE@XZ 00427d40 f i MemoryManager.obj
 0001:00026d40       ??1length_error@std@@UAE@XZ 00427d40 f i MemoryManager.obj
 0001:00026d80       ?what@logic_error@std@@UBEPBDXZ 00427d80 f i MemoryManager.obj
 0001:00026d90       ??_Elogic_error@std@@UAEPAXI@Z 00427d90 f i MemoryManager.obj
 0001:00026d90       ??_Glogic_error@std@@UAEPAXI@Z 00427d90 f i MemoryManager.obj
 0001:00026d90       ??_Elength_error@std@@UAEPAXI@Z 00427d90 f i MemoryManager.obj
 0001:00026d90       ??_Glength_error@std@@UAEPAXI@Z 00427d90 f i MemoryManager.obj
 0001:00026de0       ?assign@?$basic_string@DU?$char_traits@D@std@@V?$allocator@D@2@@std@@QAEAAV12@ABV12@II@Z 00427de0 f i MemoryManager.obj
 0001:00026ec0       ?_Ufill@?$vector@VFreeMemoryBlock@@V?$allocator@VFreeMemoryBlock@@@std@@@std@@IAEPAVFreeMemoryBlock@@PAV3@IABV3@@Z 00427ec0 f i MemoryManager.obj
 0001:00026f00       ?_Ufill@?$vector@VAllocatedMemoryBlock@@V?$allocator@VAllocatedMemoryBlock@@@std@@@std@@IAEPAVAllocatedMemoryBlock@@PAV3@IABV3@@Z 00427f00 f i MemoryManager.obj
 0001:00026f40       ?assign@?$basic_string@DU?$char_traits@D@std@@V?$allocator@D@2@@std@@QAEAAV12@PBDI@Z 00427f40 f i MemoryManager.obj
 0001:00027010       ??1?$vector@VFreeMemoryBlock@@V?$allocator@VFreeMemoryBlock@@@std@@@std@@QAE@XZ 00428010 f i MemoryManager.obj
 0001:00027040       ?erase@?$vector@VFreeMemoryBlock@@V?$allocator@VFreeMemoryBlock@@@std@@@std@@QAE?AV?$_Vector_iterator@VFreeMemoryBlock@@V?$allocator@VFreeMemoryBlock@@@std@@@2@V32@@Z 00428040 f i MemoryManager.obj
 0001:00027090       ??$_Umove@PAVFreeMemoryBlock@@@?$vector@VFreeMemoryBlock@@V?$allocator@VFreeMemoryBlock@@@std@@@std@@IAEPAVFreeMemoryBlock@@PAV2@00@Z 00428090 f i MemoryManager.obj
 0001:000270c0       ??$_Umove@PAVAllocatedMemoryBlock@@@?$vector@VAllocatedMemoryBlock@@V?$allocator@VAllocatedMemoryBlock@@@std@@@std@@IAEPAVAllocatedMemoryBlock@@PAV2@00@Z 004280c0 f i MemoryManager.obj
 0001:000270f0       ??0logic_error@std@@QAE@ABV?$basic_string@DU?$char_traits@D@std@@V?$allocator@D@2@@1@@Z 004280f0 f i MemoryManager.obj
 0001:00027150       ??0?$basic_string@DU?$char_traits@D@std@@V?$allocator@D@2@@std@@QAE@PBD@Z 00428150 f i MemoryManager.obj
 0001:00027190       ?_Xlen@?$vector@VFreeMemoryBlock@@V?$allocator@VFreeMemoryBlock@@@std@@@std@@KAXXZ 00428190 f i MemoryManager.obj
 0001:00027190       ?_Xlen@?$vector@VAllocatedMemoryBlock@@V?$allocator@VAllocatedMemoryBlock@@@std@@@std@@KAXXZ 00428190 f i MemoryManager.obj
 0001:00027200       ??0logic_error@std@@QAE@ABV01@@Z 00428200 f i MemoryManager.obj
 0001:00027270       ??0length_error@std@@QAE@ABV01@@Z 00428270 f i MemoryManager.obj
 0001:00027290       ?_Insert_n@?$vector@VFreeMemoryBlock@@V?$allocator@VFreeMemoryBlock@@@std@@@std@@IAEXV?$_Vector_iterator@VFreeMemoryBlock@@V?$allocator@VFreeMemoryBlock@@@std@@@2@IABVFreeMemoryBlock@@@Z 00428290 f i MemoryManager.obj
 0001:00027530       ?_Insert_n@?$vector@VAllocatedMemoryBlock@@V?$allocator@VAllocatedMemoryBlock@@@std@@@std@@IAEXV?$_Vector_iterator@VAllocatedMemoryBlock@@V?$allocator@VAllocatedMemoryBlock@@@std@@@2@IABVAllocatedMemoryBlock@@@Z 00428530 f i MemoryManager.obj
 0001:00027780       ?insert@?$vector@VFreeMemoryBlock@@V?$allocator@VFreeMemoryBlock@@@std@@@std@@QAE?AV?$_Vector_iterator@VFreeMemoryBlock@@V?$allocator@VFreeMemoryBlock@@@std@@@2@V32@ABVFreeMemoryBlock@@@Z 00428780 f i MemoryManager.obj
 0001:00027830       ?insert@?$vector@VAllocatedMemoryBlock@@V?$allocator@VAllocatedMemoryBlock@@@std@@@std@@QAE?AV?$_Vector_iterator@VAllocatedMemoryBlock@@V?$allocator@VAllocatedMemoryBlock@@@std@@@2@V32@ABVAllocatedMemoryBlock@@@Z 00428830 f i MemoryManager.obj
 0001:000278c0       ??0MemoryManager@@QAE@II@Z 004288c0 f   MemoryManager.obj
 0001:00027910       ?AddAllocatedBlock@MemoryManager@@QAEXII@Z 00428910 f   MemoryManager.obj
 0001:000279b0       ?push_back@?$vector@VFreeMemoryBlock@@V?$allocator@VFreeMemoryBlock@@@std@@@std@@QAEXABVFreeMemoryBlock@@@Z 004289b0 f i MemoryManager.obj
 0001:00027a50       ?Add@MemoryManager@@QAEXIII@Z 00428a50 f   MemoryManager.obj
 0001:00027e40       ?Free@MemoryManager@@QAEXI@Z 00428e40 f   MemoryManager.obj
 0001:00027f60       ?Allocate@MemoryManager@@QAEPAXII@Z 00428f60 f   MemoryManager.obj
 0001:00028230       ?FindInstructionCacheEntry@InstructionCache@@QAEPAVInstructionCacheEntry@@IAAI@Z 00429230 f i mpe.obj
 0001:00028280       ?ClearCompiledStates@InstructionCache@@QAEXXZ 00429280 f i mpe.obj
 0001:000282b0       ?GenerateMirrorLookupTable@MPE@@QAEXXZ 004292b0 f   mpe.obj
 0001:00028310       ?InitializeBankTable@MPE@@QAEXPAE00@Z 00429310 f   mpe.obj
 0001:00028390       ?Reset@MPE@@QAEXXZ         00429390 f   mpe.obj
 0001:000284e0       ?GetPacketDelta@MPE@@QAEIPAEI@Z 004294e0 f i mpe.obj
 0001:00028570       ?ChooseInstructionPairOrdering@MPE@@QAE_NPAVInstructionCacheEntry@@II@Z 00429570 f i mpe.obj
 0001:00028610       ?ScheduleInstructionTriplet@MPE@@QAEXPAVInstructionCacheEntry@@I0III@Z 00429610 f   mpe.obj
 0001:000288f0       ?GetInstructionTripletDependencies@MPE@@QAEXPAI0PAVInstructionCacheEntry@@III@Z 004298f0 f   mpe.obj
 0001:00028970       ?ScheduleInstructionQuartet@MPE@@QAEXPAVInstructionCacheEntry@@I0@Z 00429970 f   mpe.obj
 0001:00028c00       ?UpdateInvalidateRegion@MPE@@QAEXII@Z 00429c00 f   mpe.obj
 0001:00028c70       ?InitStaticICacheEntries@MPE@@QAEXXZ 00429c70 f   mpe.obj
 0001:00028d60       ?SaveRegisters@MPE@@QAEXXZ 00429d60 f   mpe.obj
 0001:00028d90       ?ExecuteNuances@MPE@@QAEXAAVInstructionCacheEntry@@@Z 00429d90 f   mpe.obj
 0001:00028e40       ?DecodeSingleInstruction@MPE@@QAEEPAEPAVInstructionCacheEntry@@PAIAA_N@Z 00429e40 f   mpe.obj
 0001:00029040       ?CompileNativeCodeBlock@MPE@@QAEP6AXXZIW4SuperBlockCompileType@@AA_N_N@Z 0042a040 f   mpe.obj
 0001:00029070       ?PrintInstructionCachePacket@MPE@@QAEXPADAAVInstructionCacheEntry@@@Z 0042a070 f   mpe.obj
 0001:000290f0       ??0MPE@@QAE@I@Z            0042a0f0 f   mpe.obj
 0001:00029360       ??1MPE@@QAE@XZ             0042a360 f   mpe.obj
 0001:00029400       ?DecompressPacket@MPE@@QAEXPAEPAVInstructionCacheEntry@@I@Z 0042a400 f   mpe.obj
 0001:0002a380       ?FetchDecodeExecute@MPE@@QAE_NXZ 0042b380 f   mpe.obj
 0001:0002a970       ?PrintInstructionCachePacket@MPE@@QAEXPADI@Z 0042b970 f   mpe.obj
 0001:0002aa30       ?ExecuteSingleStep@MPE@@QAEXXZ 0042ba30 f   mpe.obj
 0001:0002aa70       ?ResetMPEFlags@@YAXPAVMPE@@@Z 0042ba70 f   mpe_alloc.obj
 0001:0002aab0       ?MPEAlloc@@YAXPAVMPE@@@Z   0042bab0 f   mpe_alloc.obj
 0001:0002ab20       ?MPEAllocSpecific@@YAXPAVMPE@@@Z 0042bb20 f   mpe_alloc.obj
 0001:0002ab50       ?MPEFree@@YAXPAVMPE@@@Z    0042bb50 f   mpe_alloc.obj
 0001:0002ab90       ?MPEStatus@@YAXPAVMPE@@@Z  0042bb90 f   mpe_alloc.obj
 0001:0002abb0       ?MPEsAvailable@@YAXPAVMPE@@@Z 0042bbb0 f   mpe_alloc.obj
 0001:0002abf0       ?MPERun@@YAXPAVMPE@@@Z     0042bbf0 f   mpe_alloc.obj
 0001:0002ad00       ?MPERunThread@@YAXPAVMPE@@@Z 0042bd00 f   mpe_alloc.obj
[...]
 0003:00005a30       ?structOverlayChannel@@3UVidChannel@@A 00467a30     video.obj
 0003:00005a70       ?counter_end@@3T_LARGE_INTEGER@@A 00467a70     video.obj
 0003:00005a78       ?ChromianceTable@@3PACA    00467a78     video.obj
 0003:00005b78       ?structMainChannel@@3UVidChannel@@A 00467b78     video.obj
 0003:00005bb8       ?LuminanceTable@@3PACA     00467bb8     video.obj
 0003:00005cb8       ?msg@@3PADA                00467cb8     video.obj
 0003:00005eb8       ?counter_start@@3T_LARGE_INTEGER@@A 00467eb8     video.obj
 0003:00005ec0       ?videoTexInfo@@3UvidTexInfo@@A 00467ec0     video.obj
 0003:00005f44       ?structMainDisplayPrev@@3UVidDisplay@@A 00467f44     video.obj
 0003:00005f6c       ?main_fetch_pixel_type@@3IA 00467f6c     video.obj
 0003:00005f70       ?structOverlayChannelPrev@@3UVidChannel@@A 00467f70     video.obj
 0003:00005fb0       ?render_time@@3MA          00467fb0     video.obj
 0003:00005fb4       ?main_write_pixel_type@@3IA 00467fb4     video.obj
 0003:00005fb8       ?structMainChannelPrev@@3UVidChannel@@A 00467fb8     video.obj
 0003:00005ff8       ?structMainDisplay@@3UVidDisplay@@A 00467ff8     video.obj
 0003:00006020       ?vdgCLUT@@3PAIA            00468020     video.obj
 0003:00006420       ?bUseBilinearFiltering@@3_NA 00468420     video.obj
 0003:00006421       ?bMainChannelActive@@3_NA  00468421     video.obj
 0003:00006422       ?bOverlayChannelActive@@3_NA 00468422     video.obj
 0003:00006423       ?bMainTextureCreated@@3_NA 00468423     video.obj
 0003:00006424       ?mainDisplayBuffer@@3PAEA  00468424     video.obj
 0003:00006428       ?mainChannelBuffer@@3PAEA  00468428     video.obj
 0003:0000642c       ?overlayChannelBuffer@@3PAEA 0046842c     video.obj
 0003:00006430       ?bOverlayTextureCreated@@3_NA 00468430     video.obj
 0003:00006431       ?bCanDisplayVideo@@3_NA    00468431     video.obj
 0003:00006432       ?bTexturesInitialized@@3_NA 00468432     video.obj
 0003:00006433       ?bMainChannelMemoryAGP@@3_NA 00468433     video.obj
 0003:00006434       ?channelState@@3IA         00468434     video.obj
 0003:00006438       ?channelStatePrev@@3IA     00468438     video.obj
 0003:0000643c       ?fieldMask@@3IA            0046843c     video.obj
 0003:00006470       ?clearColorR@@3MA          00468470     video.obj
 0003:00006474       ?clearColorG@@3MA          00468474     video.obj
 0003:00006478       ?clearColorB@@3MA          00468478     video.obj
 0003:0000647c       ?bOverlayChannelMemoryAGP@@3_NA 0046847c     video.obj
 0003:000064a0       ___pInvalidArgHandler      004684a0     LIBCMT:invarg.obj
 0003:000064a4       ___fastflag                004684a4     LIBCMT:fpinit.obj
 0003:000064a8       __adjust_fdiv              004684a8     LIBCMT:fpinit.obj
 0003:000064ac       __aenvptr                  004684ac     LIBCMT:wincrt0.obj
 0003:000064b0       __wenvptr                  004684b0     LIBCMT:wincrt0.obj
 0003:000064b4       ___error_mode              004684b4     LIBCMT:wincrt0.obj
 0003:000064b8       _gpFlsAlloc                004684b8     LIBCMT:tidtable.obj
 0003:000064bc       _gpFlsGetValue             004684bc     LIBCMT:tidtable.obj
 0003:000064c0       _gpFlsSetValue             004684c0     LIBCMT:tidtable.obj
 0003:000064c4       _gpFlsFree                 004684c4     LIBCMT:tidtable.obj
 0003:000064c8       __cflush                   004684c8     LIBCMT:_file.obj
 0003:000064cc       ?_pnhHeap@@3P6AHI@ZA       004684cc     LIBCMT:handler.obj
 0003:000064d0       __stdbuf                   004684d0     LIBCMT:_sftbuf.obj
 0003:000064e0       ?__pInconsistency@@3P6AXXZA 004684e0     LIBCMT:hooks.obj
 0003:000066f0       __umaskval                 004686f0     LIBCMT:crt0dat.obj
 0003:000066f4       __osplatform               004686f4     LIBCMT:crt0dat.obj
 0003:000066f8       __osver                    004686f8     LIBCMT:crt0dat.obj
 0003:000066fc       __winver                   004686fc     LIBCMT:crt0dat.obj
 0003:00006700       __winmajor                 00468700     LIBCMT:crt0dat.obj
 0003:00006704       __winminor                 00468704     LIBCMT:crt0dat.obj
 0003:00006708       ___argc                    00468708     LIBCMT:crt0dat.obj
 0003:0000670c       ___argv                    0046870c     LIBCMT:crt0dat.obj
 0003:00006710       ___wargv                   00468710     LIBCMT:crt0dat.obj
 0003:00006714       __environ                  00468714     LIBCMT:crt0dat.obj
 0003:00006718       ___initenv                 00468718     LIBCMT:crt0dat.obj
 0003:0000671c       __wenviron                 0046871c     LIBCMT:crt0dat.obj
 0003:00006720       ___winitenv                00468720     LIBCMT:crt0dat.obj
 0003:00006724       __pgmptr                   00468724     LIBCMT:crt0dat.obj
 0003:00006728       __wpgmptr                  00468728     LIBCMT:crt0dat.obj
 0003:0000672c       __exitflag                 0046872c     LIBCMT:crt0dat.obj
 0003:00006730       __C_Termination_Done       00468730     LIBCMT:crt0dat.obj
 0003:00006734       __C_Exit_Done              00468734     LIBCMT:crt0dat.obj
 0003:00006b5c       __crtheap                  00468b5c     LIBCMT:heapinit.obj
 0003:00006e88       ___mbulinfo                00468e88     LIBCMT:mbctype.obj
 0003:00006e94       ___mbcodepage              00468e94     LIBCMT:mbctype.obj
 0003:00006e98       ___ismbcodepage            00468e98     LIBCMT:mbctype.obj
 0003:00006e9c       ___mblcid                  00468e9c     LIBCMT:mbctype.obj
 0003:00006ea0       ___locale_changed          00468ea0     LIBCMT:setlocal.obj
 0003:00006ea4       ___lc_handle               00468ea4     LIBCMT:nlsdata2.obj
 0003:00006ebc       ___lc_codepage             00468ebc     LIBCMT:nlsdata2.obj
 0003:00006ec0       ___lc_collate_cp           00468ec0     LIBCMT:nlsdata2.obj
 0003:00006ec4       __maxwait                  00468ec4     LIBCMT:crtheap.obj
 0003:00006ecc       ___sbh_pHeaderDefer        00468ecc     LIBCMT:sbheap.obj
 0003:00006ed0       __commode                  00468ed0     LIBCMT:ncommode.obj
 0003:00006ed4       __newmode                  00468ed4     LIBCMT:_newmode.obj
 0003:00006eec       ?pArgList@UnDecorator@@0PAVReplicator@@A 00468eec     LIBCMT:undname.obj
 0003:00006ef0       ?pZNameList@UnDecorator@@0PAVReplicator@@A 00468ef0     LIBCMT:undname.obj
 0003:00006ef4       ?pTemplateArgList@UnDecorator@@0PAVReplicator@@A 00468ef4     LIBCMT:undname.obj
 0003:00006ef8       ?gName@UnDecorator@@0PBDB  00468ef8     LIBCMT:undname.obj
 0003:00006efc       ?name@UnDecorator@@0PBDB   00468efc     LIBCMT:undname.obj
 0003:00006f00       ?outputString@UnDecorator@@0PADA 00468f00     LIBCMT:undname.obj
 0003:00006f04       ?maxStringLength@UnDecorator@@0HA 00468f04     LIBCMT:undname.obj
 0003:00006f08       ?disableFlags@UnDecorator@@0KA 00468f08     LIBCMT:undname.obj
 0003:00006f0c       ?m_pGetParameter@UnDecorator@@0P6APADJ@ZA 00468f0c     LIBCMT:undname.obj
 0003:00006f10       ?fExplicitTemplateParams@UnDecorator@@0_NA 00468f10     LIBCMT:undname.obj
 0003:00006f11       ?fGetTemplateArgumentList@UnDecorator@@0_NA 00468f11     LIBCMT:undname.obj
 0003:00006f14       __outputformat             00468f14     LIBCMT:outputformat.obj
 0003:00006f38       ___pPurecall               00468f38     LIBCMT:inithelp.obj
 0003:00006f58       ___lconv_static_null       00468f58     LIBCMT:lconv.obj
 0003:00006f5c       __fmode                    00468f5c     LIBCMT:txtmode.obj
 0003:00006f68       ___sbh_cntHeaderList       00468f68     <common>
 0003:00006f6c       ___sbh_pHeaderList         00468f6c     <common>
 0003:00006f70       ___sbh_threshold           00468f70     <common>
 0003:00006f74       ___sbh_pHeaderScan         00468f74     <common>
 0003:00006f78       ___sbh_sizeHeaderList      00468f78     <common>
 0003:00006f7c       ___sbh_indGroupDefer       00468f7c     <common>
 0003:00006f80       ___active_heap             00468f80     <common>
 0003:00006f84       ___env_initialized         00468f84     <common>
 0003:00006f88       ___onexitend               00468f88     <common>
 0003:00006f8c       ___onexitbegin             00468f8c     <common>
 0003:00006f90       ___mbctype_initialized     00468f90     <common>
 0003:00006f94       ___dyn_tls_init_callback   00468f94     <common>
 0003:00006f98       __debugger_hook_dummy      00468f98     <common>
 0003:00006f9c       ___piob                    00468f9c     <common>
 0003:00006fa0       __bufin                    00468fa0     <common>
 0003:00007fa0       __nstream                  00469fa0     <common>
 0003:00007fa4       ___use_sse2_mathfcns       00469fa4     <common>
 0003:00007fa8       ___sse2_available          00469fa8     <common>
 0003:00007fac       __nhandle                  00469fac     <common>
 0003:00007fc0       ___pioinfo                 00469fc0     <common>
 0003:000080c0       __acmdln                   0046a0c0     <common>

 entry point at        0001:00047230

 Static symbols

 0001:00026ad3       __catch$?_Copy@?$basic_string@DU?$char_traits@D@std@@V?$allocator@D@2@@std@@IAEXII@Z$0 00427ad3 f i MemoryManager.obj
 0001:00026b65       __catch$?_Copy@?$basic_string@DU?$char_traits@D@std@@V?$allocator@D@2@@std@@IAEXII@Z$1 00427b65 f i MemoryManager.obj
 0001:0002743e       __catch$?_Insert_n@?$vector@VFreeMemoryBlock@@V?$allocator@VFreeMemoryBlock@@@std@@@std@@IAEXV?$_Vector_iterator@VFreeMemoryBlock@@V?$allocator@VFreeMemoryBlock@@@std@@@2@IABVFreeMemoryBlock@@@Z$0 0042843e f i MemoryManager.obj
 0001:0002744a       __catch$?_Insert_n@?$vector@VFreeMemoryBlock@@V?$allocator@VFreeMemoryBlock@@@std@@@std@@IAEXV?$_Vector_iterator@VFreeMemoryBlock@@V?$allocator@VFreeMemoryBlock@@@std@@@2@IABVFreeMemoryBlock@@@Z$2 0042844a f i MemoryManager.obj
 0001:0002769f       __catch$?_Insert_n@?$vector@VAllocatedMemoryBlock@@V?$allocator@VAllocatedMemoryBlock@@@std@@@std@@IAEXV?$_Vector_iterator@VAllocatedMemoryBlock@@V?$allocator@VAllocatedMemoryBlock@@@std@@@2@IABVAllocatedMemoryBlock@@@Z$0 0042869f f i MemoryManager.obj
 0001:000276ab       __catch$?_Insert_n@?$vector@VAllocatedMemoryBlock@@V?$allocator@VAllocatedMemoryBlock@@@std@@@std@@IAEXV?$_Vector_iterator@VAllocatedMemoryBlock@@V?$allocator@VAllocatedMemoryBlock@@@std@@@2@IABVAllocatedMemoryBlock@@@Z$2 004286ab f i MemoryManager.obj
 0001:0004613d       ?CatchGuardHandler@@YA?AW4_EXCEPTION_DISPOSITION@@PAUEHExceptionRecord@@PAUCatchGuardRN@@PAX2@Z 0044713d f   LIBCMT:trnsctrl.obj
 0001:00046242       ?TranslatorGuardHandler@@YA?AW4_EXCEPTION_DISPOSITION@@PAUEHExceptionRecord@@PAUTranslatorGuardRN@@PAX2@Z 00447242 f   LIBCMT:trnsctrl.obj
 0001:000468c3       _vscan_fn                  004478c3 f   LIBCMT:sscanf.obj
 0001:000469ee       _flsall                    004479ee f   LIBCMT:fflush.obj
 0001:00046feb       _fast_error_exit           00447feb f   LIBCMT:wincrt0.obj
 0001:0004700f       _check_managed_app         0044800f f   LIBCMT:wincrt0.obj
 0001:00047050       ___tmainCRTStartup         00448050 f   LIBCMT:wincrt0.obj
 0001:00047525       _write_char                00448525 f   LIBCMT:output.obj
 0001:00047558       _write_multi_char          00448558 f   LIBCMT:output.obj
 0001:0004757c       _write_string              0044857c f   LIBCMT:output.obj
 0001:00047f5a       __use_encode_pointer       00448f5a f   LIBCMT:tidtable.obj
 0001:00048f26       _fastzero_I                00449f26 f   LIBCMT:p4_memset.obj
 0001:00049ad8       __unwind_handler4          0044aad8 f   LIBCMT:exsup4.obj
 0001:00049b9b       __onexit_nolock            0044ab9b f   LIBCMT:onexit.obj
 0001:0004b626       ?ExFilterRethrow@@YAHPAU_EXCEPTION_POINTERS@@@Z 0044c626 f   LIBCMT:frame.obj
 0001:0004b6e4       ?IsInExceptionSpec@@YAEPAUEHExceptionRecord@@PBU_s_ESTypeList@@@Z 0044c6e4 f   LIBCMT:frame.obj
 0001:0004b75d       ?CallUnexpected@@YAXPBU_s_ESTypeList@@@Z 0044c75d f   LIBCMT:frame.obj
 0001:0004b78e       __catch$?CallUnexpected@@YAXPBU_s_ESTypeList@@@Z$0 0044c78e f   LIBCMT:frame.obj
 0001:0004b7a6       ?CallCatchBlock@@YAPAXPAUEHExceptionRecord@@PAUEHRegistrationNode@@PAU_CONTEXT@@PBU_s_FuncInfo@@PAXHK@Z 0044c7a6 f   LIBCMT:frame.obj
 0001:0004bb52       ?CatchIt@@YAXPAUEHExceptionRecord@@PAUEHRegistrationNode@@PAU_CONTEXT@@PAXPBU_s_FuncInfo@@PBU_s_HandlerType@@PBU_s_CatchableType@@PBU_s_TryBlockMapEntry@@H1E@Z 0044cb52 f   LIBCMT:frame.obj
 0001:0004bbbe       ?FindHandlerForForeignException@@YAXPAUEHExceptionRecord@@PAUEHRegistrationNode@@PAU_CONTEXT@@PAXPBU_s_FuncInfo@@HH1@Z 0044cbbe f   LIBCMT:frame.obj
 0001:0004bcb0       ?FindHandler@@YAXPAUEHExceptionRecord@@PAUEHRegistrationNode@@PAU_CONTEXT@@PAXPBU_s_FuncInfo@@EH1@Z 0044ccb0 f   LIBCMT:frame.obj
 0001:0004c34a       __shift                    0044d34a f   LIBCMT:cvt.obj
 0001:0004c383       __cftoe2_l                 0044d383 f   LIBCMT:cvt.obj
 0001:0004c94d       __cftof2_l                 0044d94d f   LIBCMT:cvt.obj
 0001:0004cd47       ___check_float_string      0044dd47 f   LIBCMT:input.obj
 0001:0004cd9b       __inc                      0044dd9b f   LIBCMT:input.obj
 0001:0004cdb1       __whiteout                 0044ddb1 f   LIBCMT:input.obj
 0001:0004dcab       __tzset_nolock             0044ecab f   LIBCMT:tzset.obj
 0001:0004dff4       _cvtdate                   0044eff4 f   LIBCMT:tzset.obj
 0001:0004e1e9       __isindst_nolock           0044f1e9 f   LIBCMT:tzset.obj
 0001:0004e944       __initterm                 0044f944 f   LIBCMT:crt0dat.obj
 0001:0004ea81       _doexit                    0044fa81 f   LIBCMT:crt0dat.obj
 0001:0004f05e       _parse_cmdline             0045005e f   LIBCMT:stdargv.obj
 0001:0004f8b7       ?CPtoLCID@@YAHH@Z          004508b7 f   LIBCMT:mbctype.obj
 0001:0004f8e6       ?setSBCS@@YAXPAUthreadmbcinfostruct@@@Z 004508e6 f   LIBCMT:mbctype.obj
 0001:0004f93b       ?setSBUpLow@@YAXPAUthreadmbcinfostruct@@@Z 0045093b f   LIBCMT:mbctype.obj
 0001:0004fb69       ?getSystemCP@@YAHH@Z       00450b69 f   LIBCMT:mbctype.obj
 0001:000501c6       __updatetlocinfoEx_nolock  004511c6 f   LIBCMT:setlocal.obj
 0001:000505ff       ___crtInitCritSecNoSpinCount@8 004515ff f   LIBCMT:initcrit.obj
 0001:0005081b       _has_osfxsr_set            0045181b f   LIBCMT:cpu_disp.obj
 0001:00051476       __tsopen_nolock            00452476 f   LIBCMT:open.obj
 0001:0005213c       __unwind_handler           0045313c f   LIBCMT:exsup.obj
 0001:000524e2       _fastcopy_I                004534e2 f   LIBCMT:p4_memcpy.obj
 0001:00053194       _siglookup                 00454194 f   LIBCMT:winsig.obj
 0001:0005360d       ?x_ismbbtype_l@@YAHPAUlocaleinfo_struct@@IHH@Z 0045460d f   LIBCMT:ismbbyte.obj
 0001:0005368c       ?__crtLCMapStringA_stat@@YAHPAUlocaleinfo_struct@@KKPBDHPADHHH@Z 0045468c f   LIBCMT:a_map.obj
 0001:00053a71       ?__crtGetStringTypeA_stat@@YAHPAUlocaleinfo_struct@@KPBDHPAGHHH@Z 00454a71 f   LIBCMT:a_str.obj
 0001:00054312       ?strtoxl@@YAKPAUlocaleinfo_struct@@PBDPAPBDHH@Z 00455312 f   LIBCMT:strtol.obj
 0001:0005646e       __hw_cw                    0045746e f   LIBCMT:ieee87.obj
 0001:000564fc       ___hw_cw_sse2              004574fc f   LIBCMT:ieee87.obj
 0001:00056fe6       ?__crtCompareStringA_stat@@YAHPAUlocaleinfo_struct@@KKPBDH1HH@Z 00457fe6 f   LIBCMT:a_cmp.obj
 0001:000574a7       _findenv                   004584a7 f   LIBCMT:setenv.obj
 0001:000574f4       _copy_environ              004584f4 f   LIBCMT:setenv.obj
 0001:00057a40       __ehhandler$?_Copy@?$basic_string@DU?$char_traits@D@std@@V?$allocator@D@2@@std@@IAEXII@Z 00458a40 f   MemoryManager.obj
 0001:00057a50       __unwindfunclet$?_Xlen@?$vector@VFreeMemoryBlock@@V?$allocator@VFreeMemoryBlock@@@std@@@std@@KAXXZ$0 00458a50 f   MemoryManager.obj
 0001:00057a50       __unwindfunclet$?_Xlen@?$vector@VAllocatedMemoryBlock@@V?$allocator@VAllocatedMemoryBlock@@@std@@@std@@KAXXZ$0 00458a50 f   MemoryManager.obj
 0001:00057a58       __ehhandler$?_Xlen@?$vector@VAllocatedMemoryBlock@@V?$allocator@VAllocatedMemoryBlock@@@std@@@std@@KAXXZ 00458a58 f   MemoryManager.obj
 0001:00057a58       __ehhandler$?_Xlen@?$vector@VFreeMemoryBlock@@V?$allocator@VFreeMemoryBlock@@@std@@@std@@KAXXZ 00458a58 f   MemoryManager.obj
 0001:00057a70       __unwindfunclet$??0logic_error@std@@QAE@ABV?$basic_string@DU?$char_traits@D@std@@V?$allocator@D@2@@1@@Z$0 00458a70 f   MemoryManager.obj
 0001:00057a70       __unwindfunclet$??0logic_error@std@@QAE@ABV01@@Z$0 00458a70 f   MemoryManager.obj
 0001:00057a78       __ehhandler$??0logic_error@std@@QAE@ABV01@@Z 00458a78 f   MemoryManager.obj
 0001:00057a78       __ehhandler$??0logic_error@std@@QAE@ABV?$basic_string@DU?$char_traits@D@std@@V?$allocator@D@2@@1@@Z 00458a78 f   MemoryManager.obj
 0001:00057a90       __ehhandler$?_Insert_n@?$vector@VFreeMemoryBlock@@V?$allocator@VFreeMemoryBlock@@@std@@@std@@IAEXV?$_Vector_iterator@VFreeMemoryBlock@@V?$allocator@VFreeMemoryBlock@@@std@@@2@IABVFreeMemoryBlock@@@Z 00458a90 f   MemoryManager.obj
 0001:00057aa0       __ehhandler$?_Insert_n@?$vector@VAllocatedMemoryBlock@@V?$allocator@VAllocatedMemoryBlock@@@std@@@std@@IAEXV?$_Vector_iterator@VAllocatedMemoryBlock@@V?$allocator@VAllocatedMemoryBlock@@@std@@@2@IABVAllocatedMemoryBlock@@@Z 00458aa0 f   MemoryManager.obj
 0001:00057ab0       __unwindfunclet$??0MemoryManager@@QAE@II@Z$0 00458ab0 f   MemoryManager.obj
 0001:00057abb       __ehhandler$??0MemoryManager@@QAE@II@Z 00458abb f   MemoryManager.obj
 0001:00057ad0       __unwindfunclet$??0MPE@@QAE@I@Z$0 00458ad0 f   mpe.obj
 0001:00057adb       __unwindfunclet$??0MPE@@QAE@I@Z$1 00458adb f   mpe.obj
 0001:00057ae6       __unwindfunclet$??0MPE@@QAE@I@Z$2 00458ae6 f   mpe.obj
 0001:00057af1       __unwindfunclet$??0MPE@@QAE@I@Z$3 00458af1 f   mpe.obj
 0001:00057afc       __ehhandler$??0MPE@@QAE@I@Z 00458afc f   mpe.obj
 0001:00057b10       __unwindfunclet$??0NativeCodeCache@@QAE@III@Z$0 00458b10 f   nativecodecache.obj
 0001:00057b1b       __ehhandler$??0NativeCodeCache@@QAE@III@Z 00458b1b f   nativecodecache.obj
 0001:00057b30       __unwindfunclet$??0NuonEnvironment@@QAE@XZ$0 00458b30 f   NuonEnvironment.obj
 0001:00057b3b       __unwindfunclet$??0NuonEnvironment@@QAE@XZ$1 00458b3b f   NuonEnvironment.obj
 0001:00057b46       __unwindfunclet$??0NuonEnvironment@@QAE@XZ$2 00458b46 f   NuonEnvironment.obj
 0001:00057b51       __ehhandler$??0NuonEnvironment@@QAE@XZ 00458b51 f   NuonEnvironment.obj
 0001:00057b60       __unwindfunclet$??1NuonEnvironment@@QAE@XZ$0 00458b60 f   NuonEnvironment.obj
 0001:00057b6b       __ehhandler$??1NuonEnvironment@@QAE@XZ 00458b6b f   NuonEnvironment.obj
 0001:00057b80       __unwindfunclet$??0NuonMemoryManager@@QAE@XZ$0 00458b80 f   NuonMemoryManager.obj
 0001:00057b8b       __unwindfunclet$??0NuonMemoryManager@@QAE@XZ$1 00458b8b f   NuonMemoryManager.obj
 0001:00057b96       __ehhandler$??0NuonMemoryManager@@QAE@XZ 00458b96 f   NuonMemoryManager.obj
 0001:00057ba0       __unwindfunclet$??0SuperBlock@@QAE@PAVMPE@@II@Z$0 00458ba0 f   SuperBlock.obj
 0001:00057bae       __ehhandler$??0SuperBlock@@QAE@PAVMPE@@II@Z 00458bae f   SuperBlock.obj
 0001:00057bc0       __unwindfunclet$?UpdateTextureStates@@YAXXZ$0 00458bc0 f   video.obj
 0001:00057bcb       __ehhandler$?UpdateTextureStates@@YAXXZ 00458bcb f   video.obj
 0001:00057bd5       __unwindfunclet$?_Xlen@_String_base@std@@SAXXZ$0 00458bd5 f   libcpmt:string.obj
 0001:00057bd5       __unwindfunclet$?_Xran@_String_base@std@@SAXXZ$0 00458bd5 f   libcpmt:string.obj
 0001:00057bdd       __ehhandler$?_Xlen@_String_base@std@@SAXXZ 00458bdd f   libcpmt:string.obj
 0001:00057bdd       __ehhandler$?_Xran@_String_base@std@@SAXXZ 00458bdd f   libcpmt:string.obj
 0001:00057bf8       __ehhandler$?CallUnexpected@@YAXPBU_s_ESTypeList@@@Z 00458bf8 f   LIBCMT:frame.obj
 0001:00057c13       ??__Fnomem@?5???2@YAPAXI@Z@YAXXZ 00458c13 f   LIBCMT:new.obj
